Component: Arm Compiler for Embedded 6.19 Tool: armlink [5e73cb00]

==============================================================================

Section Cross References

    startup_stm32f303x8.o(RESET) refers to startup_stm32f303x8.o(STACK) for __initial_sp
    startup_stm32f303x8.o(RESET) refers to startup_stm32f303x8.o(.text) for Reset_Handler
    startup_stm32f303x8.o(RESET) refers to lto-llvm-108fa6.o(.text.NMI_Handler) for NMI_Handler
    startup_stm32f303x8.o(RESET) refers to lto-llvm-108fa6.o(.text.HardFault_Handler) for HardFault_Handler
    startup_stm32f303x8.o(RESET) refers to lto-llvm-108fa6.o(.text.MemManage_Handler) for MemManage_Handler
    startup_stm32f303x8.o(RESET) refers to lto-llvm-108fa6.o(.text.BusFault_Handler) for BusFault_Handler
    startup_stm32f303x8.o(RESET) refers to lto-llvm-108fa6.o(.text.UsageFault_Handler) for UsageFault_Handler
    startup_stm32f303x8.o(RESET) refers to lto-llvm-108fa6.o(.text.SVC_Handler) for SVC_Handler
    startup_stm32f303x8.o(RESET) refers to lto-llvm-108fa6.o(.text.DebugMon_Handler) for DebugMon_Handler
    startup_stm32f303x8.o(RESET) refers to lto-llvm-108fa6.o(.text.PendSV_Handler) for PendSV_Handler
    startup_stm32f303x8.o(RESET) refers to lto-llvm-108fa6.o(.text.SysTick_Handler) for SysTick_Handler
    startup_stm32f303x8.o(RESET) refers to lto-llvm-108fa6.o(.text.TIM2_IRQHandler) for TIM2_IRQHandler
    startup_stm32f303x8.o(.text) refers to lto-llvm-108fa6.o(.text.SystemInit) for SystemInit
    startup_stm32f303x8.o(.text) refers to entry.o(.ARM.Collect$$$$00000000) for __main
    ai_platform.o(i.ai_buffer_array_get_byte_size) refers to ai_platform.o(i.ai_buffer_array_sane) for ai_buffer_array_sane
    ai_platform.o(i.ai_buffer_array_get_byte_size) refers to ai_platform.o(i.ai_buffer_get_size) for ai_buffer_get_size
    ai_platform.o(i.ai_buffer_array_get_byte_size) refers to ai_platform.o(i.ai_buffer_get_byte_size) for ai_buffer_get_byte_size
    ai_platform.o(i.ai_buffer_array_is_empty) refers to ai_platform.o(i.ai_buffer_array_sane) for ai_buffer_array_sane
    ai_platform.o(i.ai_buffer_array_is_valid) refers to ai_platform.o(i.ai_buffer_array_is_empty) for ai_buffer_array_is_empty
    ai_platform.o(i.ai_buffer_array_is_valid) refers to ai_platform.o(i.ai_buffer_array_sane) for ai_buffer_array_sane
    ai_platform.o(i.ai_buffer_array_is_valid) refers to ai_platform.o(i.ai_buffer_get_size) for ai_buffer_get_size
    ai_platform.o(i.ai_buffer_array_item_set_address) refers to ai_platform.o(i.ai_buffer_array_sane) for ai_buffer_array_sane
    ai_platform_interface.o(i.CRC_Lock) refers to ai_platform_interface.o(i._ai_platform_acquire_crc) for _ai_platform_acquire_crc
    ai_platform_interface.o(i.CRC_Lock) refers to ai_platform_interface.o(i._ai_platform_release_crc) for _ai_platform_release_crc
    ai_platform_interface.o(i._ai_platform_get_io_buffers_info) refers to memseta.o(.text) for __aeabi_memclr4
    ai_platform_interface.o(i._ai_platform_get_io_buffers_info) refers to ai_datatypes_format.o(i.ai_array_to_buffer_fmt) for ai_array_to_buffer_fmt
    ai_platform_interface.o(i._ai_platform_get_io_buffers_info) refers to memcpya.o(.text) for __aeabi_memcpy4
    ai_platform_interface.o(i._ai_platform_get_io_buffers_info) refers to ai_platform_interface.o(.constdata) for .constdata
    ai_platform_interface.o(i._platform_ai_buffer_array_copy) refers to memcpya.o(.text) for __aeabi_memcpy4
    ai_platform_interface.o(i._platform_get_table_map_from_buffer_array) refers to ai_platform.o(i.ai_buffer_array_sane) for ai_buffer_array_sane
    ai_platform_interface.o(i._platform_network_io_bind) refers to ai_platform.o(i.ai_buffer_get_size) for ai_buffer_get_size
    ai_platform_interface.o(i._platform_network_io_bind) refers to ai_datatypes_format.o(i.ai_array_get_data_byte_size) for ai_array_get_data_byte_size
    ai_platform_interface.o(i._platform_network_io_bind) refers to ai_datatypes_internal.o(i.get_tensor_byte_size) for get_tensor_byte_size
    ai_platform_interface.o(i._platform_network_io_bind) refers to ai_datatypes_format.o(i.ai_array_to_buffer_fmt) for ai_array_to_buffer_fmt
    ai_platform_interface.o(i._platform_network_io_bind) refers to ai_platform_interface.o(i._platform_network_state_setup) for _platform_network_state_setup
    ai_platform_interface.o(i._platform_network_io_bind) refers to ai_platform_interface.o(i.ai_platform_network_set_error) for ai_platform_network_set_error
    ai_platform_interface.o(i._platform_network_state_setup) refers to ai_datatypes_internal.o(i.get_tensor_byte_size) for get_tensor_byte_size
    ai_platform_interface.o(i._platform_network_state_update_input) refers to st_int8_fill.o(i.st_int8_copy) for st_int8_copy
    ai_platform_interface.o(i._platform_network_state_update_output) refers to st_int8_fill.o(i.st_int8_copy) for st_int8_copy
[...]
    nl_7_nl_output0                          0x1000056c   Data          28  lto-llvm-108fa6.o(.data.nl_7_nl_output0)
    [Anonymous Symbol]                       0x1000056c   Section        0  lto-llvm-108fa6.o(.data.nl_7_nl_output0)
    nl_9_nl_output                           0x10000588   Data          28  lto-llvm-108fa6.o(.data.nl_9_nl_output)
    [Anonymous Symbol]                       0x10000588   Section        0  lto-llvm-108fa6.o(.data.nl_9_nl_output)
    serving_default_input_10_output          0x100005a4   Data          28  lto-llvm-108fa6.o(.data.serving_default_input_10_output)
    [Anonymous Symbol]                       0x100005a4   Section        0  lto-llvm-108fa6.o(.data.serving_default_input_10_output)
    .L_MergedGlobals.74                      0x100005c0   Data          76  lto-llvm-108fa6.o(.bss..L_MergedGlobals.74)
    g_network_weights_map                    0x100005c0   Data           4  lto-llvm-108fa6.o(.bss..L_MergedGlobals.74)
    [Anonymous Symbol]                       0x100005c0   Section        0  lto-llvm-108fa6.o(.bss..L_MergedGlobals.74)
    g_network_activations_map                0x100005c4   Data           4  lto-llvm-108fa6.o(.bss..L_MergedGlobals.74)
    network                                  0x100005c8   Data           4  lto-llvm-108fa6.o(.bss..L_MergedGlobals.74)
    ai_input                                 0x100005cc   Data           4  lto-llvm-108fa6.o(.bss..L_MergedGlobals.74)
    ai_output                                0x100005d0   Data           4  lto-llvm-108fa6.o(.bss..L_MergedGlobals.74)
    uwTick                                   0x100005d4   Data           4  lto-llvm-108fa6.o(.bss..L_MergedGlobals.74)
    result                                   0x100005d8   Data           8  lto-llvm-108fa6.o(.bss..L_MergedGlobals.74)
    MX_X_CUBE_AI_Process.out_data            0x100005e0   Data           8  lto-llvm-108fa6.o(.bss..L_MergedGlobals.74)
    hcrc                                     0x100005e8   Data          36  lto-llvm-108fa6.o(.bss..L_MergedGlobals.74)
    .compoundliteral.10                      0x1000060c   Data          28  lto-llvm-108fa6.o(.bss..compoundliteral.10)
    [Anonymous Symbol]                       0x1000060c   Section        0  lto-llvm-108fa6.o(.bss..compoundliteral.10)
    .compoundliteral.104                     0x10000628   Data           4  lto-llvm-108fa6.o(.bss..compoundliteral.104)
    [Anonymous Symbol]                       0x10000628   Section        0  lto-llvm-108fa6.o(.bss..compoundliteral.104)
    .compoundliteral.11                      0x1000062c   Data           8  lto-llvm-108fa6.o(.bss..compoundliteral.11)
    [Anonymous Symbol]                       0x1000062c   Section        0  lto-llvm-108fa6.o(.bss..compoundliteral.11)
    .compoundliteral.118                     0x10000634   Data           4  lto-llvm-108fa6.o(.bss..compoundliteral.118)
    [Anonymous Symbol]                       0x10000634   Section        0  lto-llvm-108fa6.o(.bss..compoundliteral.118)
    .compoundliteral.16                      0x10000638   Data           8  lto-llvm-108fa6.o(.bss..compoundliteral.16)
    [Anonymous Symbol]                       0x10000638   Section        0  lto-llvm-108fa6.o(.bss..compoundliteral.16)
    .compoundliteral.26                      0x10000640   Data          16  lto-llvm-108fa6.o(.bss..compoundliteral.26)
    [Anonymous Symbol]                       0x10000640   Section        0  lto-llvm-108fa6.o(.bss..compoundliteral.26)
    .compoundliteral.30                      0x10000650   Data          16  lto-llvm-108fa6.o(.bss..compoundliteral.30)
    [Anonymous Symbol]                       0x10000650   Section        0  lto-llvm-108fa6.o(.bss..compoundliteral.30)
    .compoundliteral.48                      0x10000660   Data           4  lto-llvm-108fa6.o(.bss..compoundliteral.48)
    [Anonymous Symbol]                       0x10000660   Section        0  lto-llvm-108fa6.o(.bss..compoundliteral.48)
    .compoundliteral.57                      0x10000664   Data           4  lto-llvm-108fa6.o(.bss..compoundliteral.57)
    [Anonymous Symbol]                       0x10000664   Section        0  lto-llvm-108fa6.o(.bss..compoundliteral.57)
    .compoundliteral.71                      0x10000668   Data           4  lto-llvm-108fa6.o(.bss..compoundliteral.71)
    [Anonymous Symbol]                       0x10000668   Section        0  lto-llvm-108fa6.o(.bss..compoundliteral.71)
    .compoundliteral.9                       0x1000066c   Data          16  lto-llvm-108fa6.o(.bss..compoundliteral.9)
    [Anonymous Symbol]                       0x1000066c   Section        0  lto-llvm-108fa6.o(.bss..compoundliteral.9)
    .compoundliteral.95                      0x1000067c   Data           4  lto-llvm-108fa6.o(.bss..compoundliteral.95)
    [Anonymous Symbol]                       0x1000067c   Section        0  lto-llvm-108fa6.o(.bss..compoundliteral.95)
    huart2                                   0x10000680   Data         136  lto-llvm-108fa6.o(.bss.huart2)
    [Anonymous Symbol]                       0x10000680   Section        0  lto-llvm-108fa6.o(.bss.huart2)
    STACK                                    0x10000708   Section     2048  startup_stm32f303x8.o(STACK)
    _rand_state                              0x20000000   Data           4  rand.o(.data)
    .data                                    0x20000000   Section        4  rand.o(.data)
    .data                                    0x20000004   Section        4  stdin.o(.data)
    .data                                    0x20000008   Section        4  mvars.o(.data)
    .L_MergedGlobals.73                      0x2000000c   Data          96  lto-llvm-108fa6.o(.data..L_MergedGlobals.73)
    nl_1_nl_output_array                     0x2000000c   Data          16  lto-llvm-108fa6.o(.data..L_MergedGlobals.73)
    [Anonymous Symbol]                       0x2000000c   Section        0  lto-llvm-108fa6.o(.data..L_MergedGlobals.73)
    conv2d_4_weights_array                   0x2000001c   Data          16  lto-llvm-108fa6.o(.data..L_MergedGlobals.73)
    conv2d_4_bias_array                      0x2000002c   Data          16  lto-llvm-108fa6.o(.data..L_MergedGlobals.73)
    conv2d_1_output_array                    0x2000003c   Data          16  lto-llvm-108fa6.o(.data..L_MergedGlobals.73)
    conv2d_1_weights_array                   0x2000004c   Data          16  lto-llvm-108fa6.o(.data..L_MergedGlobals.73)
    conv2d_1_bias_array                      0x2000005c   Data          16  lto-llvm-108fa6.o(.data..L_MergedGlobals.73)
    .compoundliteral                         0x2000006c   Data          16  lto-llvm-108fa6.o(.data..compoundliteral)
    [Anonymous Symbol]                       0x2000006c   Section        0  lto-llvm-108fa6.o(.data..compoundliteral)
    .compoundliteral.1                       0x2000007c   Data          16  lto-llvm-108fa6.o(.data..compoundliteral.1)
    [Anonymous Symbol]                       0x2000007c   Section        0  lto-llvm-108fa6.o(.data..compoundliteral.1)
    .compoundliteral.102                     0x2000008c   Data           4  lto-llvm-108fa6.o(.data..compoundliteral.102)
    [Anonymous Symbol]                       0x2000008c   Section        0  lto-llvm-108fa6.o(.data..compoundliteral.102)
    .compoundliteral.105                     0x20000090   Data          48  lto-llvm-108fa6.o(.data..compoundliteral.105)
    [Anonymous Symbol]                       0x20000090   Section        0  lto-llvm-108fa6.o(.data..compoundliteral.105)
    .compoundliteral.106                     0x200000c0   Data          16  lto-llvm-108fa6.o(.data..compoundliteral.106)
    [Anonymous Symbol]                       0x200000c0   Section        0  lto-llvm-108fa6.o(.data..compoundliteral.106)
    .compoundliteral.109                     0x200000d0   Data          16  lto-llvm-108fa6.o(.data..compoundliteral.109)
    [Anonymous Symbol]                       0x200000d0   Section        0  lto-llvm-108fa6.o(.data..compoundliteral.109)
    .compoundliteral.112                     0x200000e0   Data          16  lto-llvm-108fa6.o(.data..compoundliteral.112)
    [Anonymous Symbol]                       0x200000e0   Section        0  lto-llvm-108fa6.o(.data..compoundliteral.112)
    .compoundliteral.115                     0x200000f0   Data           4  lto-llvm-108fa6.o(.data..compoundliteral.115)
    [Anonymous Symbol]                       0x200000f0   Section        0  lto-llvm-108fa6.o(.data..compoundliteral.115)
    .compoundliteral.12                      0x200000f4   Data          12  lto-llvm-108fa6.o(.data..compoundliteral.12)
    [Anonymous Symbol]                       0x200000f4   Section        0  lto-llvm-108fa6.o(.data..compoundliteral.12)
    .compoundliteral.120                     0x20000100   Data          16  lto-llvm-108fa6.o(.data..compoundliteral.120)
    [Anonymous Symbol]                       0x20000100   Section        0  lto-llvm-108fa6.o(.data..compoundliteral.120)
    .compoundliteral.123                     0x20000110   Data           4  lto-llvm-108fa6.o(.data..compoundliteral.123)
    [Anonymous Symbol]                       0x20000110   Section        0  lto-llvm-108fa6.o(.data..compoundliteral.123)
    .compoundliteral.125                     0x20000114   Data          12  lto-llvm-108fa6.o(.data..compoundliteral.125)
    [Anonymous Symbol]                       0x20000114   Section        0  lto-llvm-108fa6.o(.data..compoundliteral.125)
    .compoundliteral.127                     0x20000120   Data          48  lto-llvm-108fa6.o(.data..compoundliteral.127)
    [Anonymous Symbol]                       0x20000120   Section        0  lto-llvm-108fa6.o(.data..compoundliteral.127)
    .compoundliteral.128                     0x20000150   Data          16  lto-llvm-108fa6.o(.data..compoundliteral.128)
    [Anonymous Symbol]                       0x20000150   Section        0  lto-llvm-108fa6.o(.data..compoundliteral.128)
    .compoundliteral.131                     0x20000160   Data          16  lto-llvm-108fa6.o(.data..compoundliteral.131)
    [Anonymous Symbol]                       0x20000160   Section        0  lto-llvm-108fa6.o(.data..compoundliteral.131)
    .compoundliteral.134                     0x20000170   Data          16  lto-llvm-108fa6.o(.data..compoundliteral.134)
    [Anonymous Symbol]                       0x20000170   Section        0  lto-llvm-108fa6.o(.data..compoundliteral.134)
    .compoundliteral.21                      0x20000180   Data          16  lto-llvm-108fa6.o(.data..compoundliteral.21)
    [Anonymous Symbol]                       0x20000180   Section        0  lto-llvm-108fa6.o(.data..compoundliteral.21)
    .compoundliteral.24                      0x20000190   Data          16  lto-llvm-108fa6.o(.data..compoundliteral.24)
    [Anonymous Symbol]                       0x20000190   Section        0  lto-llvm-108fa6.o(.data..compoundliteral.24)
    .compoundliteral.32                      0x200001a0   Data           4  lto-llvm-108fa6.o(.data..compoundliteral.32)
    [Anonymous Symbol]                       0x200001a0   Section        0  lto-llvm-108fa6.o(.data..compoundliteral.32)
    .compoundliteral.34                      0x200001a4   Data           8  lto-llvm-108fa6.o(.data..compoundliteral.34)
    [Anonymous Symbol]                       0x200001a4   Section        0  lto-llvm-108fa6.o(.data..compoundliteral.34)
    .compoundliteral.37                      0x200001ac   Data          16  lto-llvm-108fa6.o(.data..compoundliteral.37)
    [Anonymous Symbol]                       0x200001ac   Section        0  lto-llvm-108fa6.o(.data..compoundliteral.37)
    .compoundliteral.40                      0x200001bc   Data          16  lto-llvm-108fa6.o(.data..compoundliteral.40)
    [Anonymous Symbol]                       0x200001bc   Section        0  lto-llvm-108fa6.o(.data..compoundliteral.40)
    .compoundliteral.43                      0x200001cc   Data          16  lto-llvm-108fa6.o(.data..compoundliteral.43)
    [Anonymous Symbol]                       0x200001cc   Section        0  lto-llvm-108fa6.o(.data..compoundliteral.43)
    .compoundliteral.47                      0x200001dc   Data           4  lto-llvm-108fa6.o(.data..compoundliteral.47)
    [Anonymous Symbol]                       0x200001dc   Section        0  lto-llvm-108fa6.o(.data..compoundliteral.47)
    .compoundliteral.51                      0x200001e0   Data          16  lto-llvm-108fa6.o(.data..compoundliteral.51)
    [Anonymous Symbol]                       0x200001e0   Section        0  lto-llvm-108fa6.o(.data..compoundliteral.51)
    .compoundliteral.55                      0x200001f0   Data           4  lto-llvm-108fa6.o(.data..compoundliteral.55)
    [Anonymous Symbol]                       0x200001f0   Section        0  lto-llvm-108fa6.o(.data..compoundliteral.55)
    .compoundliteral.58                      0x200001f4   Data          48  lto-llvm-108fa6.o(.data..compoundliteral.58)
    [Anonymous Symbol]                       0x200001f4   Section        0  lto-llvm-108fa6.o(.data..compoundliteral.58)
    .compoundliteral.59                      0x20000224   Data          16  lto-llvm-108fa6.o(.data..compoundliteral.59)
    [Anonymous Symbol]                       0x20000224   Section        0  lto-llvm-108fa6.o(.data..compoundliteral.59)
    .compoundliteral.6                       0x20000234   Data          16  lto-llvm-108fa6.o(.data..compoundliteral.6)
    [Anonymous Symbol]                       0x20000234   Section        0  lto-llvm-108fa6.o(.data..compoundliteral.6)
    .compoundliteral.62                      0x20000244   Data          16  lto-llvm-108fa6.o(.data..compoundliteral.62)
    [Anonymous Symbol]                       0x20000244   Section        0  lto-llvm-108fa6.o(.data..compoundliteral.62)
    .compoundliteral.65                      0x20000254   Data          16  lto-llvm-108fa6.o(.data..compoundliteral.65)
    [Anonymous Symbol]                       0x20000254   Section        0  lto-llvm-108fa6.o(.data..compoundliteral.65)
    .compoundliteral.68                      0x20000264   Data           4  lto-llvm-108fa6.o(.data..compoundliteral.68)
    [Anonymous Symbol]                       0x20000264   Section        0  lto-llvm-108fa6.o(.data..compoundliteral.68)
    .compoundliteral.7                       0x20000268   Data          28  lto-llvm-108fa6.o(.data..compoundliteral.7)
    [Anonymous Symbol]                       0x20000268   Section        0  lto-llvm-108fa6.o(.data..compoundliteral.7)
    .compoundliteral.73                      0x20000284   Data          16  lto-llvm-108fa6.o(.data..compoundliteral.73)
    [Anonymous Symbol]                       0x20000284   Section        0  lto-llvm-108fa6.o(.data..compoundliteral.73)
    .compoundliteral.76                      0x20000294   Data          16  lto-llvm-108fa6.o(.data..compoundliteral.76)
    [Anonymous Symbol]                       0x20000294   Section        0  lto-llvm-108fa6.o(.data..compoundliteral.76)
    .compoundliteral.79                      0x200002a4   Data           4  lto-llvm-108fa6.o(.data..compoundliteral.79)
    [Anonymous Symbol]                       0x200002a4   Section        0  lto-llvm-108fa6.o(.data..compoundliteral.79)
    .compoundliteral.8                       0x200002a8   Data           4  lto-llvm-108fa6.o(.data..compoundliteral.8)
    [Anonymous Symbol]                       0x200002a8   Section        0  lto-llvm-108fa6.o(.data..compoundliteral.8)
    .compoundliteral.81                      0x200002ac   Data          12  lto-llvm-108fa6.o(.data..compoundliteral.81)
    [Anonymous Symbol]                       0x200002ac   Section        0  lto-llvm-108fa6.o(.data..compoundliteral.81)
    .compoundliteral.83                      0x200002b8   Data          48  lto-llvm-108fa6.o(.data..compoundliteral.83)
    [Anonymous Symbol]                       0x200002b8   Section        0  lto-llvm-108fa6.o(.data..compoundliteral.83)
    .compoundliteral.84                      0x200002e8   Data          16  lto-llvm-108fa6.o(.data..compoundliteral.84)
    [Anonymous Symbol]                       0x200002e8   Section        0  lto-llvm-108fa6.o(.data..compoundliteral.84)
    .compoundliteral.87                      0x200002f8   Data          16  lto-llvm-108fa6.o(.data..compoundliteral.87)
    [Anonymous Symbol]                       0x200002f8   Section        0  lto-llvm-108fa6.o(.data..compoundliteral.87)
    .compoundliteral.90                      0x20000308   Data          16  lto-llvm-108fa6.o(.data..compoundliteral.90)
    [Anonymous Symbol]                       0x20000308   Section        0  lto-llvm-108fa6.o(.data..compoundliteral.90)
    .compoundliteral.94                      0x20000318   Data           4  lto-llvm-108fa6.o(.data..compoundliteral.94)
    [Anonymous Symbol]                       0x20000318   Section        0  lto-llvm-108fa6.o(.data..compoundliteral.94)
    .compoundliteral.98                      0x2000031c   Data          16  lto-llvm-108fa6.o(.data..compoundliteral.98)
    [Anonymous Symbol]                       0x2000031c   Section        0  lto-llvm-108fa6.o(.data..compoundliteral.98)
    conv2d_1_bias                            0x2000032c   Data          28  lto-llvm-108fa6.o(.data.conv2d_1_bias)
    [Anonymous Symbol]                       0x2000032c   Section        0  lto-llvm-108fa6.o(.data.conv2d_1_bias)
    conv2d_1_layer                           0x20000348   Data          68  lto-llvm-108fa6.o(.data.conv2d_1_layer)
    [Anonymous Symbol]                       0x20000348   Section        0  lto-llvm-108fa6.o(.data.conv2d_1_layer)
    conv2d_4_bias                            0x2000038c   Data          28  lto-llvm-108fa6.o(.data.conv2d_4_bias)
    [Anonymous Symbol]                       0x2000038c   Section        0  lto-llvm-108fa6.o(.data.conv2d_4_bias)
    conv2d_7_bias                            0x200003a8   Data          28  lto-llvm-108fa6.o(.data.conv2d_7_bias)
    [Anonymous Symbol]                       0x200003a8   Section        0  lto-llvm-108fa6.o(.data.conv2d_7_bias)
    conv2d_7_layer                           0x200003c4   Data          68  lto-llvm-108fa6.o(.data.conv2d_7_layer)
    [Anonymous Symbol]                       0x200003c4   Section        0  lto-llvm-108fa6.o(.data.conv2d_7_layer)
    conv2d_7_output                          0x20000408   Data          28  lto-llvm-108fa6.o(.data.conv2d_7_output)
    [Anonymous Symbol]                       0x20000408   Section        0  lto-llvm-108fa6.o(.data.conv2d_7_output)
    g_network                                0x20000424   Data          76  lto-llvm-108fa6.o(.data.g_network)
    [Anonymous Symbol]                       0x20000424   Section        0  lto-llvm-108fa6.o(.data.g_network)
    g_network_data_map_weights               0x20000470   Data          28  lto-llvm-108fa6.o(.data.g_network_data_map_weights)
    [Anonymous Symbol]                       0x20000470   Section        0  lto-llvm-108fa6.o(.data.g_network_data_map_weights)
    gemm_10_layer                            0x2000048c   Data          28  lto-llvm-108fa6.o(.data.gemm_10_layer)
    [Anonymous Symbol]                       0x2000048c   Section        0  lto-llvm-108fa6.o(.data.gemm_10_layer)
    gemm_10_output                           0x200004a8   Data          28  lto-llvm-108fa6.o(.data.gemm_10_output)
    [Anonymous Symbol]                       0x200004a8   Section        0  lto-llvm-108fa6.o(.data.gemm_10_output)
    gemm_10_weights                          0x200004c4   Data          28  lto-llvm-108fa6.o(.data.gemm_10_weights)
    [Anonymous Symbol]                       0x200004c4   Section        0  lto-llvm-108fa6.o(.data.gemm_10_weights)
    gemm_9_output                            0x200004e0   Data          28  lto-llvm-108fa6.o(.data.gemm_9_output)
    [Anonymous Symbol]                       0x200004e0   Section        0  lto-llvm-108fa6.o(.data.gemm_9_output)
    gemm_9_weights                           0x200004fc   Data          28  lto-llvm-108fa6.o(.data.gemm_9_weights)
    [Anonymous Symbol]                       0x200004fc   Section        0  lto-llvm-108fa6.o(.data.gemm_9_weights)
    nl_1_nl_output                           0x20000518   Data          28  lto-llvm-108fa6.o(.data.nl_1_nl_output)
    [Anonymous Symbol]                       0x20000518   Section        0  lto-llvm-108fa6.o(.data.nl_1_nl_output)
    nl_4_nl_layer                            0x20000534   Data          32  lto-llvm-108fa6.o(.data.nl_4_nl_layer)
    [Anonymous Symbol]                       0x20000534   Section        0  lto-llvm-108fa6.o(.data.nl_4_nl_layer)
    nl_4_nl_output                           0x20000554   Data          28  lto-llvm-108fa6.o(.data.nl_4_nl_output)
    [Anonymous Symbol]                       0x20000554   Section        0  lto-llvm-108fa6.o(.data.nl_4_nl_output)
    nl_9_nl_layer                            0x20000570   Data          32  lto-llvm-108fa6.o(.data.nl_9_nl_layer)
    [Anonymous Symbol]                       0x20000570   Section        0  lto-llvm-108fa6.o(.data.nl_9_nl_layer)
    serving_default_input_10_output0         0x20000590   Data          28  lto-llvm-108fa6.o(.data.serving_default_input_10_output0)
    [Anonymous Symbol]                       0x20000590   Section        0  lto-llvm-108fa6.o(.data.serving_default_input_10_output0)
    .compoundliteral.117                     0x200005c0   Data           4  lto-llvm-108fa6.o(.bss..compoundliteral.117)
    [Anonymous Symbol]                       0x200005c0   Section        0  lto-llvm-108fa6.o(.bss..compoundliteral.117)
    .compoundliteral.126                     0x200005c4   Data           4  lto-llvm-108fa6.o(.bss..compoundliteral.126)
    [Anonymous Symbol]                       0x200005c4   Section        0  lto-llvm-108fa6.o(.bss..compoundliteral.126)
    .compoundliteral.14                      0x200005c8   Data          16  lto-llvm-108fa6.o(.bss..compoundliteral.14)
    [Anonymous Symbol]                       0x200005c8   Section        0  lto-llvm-108fa6.o(.bss..compoundliteral.14)
    .compoundliteral.15                      0x200005d8   Data          28  lto-llvm-108fa6.o(.bss..compoundliteral.15)
    [Anonymous Symbol]                       0x200005d8   Section        0  lto-llvm-108fa6.o(.bss..compoundliteral.15)
    .compoundliteral.28                      0x200005f4   Data          16  lto-llvm-108fa6.o(.bss..compoundliteral.28)
    [Anonymous Symbol]                       0x200005f4   Section        0  lto-llvm-108fa6.o(.bss..compoundliteral.28)
    .compoundliteral.35                      0x20000604   Data           4  lto-llvm-108fa6.o(.bss..compoundliteral.35)
    [Anonymous Symbol]                       0x20000604   Section        0  lto-llvm-108fa6.o(.bss..compoundliteral.35)
    .compoundliteral.49                      0x20000608   Data           4  lto-llvm-108fa6.o(.bss..compoundliteral.49)
    [Anonymous Symbol]                       0x20000608   Section        0  lto-llvm-108fa6.o(.bss..compoundliteral.49)
    .compoundliteral.70                      0x2000060c   Data           4  lto-llvm-108fa6.o(.bss..compoundliteral.70)
    [Anonymous Symbol]                       0x2000060c   Section        0  lto-llvm-108fa6.o(.bss..compoundliteral.70)
    .compoundliteral.82                      0x20000610   Data           4  lto-llvm-108fa6.o(.bss..compoundliteral.82)
    [Anonymous Symbol]                       0x20000610   Section        0  lto-llvm-108fa6.o(.bss..compoundliteral.82)
    .compoundliteral.96                      0x20000614   Data           4  lto-llvm-108fa6.o(.bss..compoundliteral.96)
    [Anonymous Symbol]                       0x20000614   Section        0  lto-llvm-108fa6.o(.bss..compoundliteral.96)
    MX_X_CUBE_AI_Process.in_data             0x20000618   Data        2500  lto-llvm-108fa6.o(.bss.MX_X_CUBE_AI_Process.in_data)
    [Anonymous Symbol]                       0x20000618   Section        0  lto-llvm-108fa6.o(.bss.MX_X_CUBE_AI_Process.in_data)
    activations                              0x20000fe0   Data        4988  lto-llvm-108fa6.o(.bss.activations)
    [Anonymous Symbol]                       0x20000fe0   Section        0  lto-llvm-108fa6.o(.bss.activations)
    input                                    0x2000235c   Data        2500  lto-llvm-108fa6.o(.bss.input)
    [Anonymous Symbol]                       0x2000235c   Section        0  lto-llvm-108fa6.o(.bss.input)
    HEAP                                     0x20002d20   Section      512  startup_stm32f303x8.o(HEAP)

    Global Symbols

    Symbol Name                              Value     Ov Type        Size  Object(Section)

    BuildAttributes$$THM_ISAv4$E$P$D$K$B$S$7EM$VFPi3$EXTD16$VFPS$VFMA$PE$A:L22UL41UL21$X:L11$S22US41US21$IEEE1$IW$~IW$USESV6$~STKCKD$USESV7$~SHL$OTIME$ROPI$IEEEX$EBA8$MICROLIB$REQ8$PRES8$EABIv2 0x00000000   Number         0  anon$$obj.o ABSOLUTE
    _printf_a                                0x00000000   Number         0  printfstubs.o ABSOLUTE
    _printf_c                                0x00000000   Number         0  printfstubs.o ABSOLUTE
    _printf_charcount                        0x00000000   Number         0  printfstubs.o ABSOLUTE
    _printf_d                                0x00000000   Number         0  printfstubs.o ABSOLUTE
    _printf_e                                0x00000000   Number         0  printfstubs.o ABSOLUTE
    _printf_f                                0x00000000   Number         0  printfstubs.o ABSOLUTE
    _printf_flags                            0x00000000   Number         0  printfstubs.o ABSOLUTE
    _printf_fp_dec                           0x00000000   Number         0  printfstubs.o ABSOLUTE
    _printf_fp_hex                           0x00000000   Number         0  printfstubs.o ABSOLUTE
    _printf_g                                0x00000000   Number         0  printfstubs.o ABSOLUTE
    _printf_i                                0x00000000   Number         0  printfstubs.o ABSOLUTE
    _printf_int_dec                          0x00000000   Number         0  printfstubs.o ABSOLUTE
    _printf_l                                0x00000000   Number         0  printfstubs.o ABSOLUTE
    _printf_lc                               0x00000000   Number         0  printfstubs.o ABSOLUTE
    _printf_ll                               0x00000000   Number         0  printfstubs.o ABSOLUTE
    _printf_lld                              0x00000000   Number         0  printfstubs.o ABSOLUTE
    _printf_lli                              0x00000000   Number         0  printfstubs.o ABSOLUTE
    _printf_llo                              0x00000000   Number         0  printfstubs.o ABSOLUTE
    _printf_llu                              0x00000000   Number         0  printfstubs.o ABSOLUTE
    _printf_llx                              0x00000000   Number         0  printfstubs.o ABSOLUTE
    _printf_longlong_dec                     0x00000000   Number         0  printfstubs.o ABSOLUTE
    _printf_longlong_hex                     0x00000000   Number         0  printfstubs.o ABSOLUTE
    _printf_longlong_oct                     0x00000000   Number         0  printfstubs.o ABSOLUTE
    _printf_ls                               0x00000000   Number         0  printfstubs.o ABSOLUTE
    _printf_mbtowc                           0x00000000   Number         0  printfstubs.o ABSOLUTE
    _printf_n                                0x00000000   Number         0  printfstubs.o ABSOLUTE
    _printf_o                                0x00000000   Number         0  printfstubs.o ABSOLUTE
    _printf_p                                0x00000000   Number         0  printfstubs.o ABSOLUTE
    _printf_percent                          0x00000000   Number         0  printfstubs.o ABSOLUTE
    _printf_pre_padding                      0x00000000   Number         0  printfstubs.o ABSOLUTE
    _printf_return_value                     0x00000000   Number         0  printfstubs.o ABSOLUTE
    _printf_s                                0x00000000   Number         0  printfstubs.o ABSOLUTE
    _printf_sizespec                         0x00000000   Number         0  printfstubs.o ABSOLUTE
    _printf_str                              0x00000000   Number         0  printfstubs.o ABSOLUTE
    _printf_truncate_signed                  0x00000000   Number         0  printfstubs.o ABSOLUTE
    _printf_truncate_unsigned                0x00000000   Number         0  printfstubs.o ABSOLUTE
    _printf_u                                0x00000000   Number         0  printfstubs.o ABSOLUTE
    _printf_wc                               0x00000000   Number         0  printfstubs.o ABSOLUTE
    _printf_wctomb                           0x00000000   Number         0  printfstubs.o ABSOLUTE
    _printf_widthprec                        0x00000000   Number         0  printfstubs.o ABSOLUTE
    _printf_x                                0x00000000   Number         0  printfstubs.o ABSOLUTE
    __cpp_initialize__aeabi_                  - Undefined Weak Reference
    __cxa_finalize                            - Undefined Weak Reference
    _clock_init                               - Undefined Weak Reference
    _microlib_exit                            - Undefined Weak Reference
    _scanf_longlong                           - Undefined Weak Reference
    _scanf_string                             - Undefined Weak Reference
    __Vectors_Size                           0x00000188   Number         0  startup_stm32f303x8.o ABSOLUTE
    __Vectors                                0x08000000   Data           4  startup_stm32f303x8.o(RESET)
    __Vectors_End                            0x08000188   Data           0  startup_stm32f303x8.o(RESET)
    __main                                   0x08000189   Thumb Code     0  entry.o(.ARM.Collect$$$$00000000)
    _main_stk                                0x08000189   Thumb Code     0  entry2.o(.ARM.Collect$$$$00000001)
    _main_scatterload                        0x0800018d   Thumb Code     0  entry5.o(.ARM.Collect$$$$00000004)
    __main_after_scatterload                 0x08000191   Thumb Code     0  entry5.o(.ARM.Collect$$$$00000004)
    _main_clock                              0x08000191   Thumb Code     0  entry7b.o(.ARM.Collect$$$$00000008)
    _main_cpp_init                           0x08000191   Thumb Code     0  entry8b.o(.ARM.Collect$$$$0000000A)
    _main_init                               0x08000191   Thumb Code     0  entry9a.o(.ARM.Collect$$$$0000000B)
    __rt_final_cpp                           0x08000199   Thumb Code     0  entry10a.o(.ARM.Collect$$$$0000000D)
    __rt_final_exit                          0x08000199   Thumb Code     0  entry11a.o(.ARM.Collect$$$$0000000F)
    Reset_Handler                            0x0800019d   Thumb Code     8  startup_stm32f303x8.o(.text)
    ADC1_2_IRQHandler                        0x080001b7   Thumb Code     0  startup_stm32f303x8.o(.text)
    CAN_RX0_IRQHandler                       0x080001b7   Thumb Code     0  startup_stm32f303x8.o(.text)
    CAN_RX1_IRQHandler                       0x080001b7   Thumb Code     0  startup_stm32f303x8.o(.text)
    CAN_SCE_IRQHandler                       0x080001b7   Thumb Code     0  startup_stm32f303x8.o(.text)
    CAN_TX_IRQHandler                        0x080001b7   Thumb Code     0  startup_stm32f303x8.o(.text)
    COMP2_IRQHandler                         0x080001b7   Thumb Code     0  startup_stm32f303x8.o(.text)
    COMP4_6_IRQHandler                       0x080001b7   Thumb Code     0  startup_stm32f303x8.o(.text)
    DMA1_Channel1_IRQHandler                 0x080001b7   Thumb Code     0  startup_stm32f303x8.o(.text)
    DMA1_Channel2_IRQHandler                 0x080001b7   Thumb Code     0  startup_stm32f303x8.o(.text)
    DMA1_Channel3_IRQHandler                 0x080001b7   Thumb Code     0  startup_stm32f303x8.o(.text)
    DMA1_Channel4_IRQHandler                 0x080001b7   Thumb Code     0  startup_stm32f303x8.o(.text)
    DMA1_Channel5_IRQHandler                 0x080001b7   Thumb Code     0  startup_stm32f303x8.o(.text)
    DMA1_Channel6_IRQHandler                 0x080001b7   Thumb Code     0  startup_stm32f303x8.o(.text)
    DMA1_Channel7_IRQHandler                 0x080001b7   Thumb Code     0  startup_stm32f303x8.o(.text)
    EXTI0_IRQHandler                         0x080001b7   Thumb Code     0  startup_stm32f303x8.o(.text)
    EXTI15_10_IRQHandler                     0x080001b7   Thumb Code     0  startup_stm32f303x8.o(.text)
    EXTI1_IRQHandler                         0x080001b7   Thumb Code     0  startup_stm32f303x8.o(.text)
    EXTI2_TSC_IRQHandler                     0x080001b7   Thumb Code     0  startup_stm32f303x8.o(.text)
    EXTI3_IRQHandler                         0x080001b7   Thumb Code     0  startup_stm32f303x8.o(.text)
    EXTI4_IRQHandler                         0x080001b7   Thumb Code     0  startup_stm32f303x8.o(.text)
    EXTI9_5_IRQHandler                       0x080001b7   Thumb Code     0  startup_stm32f303x8.o(.text)
    FLASH_IRQHandler                         0x080001b7   Thumb Code     0  startup_stm32f303x8.o(.text)
    FPU_IRQHandler                           0x080001b7   Thumb Code     0  startup_stm32f303x8.o(.text)
    I2C1_ER_IRQHandler                       0x080001b7   Thumb Code     0  startup_stm32f303x8.o(.text)
    I2C1_EV_IRQHandler                       0x080001b7   Thumb Code     0  startup_stm32f303x8.o(.text)
    PVD_IRQHandler                           0x080001b7   Thumb Code     0  startup_stm32f303x8.o(.text)
    RCC_IRQHandler                           0x080001b7   Thumb Code     0  startup_stm32f303x8.o(.text)
    RTC_Alarm_IRQHandler                     0x080001b7   Thumb Code     0  startup_stm32f303x8.o(.text)
    RTC_WKUP_IRQHandler                      0x080001b7   Thumb Code     0  startup_stm32f303x8.o(.text)
    SPI1_IRQHandler                          0x080001b7   Thumb Code     0  startup_stm32f303x8.o(.text)
    TAMP_STAMP_IRQHandler                    0x080001b7   Thumb Code     0  startup_stm32f303x8.o(.text)
    TIM1_BRK_TIM15_IRQHandler                0x080001b7   Thumb Code     0  startup_stm32f303x8.o(.text)
    TIM1_CC_IRQHandler                       0x080001b7   Thumb Code     0  startup_stm32f303x8.o(.text)
    TIM1_TRG_COM_TIM17_IRQHandler            0x080001b7   Thumb Code     0  startup_stm32f303x8.o(.text)
    TIM1_UP_TIM16_IRQHandler                 0x080001b7   Thumb Code     0  startup_stm32f303x8.o(.text)
    TIM3_IRQHandler                          0x080001b7   Thumb Code     0  startup_stm32f303x8.o(.text)
    TIM6_DAC1_IRQHandler                     0x080001b7   Thumb Code     0  startup_stm32f303x8.o(.text)
    TIM7_DAC2_IRQHandler                     0x080001b7   Thumb Code     0  startup_stm32f303x8.o(.text)
    USART1_IRQHandler                        0x080001b7   Thumb Code     0  startup_stm32f303x8.o(.text)
    USART2_IRQHandler                        0x080001b7   Thumb Code     0  startup_stm32f303x8.o(.text)
    USART3_IRQHandler                        0x080001b7   Thumb Code     0  startup_stm32f303x8.o(.text)
    WWDG_IRQHandler                          0x080001b7   Thumb Code     0  startup_stm32f303x8.o(.text)
    rand                                     0x080001c1   Thumb Code    20  rand.o(.text)
    srand                                    0x080001d5   Thumb Code     6  rand.o(.text)
    __aeabi_memcpy                           0x080001e5   Thumb Code    36  memcpya.o(.text)
    __aeabi_memcpy4                          0x080001e5   Thumb Code     0  memcpya.o(.text)
    __aeabi_memcpy8                          0x080001e5   Thumb Code     0  memcpya.o(.text)
    __aeabi_memset                           0x08000209   Thumb Code    14  memseta.o(.text)
    __aeabi_memset4                          0x08000209   Thumb Code     0  memseta.o(.text)
    __aeabi_memset8                          0x08000209   Thumb Code     0  memseta.o(.text)
    __aeabi_memclr                           0x08000217   Thumb Code     4  memseta.o(.text)
    __aeabi_memclr4                          0x08000217   Thumb Code     0  memseta.o(.text)
    __aeabi_memclr8                          0x08000217   Thumb Code     0  memseta.o(.text)
    _memset$wrapper                          0x0800021b   Thumb Code    18  memseta.o(.text)
    memcmp                                   0x0800022d   Thumb Code    26  memcmp.o(.text)
    __0scanf                                 0x08000249   Thumb Code    26  __0scanf.o(.text)
    _scanf_int                               0x08000269   Thumb Code   332  _scanf_int.o(.text)
    _scanf_real                              0x080004dd   Thumb Code     0  scanf_fp.o(.text)
    _scanf_really_real                       0x080004dd   Thumb Code   556  scanf_fp.o(.text)
    __aeabi_uidiv                            0x08000715   Thumb Code     0  uidiv.o(.text)
    __aeabi_uidivmod                         0x08000715   Thumb Code    44  uidiv.o(.text)
    __aeabi_uldivmod                         0x08000741   Thumb Code    98  uldiv.o(.text)
    __aeabi_llsl                             0x080007a3   Thumb Code    30  llshl.o(.text)
    _ll_shift_l                              0x080007a3   Thumb Code     0  llshl.o(.text)
    _chval                                   0x080007c1   Thumb Code    28  _chval.o(.text)
    __vfscanf_char_file                      0x080007dd   Thumb Code    12  scanf_char_file.o(.text)
    __I$use$fp                               0x080007f1   Thumb Code     0  iusefp.o(.text)
    __aeabi_dadd                             0x080007f1   Thumb Code   322  dadd.o(.text)
    __aeabi_dsub                             0x08000933   Thumb Code     6  dadd.o(.text)
    __aeabi_drsub                            0x08000939   Thumb Code     6  dadd.o(.text)
    __aeabi_dmul                             0x0800093f   Thumb Code   228  dmul.o(.text)
    __aeabi_ddiv                             0x08000a23   Thumb Code   222  ddiv.o(.text)
    __aeabi_ul2d                             0x08000b01   Thumb Code    24  dfltul.o(.text)
    __aeabi_d2ulz                            0x08000b19   Thumb Code    48  dfixul.o(.text)
    __aeabi_cdrcmple                         0x08000b49   Thumb Code    48  cdrcmple.o(.text)
    __aeabi_d2f                              0x08000b79   Thumb Code    56  d2f.o(.text)
    __scatterload                            0x08000bb1   Thumb Code    28  init.o(.text)
    __scatterload_rt2                        0x08000bb1   Thumb Code     0  init.o(.text)
    _fgetc$bs                                0x08000bd5   Thumb Code    28  fgetc_b.o(.text)
    __backspace                              0x08000bf1   Thumb Code    10  fgetc_b.o(.text)
    __aeabi_llsr                             0x08000c01   Thumb Code    32  llushr.o(.text)
    _ll_ushift_r                             0x08000c01   Thumb Code     0  llushr.o(.text)
    __aeabi_lasr                             0x08000c21   Thumb Code    36  llsshr.o(.text)
    _ll_sshift_r                             0x08000c21   Thumb Code     0  llsshr.o(.text)
    __vfscanf_char                           0x08000c51   Thumb Code    20  scanf_char.o(.text)
    _float_round                             0x08000c6d   Thumb Code    18  fepilogue.o(.text)
    _float_epilogue                          0x08000c7f   Thumb Code    92  fepilogue.o(.text)
    _double_round                            0x08000cdb   Thumb Code    30  depilogue.o(.text)
    _double_epilogue                         0x08000cf9   Thumb Code   156  depilogue.o(.text)
    __semihosting_library_function           0x08000d95   Thumb Code     0  semi.o(.text)
    isspace                                  0x08000d95   Thumb Code    10  isspace_c.o(.text)
    __vfscanf                                0x08000da1   Thumb Code   808  _scanf.o(.text)
    __I$use$semihosting$fgetc                0x080010cd   Thumb Code     0  iusesemig.o(.text)
    __ctype_lookup                           0x080010cd   Thumb Code    34  ctype_c.o(.text)
    __aeabi_ui2d                             0x080010f5   Thumb Code    26  dfltui.o(.text)
    __decompress                             0x0800110f   Thumb Code     0  __dczerorl2.o(.text)
    __decompress1                            0x0800110f   Thumb Code    86  __dczerorl2.o(.text)
    BusFault_Handler                         0x08001165   Thumb Code     2  lto-llvm-108fa6.o(.text.BusFault_Handler)
    DebugMon_Handler                         0x08001167   Thumb Code     2  lto-llvm-108fa6.o(.text.DebugMon_Handler)
    HardFault_Handler                        0x08001269   Thumb Code     2  lto-llvm-108fa6.o(.text.HardFault_Handler)
    MemManage_Handler                        0x0800126b   Thumb Code     2  lto-llvm-108fa6.o(.text.MemManage_Handler)
    NMI_Handler                              0x0800126d   Thumb Code     2  lto-llvm-108fa6.o(.text.NMI_Handler)
    PendSV_Handler                           0x0800127f   Thumb Code     2  lto-llvm-108fa6.o(.text.PendSV_Handler)
    SVC_Handler                              0x08001281   Thumb Code     2  lto-llvm-108fa6.o(.text.SVC_Handler)
    SysTick_Handler                          0x08001283   Thumb Code    16  lto-llvm-108fa6.o(.text.SysTick_Handler)
    SystemInit                               0x08001293   Thumb Code    18  lto-llvm-108fa6.o(.text.SystemInit)
    TIM2_IRQHandler                          0x080012a5   Thumb Code     2  lto-llvm-108fa6.o(.text.TIM2_IRQHandler)
    UsageFault_Handler                       0x08001349   Thumb Code     2  lto-llvm-108fa6.o(.text.UsageFault_Handler)
    fgetc                                    0x08001377   Thumb Code   202  lto-llvm-108fa6.o(.text.fgetc)
    fputc                                    0x08001441   Thumb Code   152  lto-llvm-108fa6.o(.text.fputc)
    main                                     0x08001519   Thumb Code  2674  lto-llvm-108fa6.o(.text.main)
    __0printf                                0x08001fed   Thumb Code    22  printfa.o(i.__0printf)
    __1printf                                0x08001fed   Thumb Code     0  printfa.o(i.__0printf)
    __2printf                                0x08001fed   Thumb Code     0  printfa.o(i.__0printf)
    __c89printf                              0x08001fed   Thumb Code     0  printfa.o(i.__0printf)
    printf                                   0x08001fed   Thumb Code     0  printfa.o(i.__0printf)
    free                                     0x08002105   Thumb Code    88  mallocr.o(i.__free$realloc)
    malloc                                   0x08002161   Thumb Code    64  mallocr.o(i.__malloc$realloc)
    __scatterload_copy                       0x080021b1   Thumb Code    14  handlers.o(i.__scatterload_copy)
    __scatterload_null                       0x080021bf   Thumb Code     2  handlers.o(i.__scatterload_null)
    __scatterload_zeroinit                   0x080021c1   Thumb Code    14  handlers.o(i.__scatterload_zeroinit)
    _ai_platform_acquire_crc                 0x080023f7   Thumb Code     4  ai_platform_interface.o(i._ai_platform_acquire_crc)
    _ai_platform_release_crc                 0x080024dd   Thumb Code     2  ai_platform_interface.o(i._ai_platform_release_crc)
    _is_digit                                0x08002749   Thumb Code    14  scanf_fp.o(i._is_digit)
    ai_array_get_byte_size                   0x080032af   Thumb Code    54  ai_datatypes_format.o(i.ai_array_get_byte_size)
    ai_array_get_data_byte_size              0x080032e5   Thumb Code    30  ai_datatypes_format.o(i.ai_array_get_data_byte_size)
    ai_array_to_buffer_fmt                   0x08003305   Thumb Code   242  ai_datatypes_format.o(i.ai_array_to_buffer_fmt)
    ai_buffer_array_item_set_address         0x0800342d   Thumb Code    36  ai_platform.o(i.ai_buffer_array_item_set_address)
    ai_buffer_array_sane                     0x08003451   Thumb Code    18  ai_platform.o(i.ai_buffer_array_sane)
    ai_buffer_get_size                       0x08003465   Thumb Code    96  ai_platform.o(i.ai_buffer_get_size)
    ai_check_custom_types                    0x080034cd   Thumb Code    38  layers.o(i.ai_check_custom_types)
    ai_conv2d_kernel_simple_opt_f32          0x080034f9   Thumb Code   386  forward_lite_conv2d_if32of32wf32.o(i.ai_conv2d_kernel_simple_opt_f32)
    ai_dict_decompress_f32                   0x0800367b   Thumb Code   122  layers_conv2d_generic_float.o(i.ai_dict_decompress_f32)
    ai_layers_forward_all                    0x080036f5   Thumb Code    80  layers.o(i.ai_layers_forward_all)
    ai_layers_init_all                       0x08003745   Thumb Code    30  layers.o(i.ai_layers_init_all)
    ai_layers_post_init_all                  0x08003763   Thumb Code    54  layers.o(i.ai_layers_post_init_all)
    ai_platform_bind_network_params          0x08003799   Thumb Code    38  ai_platform_interface.o(i.ai_platform_bind_network_params)
    ai_platform_context_acquire              0x080037c5   Thumb Code    24  ai_platform_interface.o(i.ai_platform_context_acquire)
    ai_platform_get_activations_map          0x080037e1   Thumb Code    38  ai_platform_interface.o(i.ai_platform_get_activations_map)
    ai_platform_get_weights_map              0x0800380d   Thumb Code    36  ai_platform_interface.o(i.ai_platform_get_weights_map)
    ai_platform_inputs_get                   0x08003835   Thumb Code    66  ai_platform_interface.o(i.ai_platform_inputs_get)
    ai_platform_interface_api_get_version    0x08003879   Thumb Code    14  ai_platform_interface.o(i.ai_platform_interface_api_get_version)
    ai_platform_network_create               0x0800388d   Thumb Code   240  ai_platform_interface.o(i.ai_platform_network_create)
    ai_platform_network_get_error            0x08003995   Thumb Code    24  ai_platform_interface.o(i.ai_platform_network_get_error)
    ai_platform_network_init                 0x080039b1   Thumb Code   254  ai_platform_interface.o(i.ai_platform_network_init)
    ai_platform_network_post_init            0x08003abd   Thumb Code    70  ai_platform_interface.o(i.ai_platform_network_post_init)
    ai_platform_network_process              0x08003b03   Thumb Code    84  ai_platform_interface.o(i.ai_platform_network_process)
    ai_platform_network_set_error            0x08003b57   Thumb Code    12  ai_platform_interface.o(i.ai_platform_network_set_error)
    ai_platform_outputs_get                  0x08003b63   Thumb Code    72  ai_platform_interface.o(i.ai_platform_outputs_get)
    ai_version_get                           0x08003bc5   Thumb Code    12  ai_datatypes_internal.o(i.ai_version_get)
    core_get_error                           0x08003bd1   Thumb Code    12  core_common.o(i.core_get_error)
    core_init                                0x08003bdd   Thumb Code     4  core_common.o(i.core_init)
    core_set_error                           0x08003be1   Thumb Code    26  core_common.o(i.core_set_error)
    forward_conv2d_if32of32wf32              0x08003bfb   Thumb Code   458  layers_conv2d_generic_float.o(i.forward_conv2d_if32of32wf32)
    forward_dense                            0x08003dc5   Thumb Code   488  layers_conv2d_generic_float.o(i.forward_dense)
    forward_lite_conv2d_if32of32wf32         0x08003fb1   Thumb Code   362  forward_lite_conv2d_if32of32wf32.o(i.forward_lite_conv2d_if32of32wf32)
    forward_lite_dense_if32of32wf32          0x08004121   Thumb Code   120  lite_dense_if32.o(i.forward_lite_dense_if32of32wf32)
    forward_relu                             0x0800419d   Thumb Code   202  layers_nl_generic_float.o(i.forward_relu)
    get_tensor_byte_size                     0x0800426d   Thumb Code    34  ai_datatypes_internal.o(i.get_tensor_byte_size)
    st_int8_copy                             0x080042e5   Thumb Code   144  st_int8_fill.o(i.st_int8_copy)
    __ctype_categories                       0x080043e0   Data          64  ctype_c.o(.constdata)
    Region$$Table$$Base                      0x08005a00   Number         0  anon$$obj.o(Region$$Table)
    Region$$Table$$Limit                     0x08005a40   Number         0  anon$$obj.o(Region$$Table)
    __stdout                                 0x10000000   Data           4  stdout.o(.data)
    __microlib_freelist_initialised          0x10000004   Data           4  mvars.o(.data)
    __initial_sp                             0x10000f08   Data           0  startup_stm32f303x8.o(STACK)
    __stdin                                  0x20000004   Data           4  stdin.o(.data)
    __microlib_freelist                      0x20000008   Data           4  mvars.o(.data)
    __heap_base                              0x20002d20   Data           0  startup_stm32f303x8.o(HEAP)
    __heap_limit                             0x20002f20   Data           0  startup_stm32f303x8.o(HEAP)



==============================================================================

Memory Map of the image

  Image Entry point : 0x08000189

  Load Region LR_IROM1 (Base: 0x08000000, Size: 0x000065c0, Max: 0x00010000, ABSOLUTE, COMPRESSED[0x00005ec8])

    Execution Region ER_IROM1 (Exec base: 0x08000000, Load base: 0x08000000, Size: 0x00005a40, Max: 0x00010000, ABSOLUTE)

    Exec Addr    Load Addr    Size         Type   Attr      Idx    E Section Name        Object

    0x08000000   0x08000000   0x00000188   Data   RO            3    RESET               startup_stm32f303x8.o
    0x08000188   0x08000188   0x00000000   Code   RO         1649  * .ARM.Collect$$$$00000000  mc_w.l(entry.o)
    0x08000188   0x08000188   0x00000004   Code   RO         1993    .ARM.Collect$$$$00000001  mc_w.l(entry2.o)
    0x0800018c   0x0800018c   0x00000004   Code   RO         1996    .ARM.Collect$$$$00000004  mc_w.l(entry5.o)
    0x08000190   0x08000190   0x00000000   Code   RO         1998    .ARM.Collect$$$$00000008  mc_w.l(entry7b.o)
    0x08000190   0x08000190   0x00000000   Code   RO         2000    .ARM.Collect$$$$0000000A  mc_w.l(entry8b.o)
    0x08000190   0x08000190   0x00000008   Code   RO         2001    .ARM.Collect$$$$0000000B  mc_w.l(entry9a.o)
    0x08000198   0x08000198   0x00000000   Code   RO         2003    .ARM.Collect$$$$0000000D  mc_w.l(entry10a.o)
    0x08000198   0x08000198   0x00000000   Code   RO         2005    .ARM.Collect$$$$0000000F  mc_w.l(entry11a.o)
    0x08000198   0x08000198   0x00000004   Code   RO         1994    .ARM.Collect$$$$00002712  mc_w.l(entry2.o)
    0x0800019c   0x0800019c   0x00000024   Code   RO            4    .text               startup_stm32f303x8.o
    0x080001c0   0x080001c0   0x00000024   Code   RO         1652    .text               mc_w.l(rand.o)
    0x080001e4   0x080001e4   0x00000024   Code   RO         1655    .text               mc_w.l(memcpya.o)
    0x08000208   0x08000208   0x00000024   Code   RO         1657    .text               mc_w.l(memseta.o)
    0x0800022c   0x0800022c   0x0000001a   Code   RO         1659    .text               mc_w.l(memcmp.o)
    0x08000246   0x08000246   0x00000002   PAD
    0x08000248   0x08000248   0x00000020   Code   RO         1952    .text               mc_w.l(__0scanf.o)
    0x08000268   0x08000268   0x0000014c   Code   RO         1954    .text               mc_w.l(_scanf_int.o)
    0x080003b4   0x080003b4   0x00000360   Code   RO         1956    .text               mc_w.l(scanf_fp.o)
    0x08000714   0x08000714   0x0000002c   Code   RO         2018    .text               mc_w.l(uidiv.o)
    0x08000740   0x08000740   0x00000062   Code   RO         2020    .text               mc_w.l(uldiv.o)
    0x080007a2   0x080007a2   0x0000001e   Code   RO         2022    .text               mc_w.l(llshl.o)
    0x080007c0   0x080007c0   0x0000001c   Code   RO         2033    .text               mc_w.l(_chval.o)
    0x080007dc   0x080007dc   0x00000014   Code   RO         2035    .text               mc_w.l(scanf_char_file.o)
    0x080007f0   0x080007f0   0x00000000   Code   RO         2037    .text               mc_w.l(iusefp.o)
    0x080007f0   0x080007f0   0x0000014e   Code   RO         2042    .text               mf_w.l(dadd.o)
    0x0800093e   0x0800093e   0x000000e4   Code   RO         2044    .text               mf_w.l(dmul.o)
    0x08000a22   0x08000a22   0x000000de   Code   RO         2046    .text               mf_w.l(ddiv.o)
    0x08000b00   0x08000b00   0x00000018   Code   RO         2048    .text               mf_w.l(dfltul.o)
    0x08000b18   0x08000b18   0x00000030   Code   RO         2050    .text               mf_w.l(dfixul.o)
    0x08000b48   0x08000b48   0x00000030   Code   RO         2052    .text               mf_w.l(cdrcmple.o)
    0x08000b78   0x08000b78   0x00000038   Code   RO         2054    .text               mf_w.l(d2f.o)
    0x08000bb0   0x08000bb0   0x00000024   Code   RO         2058    .text               mc_w.l(init.o)
    0x08000bd4   0x08000bd4   0x0000002c   Code   RO         2060    .text               mc_w.l(fgetc_b.o)
    0x08000c00   0x08000c00   0x00000020   Code   RO         2063    .text               mc_w.l(llushr.o)
    0x08000c20   0x08000c20   0x00000024   Code   RO         2065    .text               mc_w.l(llsshr.o)
    0x08000c44   0x08000c44   0x00000028   Code   RO         2067    .text               mc_w.l(scanf_char.o)
    0x08000c6c   0x08000c6c   0x0000006e   Code   RO         2069    .text               mf_w.l(fepilogue.o)
    0x08000cda   0x08000cda   0x000000ba   Code   RO         2071    .text               mf_w.l(depilogue.o)
    0x08000d94   0x08000d94   0x00000000   Code   RO         2073    .text               mc_w.l(semi.o)
    0x08000d94   0x08000d94   0x0000000a   Code   RO         2074    .text               mc_w.l(isspace_c.o)
    0x08000d9e   0x08000d9e   0x00000002   PAD
    0x08000da0   0x08000da0   0x0000032c   Code   RO         2076    .text               mc_w.l(_scanf.o)
    0x080010cc   0x080010cc   0x00000000   Code   RO         2078    .text               mc_w.l(iusesemig.o)
    0x080010cc   0x080010cc   0x00000028   Code   RO         2079    .text               mc_w.l(ctype_c.o)
    0x080010f4   0x080010f4   0x0000001a   Code   RO         2303    .text               mf_w.l(dfltui.o)
    0x0800110e   0x0800110e   0x00000056   Code   RO         2313    .text               mc_w.l(__dczerorl2.o)
    0x08001164   0x08001164   0x00000002   Code   RO         2101    .text.BusFault_Handler  lto-llvm-108fa6.o
    0x08001166   0x08001166   0x00000002   Code   RO         2107    .text.DebugMon_Handler  lto-llvm-108fa6.o
    0x08001168   0x08001168   0x00000008   Code   RO         2087    .text.Error_Handler  lto-llvm-108fa6.o
    0x08001170   0x08001170   0x00000016   Code   RO         2117    .text.HAL_Delay     lto-llvm-108fa6.o
    0x08001186   0x08001186   0x0000006a   Code   RO         2115    .text.HAL_InitTick  lto-llvm-108fa6.o
    0x080011f0   0x080011f0   0x00000026   Code   RO         2121    .text.HAL_RCC_GetPCLK1Freq  lto-llvm-108fa6.o
    0x08001216   0x08001216   0x00000052   Code   RO         2119    .text.HAL_RCC_GetSysClockFreq  lto-llvm-108fa6.o
    0x08001268   0x08001268   0x00000002   Code   RO         2097    .text.HardFault_Handler  lto-llvm-108fa6.o
    0x0800126a   0x0800126a   0x00000002   Code   RO         2099    .text.MemManage_Handler  lto-llvm-108fa6.o
    0x0800126c   0x0800126c   0x00000002   Code   RO         2095    .text.NMI_Handler   lto-llvm-108fa6.o
    0x0800126e   0x0800126e   0x00000010   Code   RO         2127    .text.OUTLINED_FUNCTION_0  lto-llvm-108fa6.o
    0x0800127e   0x0800127e   0x00000002   Code   RO         2109    .text.PendSV_Handler  lto-llvm-108fa6.o
    0x08001280   0x08001280   0x00000002   Code   RO         2105    .text.SVC_Handler   lto-llvm-108fa6.o
    0x08001282   0x08001282   0x00000010   Code   RO         2111    .text.SysTick_Handler  lto-llvm-108fa6.o
    0x08001292   0x08001292   0x00000012   Code   RO         2125    .text.SystemInit    lto-llvm-108fa6.o
    0x080012a4   0x080012a4   0x00000002   Code   RO         2113    .text.TIM2_IRQHandler  lto-llvm-108fa6.o
    0x080012a6   0x080012a6   0x000000a2   Code   RO         2123    .text.UART_WaitOnFlagUntilTimeout  lto-llvm-108fa6.o
    0x08001348   0x08001348   0x00000002   Code   RO         2103    .text.UsageFault_Handler  lto-llvm-108fa6.o
    0x0800134a   0x0800134a   0x0000002c   Code   RO         2089    .text.aiRun         lto-llvm-108fa6.o
    0x08001376   0x08001376   0x000000ca   Code   RO         2093    .text.fgetc         lto-llvm-108fa6.o
    0x08001440   0x08001440   0x00000098   Code   RO         2091    .text.fputc         lto-llvm-108fa6.o
    0x080014d8   0x080014d8   0x00000040   Code   RO         2083    .text.getCurrentMicros  lto-llvm-108fa6.o
    0x08001518   0x08001518   0x00000a72   Code   RO         2085    .text.main          lto-llvm-108fa6.o
    0x08001f8a   0x08001f8a   0x00000002   PAD
    0x08001f8c   0x08001f8c   0x00000060   Code   RO           64    i.CRC_Lock          NetworkRuntime810_CM4_Keil.lib(ai_platform_interface.o)
    0x08001fec   0x08001fec   0x00000020   Code   RO         1896    i.__0printf         mc_w.l(printfa.o)
    0x0800200c   0x0800200c   0x000000f8   Code   RO          932    i.__ai_math_dot_array  NetworkRuntime810_CM4_Keil.lib(lite_dense_if32.o)
    0x08002104   0x08002104   0x0000005c   Code   RO         1928    i.__free$realloc    mc_w.l(mallocr.o)
    0x08002160   0x08002160   0x00000050   Code   RO         1929    i.__malloc$realloc  mc_w.l(mallocr.o)
    0x080021b0   0x080021b0   0x0000000e   Code   RO         2307    i.__scatterload_copy  mc_w.l(handlers.o)
    0x080021be   0x080021be   0x00000002   Code   RO         2308    i.__scatterload_null  mc_w.l(handlers.o)
    0x080021c0   0x080021c0   0x0000000e   Code   RO         2309    i.__scatterload_zeroinit  mc_w.l(handlers.o)
    0x080021ce   0x080021ce   0x00000002   PAD
    0x080021d0   0x080021d0   0x0000012c   Code   RO          145    i._ai_dict4_dot_array_f32  NetworkRuntime810_CM4_Keil.lib(layers_conv2d_generic_float.o)
    0x080022fc   0x080022fc   0x000000e8   Code   RO          146    i._ai_dict8_dot_array_f32  NetworkRuntime810_CM4_Keil.lib(layers_conv2d_generic_float.o)
    0x080023e4   0x080023e4   0x00000012   Code   RO          875    i._ai_forward_layer  NetworkRuntime810_CM4_Keil.lib(layers.o)
    0x080023f6   0x080023f6   0x00000004   Code   RO           65    i._ai_platform_acquire_crc  NetworkRuntime810_CM4_Keil.lib(ai_platform_interface.o)
    0x080023fa   0x080023fa   0x00000002   PAD
    0x080023fc   0x080023fc   0x000000e0   Code   RO           66    i._ai_platform_get_io_buffers_info  NetworkRuntime810_CM4_Keil.lib(ai_platform_interface.o)
    0x080024dc   0x080024dc   0x00000002   Code   RO           67    i._ai_platform_release_crc  NetworkRuntime810_CM4_Keil.lib(ai_platform_interface.o)
    0x080024de   0x080024de   0x00000002   PAD
    0x080024e0   0x080024e0   0x000000ac   Code   RO          181    i._forward_lite_nl_relu_generic_if32of32  NetworkRuntime810_CM4_Keil.lib(layers_nl_generic_float.o)
    0x0800258c   0x0800258c   0x00000038   Code   RO          182    i._forward_lite_nl_relu_thresholded_if32of32  NetworkRuntime810_CM4_Keil.lib(layers_nl_generic_float.o)
    0x080025c4   0x080025c4   0x00000184   Code   RO         1903    i._fp_digits        mc_w.l(printfa.o)
    0x08002748   0x08002748   0x0000000e   Code   RO         1958    i._is_digit         mc_w.l(scanf_fp.o)
    0x08002756   0x08002756   0x00000002   PAD
    0x08002758   0x08002758   0x0000004c   Code   RO           68    i._platform_ai_buffer_array_copy  NetworkRuntime810_CM4_Keil.lib(ai_platform_interface.o)
    0x080027a4   0x080027a4   0x00000050   Code   RO           69    i._platform_get_table_map_from_buffer  NetworkRuntime810_CM4_Keil.lib(ai_platform_interface.o)
    0x080027f4   0x080027f4   0x00000044   Code   RO           70    i._platform_get_table_map_from_buffer_array  NetworkRuntime810_CM4_Keil.lib(ai_platform_interface.o)
    0x08002838   0x08002838   0x00000014   Code   RO           71    i._platform_network_buffers_signature_valid  NetworkRuntime810_CM4_Keil.lib(ai_platform_interface.o)
    0x0800284c   0x0800284c   0x00000210   Code   RO           72    i._platform_network_io_bind  NetworkRuntime810_CM4_Keil.lib(ai_platform_interface.o)
    0x08002a5c   0x08002a5c   0x0000003e   Code   RO           73    i._platform_network_state_setup  NetworkRuntime810_CM4_Keil.lib(ai_platform_interface.o)
    0x08002a9a   0x08002a9a   0x00000068   Code   RO           74    i._platform_network_state_update_input  NetworkRuntime810_CM4_Keil.lib(ai_platform_interface.o)
    0x08002b02   0x08002b02   0x0000007c   Code   RO           75    i._platform_network_state_update_output  NetworkRuntime810_CM4_Keil.lib(ai_platform_interface.o)
    0x08002b7e   0x08002b7e   0x00000002   PAD
    0x08002b80   0x08002b80   0x000006dc   Code   RO         1904    i._printf_core      mc_w.l(printfa.o)
    0x0800325c   0x0800325c   0x00000024   Code   RO         1905    i._printf_post_padding  mc_w.l(printfa.o)
    0x08003280   0x08003280   0x0000002e   Code   RO         1906    i._printf_pre_padding  mc_w.l(printfa.o)
    0x080032ae   0x080032ae   0x00000036   Code   RO          370    i.ai_array_get_byte_size  NetworkRuntime810_CM4_Keil.lib(ai_datatypes_format.o)
    0x080032e4   0x080032e4   0x0000001e   Code   RO          371    i.ai_array_get_data_byte_size  NetworkRuntime810_CM4_Keil.lib(ai_datatypes_format.o)
    0x08003302   0x08003302   0x00000002   PAD
    0x08003304   0x08003304   0x00000128   Code   RO          373    i.ai_array_to_buffer_fmt  NetworkRuntime810_CM4_Keil.lib(ai_datatypes_format.o)
    0x0800342c   0x0800342c   0x00000024   Code   RO           50    i.ai_buffer_array_item_set_address  NetworkRuntime810_CM4_Keil.lib(ai_platform.o)
    0x08003450   0x08003450   0x00000012   Code   RO           51    i.ai_buffer_array_sane  NetworkRuntime810_CM4_Keil.lib(ai_platform.o)
    0x08003462   0x08003462   0x00000002   PAD
    0x08003464   0x08003464   0x00000068   Code   RO           53    i.ai_buffer_get_size  NetworkRuntime810_CM4_Keil.lib(ai_platform.o)
    0x080034cc   0x080034cc   0x0000002c   Code   RO          876    i.ai_check_custom_types  NetworkRuntime810_CM4_Keil.lib(layers.o)
    0x080034f8   0x080034f8   0x00000182   Code   RO          915    i.ai_conv2d_kernel_simple_opt_f32  NetworkRuntime810_CM4_Keil.lib(forward_lite_conv2d_if32of32wf32.o)
    0x0800367a   0x0800367a   0x0000007a   Code   RO          149    i.ai_dict_decompress_f32  NetworkRuntime810_CM4_Keil.lib(layers_conv2d_generic_float.o)
    0x080036f4   0x080036f4   0x00000050   Code   RO          881    i.ai_layers_forward_all  NetworkRuntime810_CM4_Keil.lib(layers.o)
    0x08003744   0x08003744   0x0000001e   Code   RO          882    i.ai_layers_init_all  NetworkRuntime810_CM4_Keil.lib(layers.o)
    0x08003762   0x08003762   0x00000036   Code   RO          883    i.ai_layers_post_init_all  NetworkRuntime810_CM4_Keil.lib(layers.o)
    0x08003798   0x08003798   0x0000002c   Code   RO           79    i.ai_platform_bind_network_params  NetworkRuntime810_CM4_Keil.lib(ai_platform_interface.o)
    0x080037c4   0x080037c4   0x0000001c   Code   RO           80    i.ai_platform_context_acquire  NetworkRuntime810_CM4_Keil.lib(ai_platform_interface.o)
    0x080037e0   0x080037e0   0x0000002c   Code   RO           82    i.ai_platform_get_activations_map  NetworkRuntime810_CM4_Keil.lib(ai_platform_interface.o)
    0x0800380c   0x0800380c   0x00000028   Code   RO           83    i.ai_platform_get_weights_map  NetworkRuntime810_CM4_Keil.lib(ai_platform_interface.o)
    0x08003834   0x08003834   0x00000042   Code   RO           84    i.ai_platform_inputs_get  NetworkRuntime810_CM4_Keil.lib(ai_platform_interface.o)
    0x08003876   0x08003876   0x00000002   PAD
    0x08003878   0x08003878   0x00000014   Code   RO           85    i.ai_platform_interface_api_get_version  NetworkRuntime810_CM4_Keil.lib(ai_platform_interface.o)
    0x0800388c   0x0800388c   0x00000108   Code   RO           86    i.ai_platform_network_create  NetworkRuntime810_CM4_Keil.lib(ai_platform_interface.o)
    0x08003994   0x08003994   0x0000001c   Code   RO           88    i.ai_platform_network_get_error  NetworkRuntime810_CM4_Keil.lib(ai_platform_interface.o)
    0x080039b0   0x080039b0   0x0000010c   Code   RO           89    i.ai_platform_network_init  NetworkRuntime810_CM4_Keil.lib(ai_platform_interface.o)
    0x08003abc   0x08003abc   0x00000046   Code   RO           90    i.ai_platform_network_post_init  NetworkRuntime810_CM4_Keil.lib(ai_platform_interface.o)
    0x08003b02   0x08003b02   0x00000054   Code   RO           91    i.ai_platform_network_process  NetworkRuntime810_CM4_Keil.lib(ai_platform_interface.o)
    0x08003b56   0x08003b56   0x0000000c   Code   RO           92    i.ai_platform_network_set_error  NetworkRuntime810_CM4_Keil.lib(ai_platform_interface.o)
    0x08003b62   0x08003b62   0x00000048   Code   RO           98    i.ai_platform_outputs_get  NetworkRuntime810_CM4_Keil.lib(ai_platform_interface.o)
    0x08003baa   0x08003baa   0x0000001a   Code   RO          185    i.ai_shape_get_size  NetworkRuntime810_CM4_Keil.lib(layers_nl_generic_float.o)
    0x08003bc4   0x08003bc4   0x0000000c   Code   RO          394    i.ai_version_get    NetworkRuntime810_CM4_Keil.lib(ai_datatypes_internal.o)
    0x08003bd0   0x08003bd0   0x0000000c   Code   RO          896    i.core_get_error    NetworkRuntime810_CM4_Keil.lib(core_common.o)
    0x08003bdc   0x08003bdc   0x00000004   Code   RO          897    i.core_init         NetworkRuntime810_CM4_Keil.lib(core_common.o)
    0x08003be0   0x08003be0   0x0000001a   Code   RO          898    i.core_set_error    NetworkRuntime810_CM4_Keil.lib(core_common.o)
    0x08003bfa   0x08003bfa   0x000001ca   Code   RO          151    i.forward_conv2d_if32of32wf32  NetworkRuntime810_CM4_Keil.lib(layers_conv2d_generic_float.o)
    0x08003dc4   0x08003dc4   0x000001ec   Code   RO          155    i.forward_dense     NetworkRuntime810_CM4_Keil.lib(layers_conv2d_generic_float.o)
    0x08003fb0   0x08003fb0   0x00000170   Code   RO          916    i.forward_lite_conv2d_if32of32wf32  NetworkRuntime810_CM4_Keil.lib(forward_lite_conv2d_if32of32wf32.o)
    0x08004120   0x08004120   0x0000007c   Code   RO          933    i.forward_lite_dense_if32of32wf32  NetworkRuntime810_CM4_Keil.lib(lite_dense_if32.o)
    0x0800419c   0x0800419c   0x000000d0   Code   RO          210    i.forward_relu      NetworkRuntime810_CM4_Keil.lib(layers_nl_generic_float.o)
    0x0800426c   0x0800426c   0x00000028   Code   RO          395    i.get_tensor_byte_size  NetworkRuntime810_CM4_Keil.lib(ai_datatypes_internal.o)
    0x08004294   0x08004294   0x00000050   Code   RO         1930    i.internal_alloc    mc_w.l(mallocr.o)
    0x080042e4   0x080042e4   0x00000090   Code   RO          939    i.st_int8_copy      NetworkRuntime810_CM4_Keil.lib(st_int8_fill.o)
    0x08004374   0x08004374   0x0000006c   Data   RO          101    .constdata          NetworkRuntime810_CM4_Keil.lib(ai_platform_interface.o)
    0x080043e0   0x080043e0   0x00000040   Data   RO         2080    .constdata          mc_w.l(ctype_c.o)
    0x08004420   0x08004420   0x00000008   Data   RO         2281    .rodata..L__const.ai_network_data_params_get.map_activations  lto-llvm-108fa6.o
    0x08004428   0x08004428   0x00000008   Data   RO         2282    .rodata..L__const.ai_network_data_params_get.map_weights  lto-llvm-108fa6.o
    0x08004430   0x08004430   0x00000008   Data   RO         2152    .rodata.conv2d_1_chain  lto-llvm-108fa6.o
    0x08004438   0x08004438   0x00000008   Data   RO         2157    .rodata.conv2d_4_chain  lto-llvm-108fa6.o
    0x08004440   0x08004440   0x00000008   Data   RO         2162    .rodata.conv2d_7_chain  lto-llvm-108fa6.o
    0x08004448   0x08004448   0x00000030   Data   RO         2290    .rodata.cst16       lto-llvm-108fa6.o
    0x08004478   0x08004478   0x00000008   Data   RO         2291    .rodata.cst8        lto-llvm-108fa6.o
    0x08004480   0x08004480   0x00000008   Data   RO         2171    .rodata.gemm_10_chain  lto-llvm-108fa6.o
    0x08004488   0x08004488   0x00000008   Data   RO         2168    .rodata.gemm_9_chain  lto-llvm-108fa6.o
    0x08004490   0x08004490   0x00000008   Data   RO         2155    .rodata.nl_1_nl_chain  lto-llvm-108fa6.o
    0x08004498   0x08004498   0x00000008   Data   RO         2160    .rodata.nl_4_nl_chain  lto-llvm-108fa6.o
    0x080044a0   0x080044a0   0x00000008   Data   RO         2166    .rodata.nl_7_nl_chain  lto-llvm-108fa6.o
    0x080044a8   0x080044a8   0x00000008   Data   RO         2170    .rodata.nl_9_nl_chain  lto-llvm-108fa6.o
    0x080044b0   0x080044b0   0x00000010   PAD
    0x080044c0   0x080044c0   0x00001520   Data   RO         2283    .rodata.s_network_weights_array_u64  lto-llvm-108fa6.o
    0x080059e0   0x080059e0   0x0000001d   Data   RO         2285    .rodata.str1.1      lto-llvm-108fa6.o
    0x080059fd   0x080059fd   0x00000003   PAD
    0x08005a00   0x08005a00   0x00000040   Data   RO         2306    Region$$Table       anon$$obj.o


    Execution Region RW_IRAM2 (Exec base: 0x10000000, Load base: 0x08005c80, Size: 0x00000f08, Max: 0x00001000, ABSOLUTE, COMPRESSED[0x00000248])

    Exec Addr    Load Addr    Size         Type   Attr      Idx    E Section Name        Object

    0x10000000   COMPRESSED   0x00000004   Data   RW         2008    .data               mc_w.l(stdout.o)
    0x10000004   COMPRESSED   0x00000004   Data   RW         2025    .data               mc_w.l(mvars.o)
    0x10000008   COMPRESSED   0x00000003   Data   RW         2061    .data               mc_w.l(fgetc_b.o)
    0x1000000b   COMPRESSED   0x00000001   PAD
    0x1000000c   COMPRESSED   0x00000078   Data   RW         2292    .data..L_MergedGlobals  lto-llvm-108fa6.o
    0x10000084   COMPRESSED   0x00000070   Data   RW         2293    .data..L_MergedGlobals.72  lto-llvm-108fa6.o
    0x100000f4   COMPRESSED   0x00000010   Data   RW         2279    .data..compoundliteral.1.2  lto-llvm-108fa6.o
    0x10000104   COMPRESSED   0x00000004   Data   RW         2241    .data..compoundliteral.101  lto-llvm-108fa6.o
    0x10000108   COMPRESSED   0x0000000c   Data   RW         2243    .data..compoundliteral.103  lto-llvm-108fa6.o
    0x10000114   COMPRESSED   0x00000010   Data   RW         2247    .data..compoundliteral.107  lto-llvm-108fa6.o
    0x10000124   COMPRESSED   0x00000010   Data   RW         2250    .data..compoundliteral.110  lto-llvm-108fa6.o
    0x10000134   COMPRESSED   0x00000010   Data   RW         2253    .data..compoundliteral.113  lto-llvm-108fa6.o
    0x10000144   COMPRESSED   0x00000004   Data   RW         2256    .data..compoundliteral.116  lto-llvm-108fa6.o
    0x10000148   COMPRESSED   0x00000030   Data   RW         2259    .data..compoundliteral.119  lto-llvm-108fa6.o
    0x10000178   COMPRESSED   0x00000010   Data   RW         2261    .data..compoundliteral.121  lto-llvm-108fa6.o
    0x10000188   COMPRESSED   0x00000004   Data   RW         2264    .data..compoundliteral.124  lto-llvm-108fa6.o
    0x1000018c   COMPRESSED   0x00000010   Data   RW         2269    .data..compoundliteral.129  lto-llvm-108fa6.o
    0x1000019c   COMPRESSED   0x00000004   Data   RW         2138    .data..compoundliteral.13  lto-llvm-108fa6.o
    0x100001a0   COMPRESSED   0x00000010   Data   RW         2272    .data..compoundliteral.132  lto-llvm-108fa6.o
    0x100001b0   COMPRESSED   0x00000010   Data   RW         2275    .data..compoundliteral.135  lto-llvm-108fa6.o
    0x100001c0   COMPRESSED   0x0000000c   Data   RW         2142    .data..compoundliteral.17  lto-llvm-108fa6.o
    0x100001cc   COMPRESSED   0x00000018   Data   RW         2143    .data..compoundliteral.18  lto-llvm-108fa6.o
    0x100001e4   COMPRESSED   0x00000010   Data   RW         2145    .data..compoundliteral.20  lto-llvm-108fa6.o
    0x100001f4   COMPRESSED   0x00000010   Data   RW         2148    .data..compoundliteral.23  lto-llvm-108fa6.o
    0x10000204   COMPRESSED   0x00000004   Data   RW         2173    .data..compoundliteral.33  lto-llvm-108fa6.o
    0x10000208   COMPRESSED   0x00000030   Data   RW         2176    .data..compoundliteral.36  lto-llvm-108fa6.o
    0x10000238   COMPRESSED   0x00000010   Data   RW         2178    .data..compoundliteral.38  lto-llvm-108fa6.o
    0x10000248   COMPRESSED   0x00000010   Data   RW         2181    .data..compoundliteral.41  lto-llvm-108fa6.o
    0x10000258   COMPRESSED   0x00000010   Data   RW         2184    .data..compoundliteral.44  lto-llvm-108fa6.o
    0x10000268   COMPRESSED   0x00000004   Data   RW         2186    .data..compoundliteral.46  lto-llvm-108fa6.o
    0x1000026c   COMPRESSED   0x0000001c   Data   RW         2130    .data..compoundliteral.5  lto-llvm-108fa6.o
    0x10000288   COMPRESSED   0x00000030   Data   RW         2190    .data..compoundliteral.50  lto-llvm-108fa6.o
    0x100002b8   COMPRESSED   0x00000010   Data   RW         2192    .data..compoundliteral.52  lto-llvm-108fa6.o
    0x100002c8   COMPRESSED   0x00000004   Data   RW         2194    .data..compoundliteral.54  lto-llvm-108fa6.o
    0x100002cc   COMPRESSED   0x00000008   Data   RW         2196    .data..compoundliteral.56  lto-llvm-108fa6.o
    0x100002d4   COMPRESSED   0x00000010   Data   RW         2200    .data..compoundliteral.60  lto-llvm-108fa6.o
    0x100002e4   COMPRESSED   0x00000010   Data   RW         2203    .data..compoundliteral.63  lto-llvm-108fa6.o
    0x100002f4   COMPRESSED   0x00000010   Data   RW         2206    .data..compoundliteral.66  lto-llvm-108fa6.o
    0x10000304   COMPRESSED   0x00000004   Data   RW         2209    .data..compoundliteral.69  lto-llvm-108fa6.o
    0x10000308   COMPRESSED   0x00000030   Data   RW         2212    .data..compoundliteral.72  lto-llvm-108fa6.o
    0x10000338   COMPRESSED   0x00000010   Data   RW         2214    .data..compoundliteral.74  lto-llvm-108fa6.o
    0x10000348   COMPRESSED   0x00000010   Data   RW         2217    .data..compoundliteral.77  lto-llvm-108fa6.o
    0x10000358   COMPRESSED   0x00000004   Data   RW         2220    .data..compoundliteral.80  lto-llvm-108fa6.o
    0x1000035c   COMPRESSED   0x00000010   Data   RW         2225    .data..compoundliteral.85  lto-llvm-108fa6.o
    0x1000036c   COMPRESSED   0x00000010   Data   RW         2228    .data..compoundliteral.88  lto-llvm-108fa6.o
    0x1000037c   COMPRESSED   0x00000010   Data   RW         2231    .data..compoundliteral.91  lto-llvm-108fa6.o
    0x1000038c   COMPRESSED   0x00000004   Data   RW         2233    .data..compoundliteral.93  lto-llvm-108fa6.o
    0x10000390   COMPRESSED   0x00000030   Data   RW         2237    .data..compoundliteral.97  lto-llvm-108fa6.o
    0x100003c0   COMPRESSED   0x00000010   Data   RW         2239    .data..compoundliteral.99  lto-llvm-108fa6.o
    0x100003d0   COMPRESSED   0x0000001c   Data   RW         2262    .data.conv2d_1_output  lto-llvm-108fa6.o
    0x100003ec   COMPRESSED   0x0000001c   Data   RW         2273    .data.conv2d_1_weights  lto-llvm-108fa6.o
    0x10000408   COMPRESSED   0x00000044   Data   RW         2159    .data.conv2d_4_layer  lto-llvm-108fa6.o
    0x1000044c   COMPRESSED   0x0000001c   Data   RW         2240    .data.conv2d_4_output  lto-llvm-108fa6.o
    0x10000468   COMPRESSED   0x0000001c   Data   RW         2251    .data.conv2d_4_weights  lto-llvm-108fa6.o
    0x10000484   COMPRESSED   0x0000001c   Data   RW         2229    .data.conv2d_7_weights  lto-llvm-108fa6.o
    0x100004a0   COMPRESSED   0x0000001c   Data   RW         2278    .data.g_network_data_map_activations  lto-llvm-108fa6.o
    0x100004bc   COMPRESSED   0x0000001c   Data   RW         2185    .data.gemm_10_bias  lto-llvm-108fa6.o
    0x100004d8   COMPRESSED   0x0000001c   Data   RW         2207    .data.gemm_9_bias   lto-llvm-108fa6.o
    0x100004f4   COMPRESSED   0x0000001c   Data   RW         2165    .data.gemm_9_layer  lto-llvm-108fa6.o
    0x10000510   COMPRESSED   0x00000020   Data   RW         2151    .data.nl_1_nl_layer  lto-llvm-108fa6.o
    0x10000530   COMPRESSED   0x00000020   Data   RW         2161    .data.nl_7_nl_layer  lto-llvm-108fa6.o
    0x10000550   COMPRESSED   0x0000001c   Data   RW         2218    .data.nl_7_nl_output  lto-llvm-108fa6.o
    0x1000056c   COMPRESSED   0x0000001c   Data   RW         2201    .data.nl_7_nl_output0  lto-llvm-108fa6.o
    0x10000588   COMPRESSED   0x0000001c   Data   RW         2179    .data.nl_9_nl_output  lto-llvm-108fa6.o
    0x100005a4   COMPRESSED   0x0000001c   Data   RW         2147    .data.serving_default_input_10_output  lto-llvm-108fa6.o
    0x100005c0        -       0x0000004c   Zero   RW         2295    .bss..L_MergedGlobals.74  lto-llvm-108fa6.o
    0x1000060c        -       0x0000001c   Zero   RW         2135    .bss..compoundliteral.10  lto-llvm-108fa6.o
    0x10000628        -       0x00000004   Zero   RW         2244    .bss..compoundliteral.104  lto-llvm-108fa6.o
    0x1000062c        -       0x00000008   Zero   RW         2136    .bss..compoundliteral.11  lto-llvm-108fa6.o
    0x10000634        -       0x00000004   Zero   RW         2258    .bss..compoundliteral.118  lto-llvm-108fa6.o
    0x10000638        -       0x00000008   Zero   RW         2141    .bss..compoundliteral.16  lto-llvm-108fa6.o
    0x10000640        -       0x00000010   Zero   RW         2153    .bss..compoundliteral.26  lto-llvm-108fa6.o
    0x10000650        -       0x00000010   Zero   RW         2163    .bss..compoundliteral.30  lto-llvm-108fa6.o
    0x10000660        -       0x00000004   Zero   RW         2188    .bss..compoundliteral.48  lto-llvm-108fa6.o
    0x10000664        -       0x00000004   Zero   RW         2197    .bss..compoundliteral.57  lto-llvm-108fa6.o
    0x10000668        -       0x00000004   Zero   RW         2211    .bss..compoundliteral.71  lto-llvm-108fa6.o
    0x1000066c        -       0x00000010   Zero   RW         2134    .bss..compoundliteral.9  lto-llvm-108fa6.o
    0x1000067c        -       0x00000004   Zero   RW         2235    .bss..compoundliteral.95  lto-llvm-108fa6.o
    0x10000680        -       0x00000088   Zero   RW         2289    .bss.huart2         lto-llvm-108fa6.o
    0x10000708        -       0x00000800   Zero   RW            1    STACK               startup_stm32f303x8.o


    Execution Region RW_IRAM1 (Exec base: 0x20000000, Load base: 0x08005a40, Size: 0x00002f20, Max: 0x00003000, ABSOLUTE, COMPRESSED[0x00000240])

    Exec Addr    Load Addr    Size         Type   Attr      Idx    E Section Name        Object

    0x20000000   COMPRESSED   0x00000004   Data   RW         1653    .data               mc_w.l(rand.o)
    0x20000004   COMPRESSED   0x00000004   Data   RW         2007    .data               mc_w.l(stdin.o)
    0x20000008   COMPRESSED   0x00000004   Data   RW         2024    .data               mc_w.l(mvars.o)
    0x2000000c   COMPRESSED   0x00000060   Data   RW         2294    .data..L_MergedGlobals.73  lto-llvm-108fa6.o
    0x2000006c   COMPRESSED   0x00000010   Data   RW         2129    .data..compoundliteral  lto-llvm-108fa6.o
    0x2000007c   COMPRESSED   0x00000010   Data   RW         2277    .data..compoundliteral.1  lto-llvm-108fa6.o
    0x2000008c   COMPRESSED   0x00000004   Data   RW         2242    .data..compoundliteral.102  lto-llvm-108fa6.o
    0x20000090   COMPRESSED   0x00000030   Data   RW         2245    .data..compoundliteral.105  lto-llvm-108fa6.o
    0x200000c0   COMPRESSED   0x00000010   Data   RW         2246    .data..compoundliteral.106  lto-llvm-108fa6.o
    0x200000d0   COMPRESSED   0x00000010   Data   RW         2249    .data..compoundliteral.109  lto-llvm-108fa6.o
    0x200000e0   COMPRESSED   0x00000010   Data   RW         2252    .data..compoundliteral.112  lto-llvm-108fa6.o
    0x200000f0   COMPRESSED   0x00000004   Data   RW         2255    .data..compoundliteral.115  lto-llvm-108fa6.o
    0x200000f4   COMPRESSED   0x0000000c   Data   RW         2137    .data..compoundliteral.12  lto-llvm-108fa6.o
    0x20000100   COMPRESSED   0x00000010   Data   RW         2260    .data..compoundliteral.120  lto-llvm-108fa6.o
    0x20000110   COMPRESSED   0x00000004   Data   RW         2263    .data..compoundliteral.123  lto-llvm-108fa6.o
    0x20000114   COMPRESSED   0x0000000c   Data   RW         2265    .data..compoundliteral.125  lto-llvm-108fa6.o
    0x20000120   COMPRESSED   0x00000030   Data   RW         2267    .data..compoundliteral.127  lto-llvm-108fa6.o
    0x20000150   COMPRESSED   0x00000010   Data   RW         2268    .data..compoundliteral.128  lto-llvm-108fa6.o
    0x20000160   COMPRESSED   0x00000010   Data   RW         2271    .data..compoundliteral.131  lto-llvm-108fa6.o
    0x20000170   COMPRESSED   0x00000010   Data   RW         2274    .data..compoundliteral.134  lto-llvm-108fa6.o
    0x20000180   COMPRESSED   0x00000010   Data   RW         2146    .data..compoundliteral.21  lto-llvm-108fa6.o
    0x20000190   COMPRESSED   0x00000010   Data   RW         2149    .data..compoundliteral.24  lto-llvm-108fa6.o
    0x200001a0   COMPRESSED   0x00000004   Data   RW         2172    .data..compoundliteral.32  lto-llvm-108fa6.o
    0x200001a4   COMPRESSED   0x00000008   Data   RW         2174    .data..compoundliteral.34  lto-llvm-108fa6.o
    0x200001ac   COMPRESSED   0x00000010   Data   RW         2177    .data..compoundliteral.37  lto-llvm-108fa6.o
    0x200001bc   COMPRESSED   0x00000010   Data   RW         2180    .data..compoundliteral.40  lto-llvm-108fa6.o
    0x200001cc   COMPRESSED   0x00000010   Data   RW         2183    .data..compoundliteral.43  lto-llvm-108fa6.o
    0x200001dc   COMPRESSED   0x00000004   Data   RW         2187    .data..compoundliteral.47  lto-llvm-108fa6.o
    0x200001e0   COMPRESSED   0x00000010   Data   RW         2191    .data..compoundliteral.51  lto-llvm-108fa6.o
    0x200001f0   COMPRESSED   0x00000004   Data   RW         2195    .data..compoundliteral.55  lto-llvm-108fa6.o
    0x200001f4   COMPRESSED   0x00000030   Data   RW         2198    .data..compoundliteral.58  lto-llvm-108fa6.o
    0x20000224   COMPRESSED   0x00000010   Data   RW         2199    .data..compoundliteral.59  lto-llvm-108fa6.o
    0x20000234   COMPRESSED   0x00000010   Data   RW         2131    .data..compoundliteral.6  lto-llvm-108fa6.o
    0x20000244   COMPRESSED   0x00000010   Data   RW         2202    .data..compoundliteral.62  lto-llvm-108fa6.o
    0x20000254   COMPRESSED   0x00000010   Data   RW         2205    .data..compoundliteral.65  lto-llvm-108fa6.o
    0x20000264   COMPRESSED   0x00000004   Data   RW         2208    .data..compoundliteral.68  lto-llvm-108fa6.o
    0x20000268   COMPRESSED   0x0000001c   Data   RW         2132    .data..compoundliteral.7  lto-llvm-108fa6.o
    0x20000284   COMPRESSED   0x00000010   Data   RW         2213    .data..compoundliteral.73  lto-llvm-108fa6.o
    0x20000294   COMPRESSED   0x00000010   Data   RW         2216    .data..compoundliteral.76  lto-llvm-108fa6.o
    0x200002a4   COMPRESSED   0x00000004   Data   RW         2219    .data..compoundliteral.79  lto-llvm-108fa6.o
    0x200002a8   COMPRESSED   0x00000004   Data   RW         2133    .data..compoundliteral.8  lto-llvm-108fa6.o
    0x200002ac   COMPRESSED   0x0000000c   Data   RW         2221    .data..compoundliteral.81  lto-llvm-108fa6.o
    0x200002b8   COMPRESSED   0x00000030   Data   RW         2223    .data..compoundliteral.83  lto-llvm-108fa6.o
    0x200002e8   COMPRESSED   0x00000010   Data   RW         2224    .data..compoundliteral.84  lto-llvm-108fa6.o
    0x200002f8   COMPRESSED   0x00000010   Data   RW         2227    .data..compoundliteral.87  lto-llvm-108fa6.o
    0x20000308   COMPRESSED   0x00000010   Data   RW         2230    .data..compoundliteral.90  lto-llvm-108fa6.o
    0x20000318   COMPRESSED   0x00000004   Data   RW         2234    .data..compoundliteral.94  lto-llvm-108fa6.o
    0x2000031c   COMPRESSED   0x00000010   Data   RW         2238    .data..compoundliteral.98  lto-llvm-108fa6.o
    0x2000032c   COMPRESSED   0x0000001c   Data   RW         2276    .data.conv2d_1_bias  lto-llvm-108fa6.o
    0x20000348   COMPRESSED   0x00000044   Data   RW         2154    .data.conv2d_1_layer  lto-llvm-108fa6.o
    0x2000038c   COMPRESSED   0x0000001c   Data   RW         2254    .data.conv2d_4_bias  lto-llvm-108fa6.o
    0x200003a8   COMPRESSED   0x0000001c   Data   RW         2232    .data.conv2d_7_bias  lto-llvm-108fa6.o
    0x200003c4   COMPRESSED   0x00000044   Data   RW         2164    .data.conv2d_7_layer  lto-llvm-108fa6.o
    0x20000408   COMPRESSED   0x0000001c   Data   RW         2215    .data.conv2d_7_output  lto-llvm-108fa6.o
    0x20000424   COMPRESSED   0x0000004c   Data   RW         2144    .data.g_network     lto-llvm-108fa6.o
    0x20000470   COMPRESSED   0x0000001c   Data   RW         2280    .data.g_network_data_map_weights  lto-llvm-108fa6.o
    0x2000048c   COMPRESSED   0x0000001c   Data   RW         2169    .data.gemm_10_layer  lto-llvm-108fa6.o
    0x200004a8   COMPRESSED   0x0000001c   Data   RW         2150    .data.gemm_10_output  lto-llvm-108fa6.o
    0x200004c4   COMPRESSED   0x0000001c   Data   RW         2182    .data.gemm_10_weights  lto-llvm-108fa6.o
    0x200004e0   COMPRESSED   0x0000001c   Data   RW         2193    .data.gemm_9_output  lto-llvm-108fa6.o
    0x200004fc   COMPRESSED   0x0000001c   Data   RW         2204    .data.gemm_9_weights  lto-llvm-108fa6.o
    0x20000518   COMPRESSED   0x0000001c   Data   RW         2248    .data.nl_1_nl_output  lto-llvm-108fa6.o
    0x20000534   COMPRESSED   0x00000020   Data   RW         2156    .data.nl_4_nl_layer  lto-llvm-108fa6.o
    0x20000554   COMPRESSED   0x0000001c   Data   RW         2226    .data.nl_4_nl_output  lto-llvm-108fa6.o
    0x20000570   COMPRESSED   0x00000020   Data   RW         2167    .data.nl_9_nl_layer  lto-llvm-108fa6.o
    0x20000590   COMPRESSED   0x0000001c   Data   RW         2270    .data.serving_default_input_10_output0  lto-llvm-108fa6.o
    0x200005ac   COMPRESSED   0x00000014   PAD
    0x200005c0        -       0x00000004   Zero   RW         2257    .bss..compoundliteral.117  lto-llvm-108fa6.o
    0x200005c4        -       0x00000004   Zero   RW         2266    .bss..compoundliteral.126  lto-llvm-108fa6.o
    0x200005c8        -       0x00000010   Zero   RW         2139    .bss..compoundliteral.14  lto-llvm-108fa6.o
    0x200005d8        -       0x0000001c   Zero   RW         2140    .bss..compoundliteral.15  lto-llvm-108fa6.o
    0x200005f4        -       0x00000010   Zero   RW         2158    .bss..compoundliteral.28  lto-llvm-108fa6.o
    0x20000604        -       0x00000004   Zero   RW         2175    .bss..compoundliteral.35  lto-llvm-108fa6.o
    0x20000608        -       0x00000004   Zero   RW         2189    .bss..compoundliteral.49  lto-llvm-108fa6.o
    0x2000060c        -       0x00000004   Zero   RW         2210    .bss..compoundliteral.70  lto-llvm-108fa6.o
    0x20000610        -       0x00000004   Zero   RW         2222    .bss..compoundliteral.82  lto-llvm-108fa6.o
    0x20000614        -       0x00000004   Zero   RW         2236    .bss..compoundliteral.96  lto-llvm-108fa6.o
    0x20000618        -       0x000009c4   Zero   RW         2288    .bss.MX_X_CUBE_AI_Process.in_data  lto-llvm-108fa6.o
    0x20000fdc   COMPRESSED   0x00000004   PAD
    0x20000fe0        -       0x0000137c   Zero   RW         2287    .bss.activations    lto-llvm-108fa6.o
    0x2000235c        -       0x000009c4   Zero   RW         2284    .bss.input          lto-llvm-108fa6.o
    0x20002d20        -       0x00000200   Zero   RW            2    HEAP                startup_stm32f303x8.o


==============================================================================

Image component sizes


      Code (inc. data)   RO Data    RW Data    ZI Data      Debug   Object Name

      3622          0       5581       2900      10404      58812   lto-llvm-108fa6.o
        36          8        392          0       2560        844   startup_stm32f303x8.o

    ----------------------------------------------------------------------
      3660          8       6056       2900      12988      59656   Object Totals
         0          0         64          0          0          0   (incl. Generated)
         2          0         19          0         24          0   (incl. Padding)

    ----------------------------------------------------------------------

      Code (inc. data)   RO Data    RW Data    ZI Data      Debug   Library Member Name

       380         54          0          0          0        360   ai_datatypes_format.o
        52          6          0          0          0        232   ai_datatypes_internal.o
       158          8          0          0          0        368   ai_platform.o
      2428        108        108          0          0       3252   ai_platform_interface.o
        42          0          0          0          0        348   core_common.o
       754          6          0          0          0        308   forward_lite_conv2d_if32of32wf32.o
       226          6          0          0          0        628   layers.o
      1604         14          0          0          0        700   layers_conv2d_generic_float.o
       462         16          0          0          0        492   layers_nl_generic_float.o
       372          8          0          0          0        272   lite_dense_if32.o
       144          0          0          0          0        132   st_int8_fill.o
        32          6          0          0          0         84   __0scanf.o
        86          0          0          0          0          0   __dczerorl2.o
        28          0          0          0          0         68   _chval.o
       812          4          0          0          0        112   _scanf.o
       332          0          0          0          0         96   _scanf_int.o
        40          6         64          0          0         68   ctype_c.o
         0          0          0          0          0          0   entry.o
         0          0          0          0          0          0   entry10a.o
         0          0          0          0          0          0   entry11a.o
         8          4          0          0          0          0   entry2.o
         4          0          0          0          0          0   entry5.o
         0          0          0          0          0          0   entry7b.o
         0          0          0          0          0          0   entry8b.o
         8          4          0          0          0          0   entry9a.o
        44          6          0          3          0        144   fgetc_b.o
        30          0          0          0          0          0   handlers.o
        36          8          0          0          0         68   init.o
        10          0          0          0          0         68   isspace_c.o
         0          0          0          0          0          0   iusefp.o
         0          0          0          0          0          0   iusesemig.o
        30          0          0          0          0         68   llshl.o
        36          0          0          0          0         68   llsshr.o
        32          0          0          0          0         68   llushr.o
       252         24          0          0          0        252   mallocr.o
        26          0          0          0          0         80   memcmp.o
        36          0          0          0          0         68   memcpya.o
        36          0          0          0          0        108   memseta.o
         0          0          0          8          0          0   mvars.o
      2258         90          0          0          0        452   printfa.o
        36         10          0          4          0        136   rand.o
        40          8          0          0          0         84   scanf_char.o
        20          8          0          0          0         68   scanf_char_file.o
       878         12          0          0          0        216   scanf_fp.o
         0          0          0          0          0          0   semi.o
         0          0          0          4          0          0   stdin.o
         0          0          0          4          0          0   stdout.o
        44          0          0          0          0         80   uidiv.o
        98          0          0          0          0         92   uldiv.o
        48          0          0          0          0         68   cdrcmple.o
        56          0          0          0          0         88   d2f.o
       334          0          0          0          0        148   dadd.o
       222          0          0          0          0        100   ddiv.o
       186          0          0          0          0        176   depilogue.o
        48          0          0          0          0         68   dfixul.o
        26          0          0          0          0         76   dfltui.o
        24          0          0          0          0         76   dfltul.o
       228          0          0          0          0         96   dmul.o
       110          0          0          0          0        168   fepilogue.o

    ----------------------------------------------------------------------
     13216        416        172         24          0      10704   Library Totals
        20          0          0          1          0          0   (incl. Padding)

    ----------------------------------------------------------------------

      Code (inc. data)   RO Data    RW Data    ZI Data      Debug   Library Name

      6622        226        108          0          0       7092   NetworkRuntime810_CM4_Keil.lib
      5292        190         64         23          0       2548   mc_w.l
      1282          0          0          0          0       1064   mf_w.l

    ----------------------------------------------------------------------
     13216        416        172         24          0      10704   Library Totals

    ----------------------------------------------------------------------

==============================================================================


      Code (inc. data)   RO Data    RW Data    ZI Data      Debug   

     16876        424       6228       2924      12988      63768   Grand Totals
     16876        424       6228       1160      12988      63768   ELF Image Totals (compressed)
     16876        424       6228       1160          0          0   ROM Totals

==============================================================================

    Total RO  Size (Code + RO Data)                23104 (  22.56kB)
    Total RW  Size (RW Data + ZI Data)             15912 (  15.54kB)
    Total ROM Size (Code + RO Data + RW Data)      24264 (  23.70kB)

==============================================================================

