<html>
<body>
<pre>
<h1>µVision Build Log</h1>
<h2>Tool Versions:</h2>
IDE-Version: µVision V5.38.0.0
Copyright (C) 2022 ARM Ltd and ARM Germany GmbH. All rights reserved.
License Information: Antonio Mendoza, Rice University, LIC=3XJER-4KBYQ-XWZ2H-9KL7W-T85HB-ITFEL
 
Tool Versions:
Toolchain:       MDK-ARM Community  Version: 5.38.0.0
Toolchain Path:  C:\Keil_v5\ARM\ARMCLANG\Bin
C Compiler:      ArmClang.exe V6.19
Assembler:       Armasm.exe V6.19
Linker/Locator:  ArmLink.exe V6.19
Library Manager: ArmAr.exe V6.19
Hex Converter:   FromElf.exe V6.19
CPU DLL:         SARMCM3.DLL V5.38.0.0
Dialog DLL:      DCM.DLL V1.17.5.0
Target DLL:      STLink\ST-LINKIII-KEIL_SWO.dll V3.1.0.0
Dialog DLL:      TCM.DLL V1.56.4.0
 
<h2>Project:</h2>
C:\Users\Antonio\Desktop\RICE\TinyMLContest23\RiceU\MDK-ARM\RiceU.uvprojx
Project File Date:  10/08/2023

<h2>Output:</h2>
*** Using Compiler 'V6.19', folder: 'C:\Keil_v5\ARM\ARMCLANG\Bin'
Build target 'RiceU'
assembling startup_stm32f303x8.s...
compiling network_data_params.c...
compiling network_data.c...
compiling network.c...
compiling app_x-cube-ai.c...
compiling main.c...
linking...
Program Size: Code=16876 RO-data=6228 RW-data=2924 ZI-data=12988  
FromELF: creating hex file...
"RiceU\RiceU.axf" - 0 Error(s), 0 Warning(s).

<h2>Software Packages used:</h2>

Package Vendor: ARM
                http://www.keil.com/pack/ARM.CMSIS.5.9.0.pack
                ARM.CMSIS.5.9.0
                CMSIS (Common Microcontroller Software Interface Standard)
   * Component: CORE Version: 5.6.0

Package Vendor: Keil
                http://www.keil.com/pack/Keil.STM32F3xx_DFP.2.2.2.pack
                Keil.STM32F3xx_DFP.2.2.2
                STMicroelectronics STM32F3 Series Device Support and Examples

<h2>Collection of Component include folders:</h2>
  ./RTE/_RiceU
  C:/Users/Antonio/AppData/Local/Arm/Packs/ARM/CMSIS/5.9.0/CMSIS/Core/Include
  C:/Users/Antonio/AppData/Local/Arm/Packs/Keil/STM32F3xx_DFP/2.2.2/Drivers/CMSIS/Device/ST/STM32F3xx/Include

<h2>Collection of Component Files used:</h2>

   * Component: ARM::CMSIS:CORE:5.6.0
Build Time Elapsed:  00:00:03
</pre>
</body>
</html>
