<!doctype html public "-//w3c//dtd html 4.0 transitional//en">
<html><head>
<title>Static Call Graph - [RiceU\RiceU.axf]</title></head>
<body><HR>
<H1>Static Call Graph for image RiceU\RiceU.axf</H1><HR>
<BR><P>#&#060CALLGRAPH&#062# ARM Linker, 6190004: Last Updated: Sun Oct  8 16:43:44 2023
<BR><P>
<H3>Maximum Stack Usage =        372 bytes + Unknown(Cycles, Untraceable Function Pointers)</H3><H3>
Call chain for Maximum Stack Depth:</H3>
forward_conv2d_if32of32wf32 &rArr; forward_lite_conv2d_if32of32wf32 &rArr; ai_conv2d_kernel_simple_opt_f32
<P>
<H3>
Mutually Recursive functions
</H3> <LI><a href="#[1f]">ADC1_2_IRQHandler</a>&nbsp;&nbsp;&nbsp;&rArr;&nbsp;&nbsp;&nbsp;<a href="#[1f]">ADC1_2_IRQHandler</a><BR>
 <LI><a href="#[7]">BusFault_Handler</a>&nbsp;&nbsp;&nbsp;&rArr;&nbsp;&nbsp;&nbsp;<a href="#[7]">BusFault_Handler</a><BR>
 <LI><a href="#[5]">HardFault_Handler</a>&nbsp;&nbsp;&nbsp;&rArr;&nbsp;&nbsp;&nbsp;<a href="#[5]">HardFault_Handler</a><BR>
 <LI><a href="#[6]">MemManage_Handler</a>&nbsp;&nbsp;&nbsp;&rArr;&nbsp;&nbsp;&nbsp;<a href="#[6]">MemManage_Handler</a><BR>
 <LI><a href="#[4]">NMI_Handler</a>&nbsp;&nbsp;&nbsp;&rArr;&nbsp;&nbsp;&nbsp;<a href="#[4]">NMI_Handler</a><BR>
 <LI><a href="#[8]">UsageFault_Handler</a>&nbsp;&nbsp;&nbsp;&rArr;&nbsp;&nbsp;&nbsp;<a href="#[8]">UsageFault_Handler</a><BR>
</UL>
<P>
<H3>
Function Pointers
</H3><UL>
 <LI><a href="#[1f]">ADC1_2_IRQHandler</a> from startup_stm32f303x8.o(.text) referenced from startup_stm32f303x8.o(RESET)
 <LI><a href="#[7]">BusFault_Handler</a> from lto-llvm-108fa6.o(.text.BusFault_Handler) referenced from startup_stm32f303x8.o(RESET)
 <LI><a href="#[21]">CAN_RX0_IRQHandler</a> from startup_stm32f303x8.o(.text) referenced from startup_stm32f303x8.o(RESET)
 <LI><a href="#[22]">CAN_RX1_IRQHandler</a> from startup_stm32f303x8.o(.text) referenced from startup_stm32f303x8.o(RESET)
 <LI><a href="#[23]">CAN_SCE_IRQHandler</a> from startup_stm32f303x8.o(.text) referenced from startup_stm32f303x8.o(RESET)
 <LI><a href="#[20]">CAN_TX_IRQHandler</a> from startup_stm32f303x8.o(.text) referenced from startup_stm32f303x8.o(RESET)
 <LI><a href="#[35]">COMP2_IRQHandler</a> from startup_stm32f303x8.o(.text) referenced from startup_stm32f303x8.o(RESET)
 <LI><a href="#[36]">COMP4_6_IRQHandler</a> from startup_stm32f303x8.o(.text) referenced from startup_stm32f303x8.o(RESET)
 <LI><a href="#[18]">DMA1_Channel1_IRQHandler</a> from startup_stm32f303x8.o(.text) referenced from startup_stm32f303x8.o(RESET)
 <LI><a href="#[19]">DMA1_Channel2_IRQHandler</a> from startup_stm32f303x8.o(.text) referenced from startup_stm32f303x8.o(RESET)
 <LI><a href="#[1a]">DMA1_Channel3_IRQHandler</a> from startup_stm32f303x8.o(.text) referenced from startup_stm32f303x8.o(RESET)
 <LI><a href="#[1b]">DMA1_Channel4_IRQHandler</a> from startup_stm32f303x8.o(.text) referenced from startup_stm32f303x8.o(RESET)
 <LI><a href="#[1c]">DMA1_Channel5_IRQHandler</a> from startup_stm32f303x8.o(.text) referenced from startup_stm32f303x8.o(RESET)
 <LI><a href="#[1d]">DMA1_Channel6_IRQHandler</a> from startup_stm32f303x8.o(.text) referenced from startup_stm32f303x8.o(RESET)
 <LI><a href="#[1e]">DMA1_Channel7_IRQHandler</a> from startup_stm32f303x8.o(.text) referenced from startup_stm32f303x8.o(RESET)
 <LI><a href="#[a]">DebugMon_Handler</a> from lto-llvm-108fa6.o(.text.DebugMon_Handler) referenced from startup_stm32f303x8.o(RESET)
 <LI><a href="#[13]">EXTI0_IRQHandler</a> from startup_stm32f303x8.o(.text) referenced from startup_stm32f303x8.o(RESET)
 <LI><a href="#[31]">EXTI15_10_IRQHandler</a> from startup_stm32f303x8.o(.text) referenced from startup_stm32f303x8.o(RESET)
 <LI><a href="#[14]">EXTI1_IRQHandler</a> from startup_stm32f303x8.o(.text) referenced from startup_stm32f303x8.o(RESET)
 <LI><a href="#[15]">EXTI2_TSC_IRQHandler</a> from startup_stm32f303x8.o(.text) referenced from startup_stm32f303x8.o(RESET)
 <LI><a href="#[16]">EXTI3_IRQHandler</a> from startup_stm32f303x8.o(.text) referenced from startup_stm32f303x8.o(RESET)
 <LI><a href="#[17]">EXTI4_IRQHandler</a> from startup_stm32f303x8.o(.text) referenced from startup_stm32f303x8.o(RESET)
 <LI><a href="#[24]">EXTI9_5_IRQHandler</a> from startup_stm32f303x8.o(.text) referenced from startup_stm32f303x8.o(RESET)
 <LI><a href="#[11]">FLASH_IRQHandler</a> from startup_stm32f303x8.o(.text) referenced from startup_stm32f303x8.o(RESET)
 <LI><a href="#[37]">FPU_IRQHandler</a> from startup_stm32f303x8.o(.text) referenced from startup_stm32f303x8.o(RESET)
 <LI><a href="#[5]">HardFault_Handler</a> from lto-llvm-108fa6.o(.text.HardFault_Handler) referenced from startup_stm32f303x8.o(RESET)
 <LI><a href="#[2c]">I2C1_ER_IRQHandler</a> from startup_stm32f303x8.o(.text) referenced from startup_stm32f303x8.o(RESET)
 <LI><a href="#[2b]">I2C1_EV_IRQHandler</a> from startup_stm32f303x8.o(.text) referenced from startup_stm32f303x8.o(RESET)
 <LI><a href="#[6]">MemManage_Handler</a> from lto-llvm-108fa6.o(.text.MemManage_Handler) referenced from startup_stm32f303x8.o(RESET)
 <LI><a href="#[4]">NMI_Handler</a> from lto-llvm-108fa6.o(.text.NMI_Handler) referenced from startup_stm32f303x8.o(RESET)
 <LI><a href="#[e]">PVD_IRQHandler</a> from startup_stm32f303x8.o(.text) referenced from startup_stm32f303x8.o(RESET)
 <LI><a href="#[b]">PendSV_Handler</a> from lto-llvm-108fa6.o(.text.PendSV_Handler) referenced from startup_stm32f303x8.o(RESET)
 <LI><a href="#[12]">RCC_IRQHandler</a> from startup_stm32f303x8.o(.text) referenced from startup_stm32f303x8.o(RESET)
 <LI><a href="#[32]">RTC_Alarm_IRQHandler</a> from startup_stm32f303x8.o(.text) referenced from startup_stm32f303x8.o(RESET)
 <LI><a href="#[10]">RTC_WKUP_IRQHandler</a> from startup_stm32f303x8.o(.text) referenced from startup_stm32f303x8.o(RESET)
 <LI><a href="#[3]">Reset_Handler</a> from startup_stm32f303x8.o(.text) referenced from startup_stm32f303x8.o(RESET)
 <LI><a href="#[2d]">SPI1_IRQHandler</a> from startup_stm32f303x8.o(.text) referenced from startup_stm32f303x8.o(RESET)
 <LI><a href="#[9]">SVC_Handler</a> from lto-llvm-108fa6.o(.text.SVC_Handler) referenced from startup_stm32f303x8.o(RESET)
 <LI><a href="#[c]">SysTick_Handler</a> from lto-llvm-108fa6.o(.text.SysTick_Handler) referenced from startup_stm32f303x8.o(RESET)
 <LI><a href="#[39]">SystemInit</a> from lto-llvm-108fa6.o(.text.SystemInit) referenced from startup_stm32f303x8.o(.text)
 <LI><a href="#[f]">TAMP_STAMP_IRQHandler</a> from startup_stm32f303x8.o(.text) referenced from startup_stm32f303x8.o(RESET)
 <LI><a href="#[25]">TIM1_BRK_TIM15_IRQHandler</a> from startup_stm32f303x8.o(.text) referenced from startup_stm32f303x8.o(RESET)
 <LI><a href="#[28]">TIM1_CC_IRQHandler</a> from startup_stm32f303x8.o(.text) referenced from startup_stm32f303x8.o(RESET)
 <LI><a href="#[27]">TIM1_TRG_COM_TIM17_IRQHandler</a> from startup_stm32f303x8.o(.text) referenced from startup_stm32f303x8.o(RESET)
 <LI><a href="#[26]">TIM1_UP_TIM16_IRQHandler</a> from startup_stm32f303x8.o(.text) referenced from startup_stm32f303x8.o(RESET)
 <LI><a href="#[29]">TIM2_IRQHandler</a> from lto-llvm-108fa6.o(.text.TIM2_IRQHandler) referenced from startup_stm32f303x8.o(RESET)
 <LI><a href="#[2a]">TIM3_IRQHandler</a> from startup_stm32f303x8.o(.text) referenced from startup_stm32f303x8.o(RESET)
 <LI><a href="#[33]">TIM6_DAC1_IRQHandler</a> from startup_stm32f303x8.o(.text) referenced from startup_stm32f303x8.o(RESET)
 <LI><a href="#[34]">TIM7_DAC2_IRQHandler</a> from startup_stm32f303x8.o(.text) referenced from startup_stm32f303x8.o(RESET)
 <LI><a href="#[2e]">USART1_IRQHandler</a> from startup_stm32f303x8.o(.text) referenced from startup_stm32f303x8.o(RESET)
 <LI><a href="#[2f]">USART2_IRQHandler</a> from startup_stm32f303x8.o(.text) referenced from startup_stm32f303x8.o(RESET)
 <LI><a href="#[30]">USART3_IRQHandler</a> from startup_stm32f303x8.o(.text) referenced from startup_stm32f303x8.o(RESET)
 <LI><a href="#[8]">UsageFault_Handler</a> from lto-llvm-108fa6.o(.text.UsageFault_Handler) referenced from startup_stm32f303x8.o(RESET)
 <LI><a href="#[d]">WWDG_IRQHandler</a> from startup_stm32f303x8.o(.text) referenced from startup_stm32f303x8.o(RESET)
 <LI><a href="#[3c]">__backspace</a> from fgetc_b.o(.text) referenced from scanf_char_file.o(.text)
 <LI><a href="#[3a]">__main</a> from entry.o(.ARM.Collect$$$$00000000) referenced from startup_stm32f303x8.o(.text)
 <LI><a href="#[3d]">_scanf_char_input</a> from scanf_char.o(.text) referenced from scanf_char.o(.text)
 <LI><a href="#[3b]">fgetc</a> from lto-llvm-108fa6.o(.text.fgetc) referenced from scanf_char_file.o(.text)
 <LI><a href="#[0]">forward_conv2d_if32of32wf32</a> from layers_conv2d_generic_float.o(i.forward_conv2d_if32of32wf32) referenced 2 times from lto-llvm-108fa6.o(.data.conv2d_1_layer)
 <LI><a href="#[0]">forward_conv2d_if32of32wf32</a> from layers_conv2d_generic_float.o(i.forward_conv2d_if32of32wf32) referenced 2 times from lto-llvm-108fa6.o(.data.conv2d_4_layer)
 <LI><a href="#[0]">forward_conv2d_if32of32wf32</a> from layers_conv2d_generic_float.o(i.forward_conv2d_if32of32wf32) referenced 2 times from lto-llvm-108fa6.o(.data.conv2d_7_layer)
 <LI><a href="#[1]">forward_dense</a> from layers_conv2d_generic_float.o(i.forward_dense) referenced 2 times from lto-llvm-108fa6.o(.data.gemm_10_layer)
 <LI><a href="#[1]">forward_dense</a> from layers_conv2d_generic_float.o(i.forward_dense) referenced 2 times from lto-llvm-108fa6.o(.data.gemm_9_layer)
 <LI><a href="#[2]">forward_relu</a> from layers_nl_generic_float.o(i.forward_relu) referenced 2 times from lto-llvm-108fa6.o(.data.nl_1_nl_layer)
 <LI><a href="#[2]">forward_relu</a> from layers_nl_generic_float.o(i.forward_relu) referenced 2 times from lto-llvm-108fa6.o(.data.nl_4_nl_layer)
 <LI><a href="#[2]">forward_relu</a> from layers_nl_generic_float.o(i.forward_relu) referenced 2 times from lto-llvm-108fa6.o(.data.nl_7_nl_layer)
 <LI><a href="#[2]">forward_relu</a> from layers_nl_generic_float.o(i.forward_relu) referenced 2 times from lto-llvm-108fa6.o(.data.nl_9_nl_layer)
 <LI><a href="#[3f]">fputc</a> from lto-llvm-108fa6.o(.text.fputc) referenced from printfa.o(i.__0printf)
 <LI><a href="#[3e]">isspace</a> from isspace_c.o(.text) referenced from scanf_char.o(.text)
 <LI><a href="#[38]">main</a> from lto-llvm-108fa6.o(.text.main) referenced from entry9a.o(.ARM.Collect$$$$0000000B)
</UL>
<P>
<H3>
Global Symbols
</H3>
<P><STRONG><a name="[3a]"></a>__main</STRONG> (Thumb, 0 bytes, Stack size unknown bytes, entry.o(.ARM.Collect$$$$00000000))
<BR>[Address Reference Count : 1]<UL><LI> startup_stm32f303x8.o(.text)
</UL>
<P><STRONG><a name="[ae]"></a>_main_stk</STRONG> (Thumb, 0 bytes, Stack size unknown bytes, entry2.o(.ARM.Collect$$$$00000001))

<P><STRONG><a name="[40]"></a>_main_scatterload</STRONG> (Thumb, 0 bytes, Stack size unknown bytes, entry5.o(.ARM.Collect$$$$00000004))
<BR><BR>[Calls]<UL><LI><a href="#[41]">&gt;&gt;</a>&nbsp;&nbsp;&nbsp;__scatterload
</UL>

<P><STRONG><a name="[5c]"></a>__main_after_scatterload</STRONG> (Thumb, 0 bytes, Stack size unknown bytes, entry5.o(.ARM.Collect$$$$00000004))
<BR><BR>[Called By]<UL><LI><a href="#[41]">&gt;&gt;</a>&nbsp;&nbsp;&nbsp;__scatterload
</UL>

<P><STRONG><a name="[af]"></a>_main_clock</STRONG> (Thumb, 0 bytes, Stack size unknown bytes, entry7b.o(.ARM.Collect$$$$00000008))

<P><STRONG><a name="[b0]"></a>_main_cpp_init</STRONG> (Thumb, 0 bytes, Stack size unknown bytes, entry8b.o(.ARM.Collect$$$$0000000A))

<P><STRONG><a name="[b1]"></a>_main_init</STRONG> (Thumb, 0 bytes, Stack size unknown bytes, entry9a.o(.ARM.Collect$$$$0000000B))

<P><STRONG><a name="[b2]"></a>__rt_final_cpp</STRONG> (Thumb, 0 bytes, Stack size unknown bytes, entry10a.o(.ARM.Collect$$$$0000000D))

<P><STRONG><a name="[b3]"></a>__rt_final_exit</STRONG> (Thumb, 0 bytes, Stack size unknown bytes, entry11a.o(.ARM.Collect$$$$0000000F))

<P><STRONG><a name="[3]"></a>Reset_Handler</STRONG> (Thumb, 8 bytes, Stack size 0 bytes, startup_stm32f303x8.o(.text))
<BR>[Address Reference Count : 1]<UL><LI> startup_stm32f303x8.o(RESET)
</UL>
<P><STRONG><a name="[1f]"></a>ADC1_2_IRQHandler</STRONG> (Thumb, 0 bytes, Stack size 0 bytes, startup_stm32f303x8.o(.text))
<BR><BR>[Calls]<UL><LI><a href="#[1f]">&gt;&gt;</a>&nbsp;&nbsp;&nbsp;ADC1_2_IRQHandler
</UL>
<BR>[Called By]<UL><LI><a href="#[1f]">&gt;&gt;</a>&nbsp;&nbsp;&nbsp;ADC1_2_IRQHandler
</UL>
<BR>[Address Reference Count : 1]<UL><LI> startup_stm32f303x8.o(RESET)
</UL>
<P><STRONG><a name="[21]"></a>CAN_RX0_IRQHandler</STRONG> (Thumb, 0 bytes, Stack size 0 bytes, startup_stm32f303x8.o(.text))
<BR>[Address Reference Count : 1]<UL><LI> startup_stm32f303x8.o(RESET)
</UL>
<P><STRONG><a name="[22]"></a>CAN_RX1_IRQHandler</STRONG> (Thumb, 0 bytes, Stack size 0 bytes, startup_stm32f303x8.o(.text))
<BR>[Address Reference Count : 1]<UL><LI> startup_stm32f303x8.o(RESET)
</UL>
<P><STRONG><a name="[23]"></a>CAN_SCE_IRQHandler</STRONG> (Thumb, 0 bytes, Stack size 0 bytes, startup_stm32f303x8.o(.text))
<BR>[Address Reference Count : 1]<UL><LI> startup_stm32f303x8.o(RESET)
</UL>
<P><STRONG><a name="[20]"></a>CAN_TX_IRQHandler</STRONG> (Thumb, 0 bytes, Stack size 0 bytes, startup_stm32f303x8.o(.text))
<BR>[Address Reference Count : 1]<UL><LI> startup_stm32f303x8.o(RESET)
</UL>
<P><STRONG><a name="[35]"></a>COMP2_IRQHandler</STRONG> (Thumb, 0 bytes, Stack size 0 bytes, startup_stm32f303x8.o(.text))
<BR>[Address Reference Count : 1]<UL><LI> startup_stm32f303x8.o(RESET)
</UL>
<P><STRONG><a name="[36]"></a>COMP4_6_IRQHandler</STRONG> (Thumb, 0 bytes, Stack size 0 bytes, startup_stm32f303x8.o(.text))
<BR>[Address Reference Count : 1]<UL><LI> startup_stm32f303x8.o(RESET)
</UL>
<P><STRONG><a name="[18]"></a>DMA1_Channel1_IRQHandler</STRONG> (Thumb, 0 bytes, Stack size 0 bytes, startup_stm32f303x8.o(.text))
<BR>[Address Reference Count : 1]<UL><LI> startup_stm32f303x8.o(RESET)
</UL>
<P><STRONG><a name="[19]"></a>DMA1_Channel2_IRQHandler</STRONG> (Thumb, 0 bytes, Stack size 0 bytes, startup_stm32f303x8.o(.text))
<BR>[Address Reference Count : 1]<UL><LI> startup_stm32f303x8.o(RESET)
</UL>
<P><STRONG><a name="[1a]"></a>DMA1_Channel3_IRQHandler</STRONG> (Thumb, 0 bytes, Stack size 0 bytes, startup_stm32f303x8.o(.text))
<BR>[Address Reference Count : 1]<UL><LI> startup_stm32f303x8.o(RESET)
</UL>
<P><STRONG><a name="[1b]"></a>DMA1_Channel4_IRQHandler</STRONG> (Thumb, 0 bytes, Stack size 0 bytes, startup_stm32f303x8.o(.text))
<BR>[Address Reference Count : 1]<UL><LI> startup_stm32f303x8.o(RESET)
</UL>
<P><STRONG><a name="[1c]"></a>DMA1_Channel5_IRQHandler</STRONG> (Thumb, 0 bytes, Stack size 0 bytes, startup_stm32f303x8.o(.text))
<BR>[Address Reference Count : 1]<UL><LI> startup_stm32f303x8.o(RESET)
</UL>
<P><STRONG><a name="[1d]"></a>DMA1_Channel6_IRQHandler</STRONG> (Thumb, 0 bytes, Stack size 0 bytes, startup_stm32f303x8.o(.text))
<BR>[Address Reference Count : 1]<UL><LI> startup_stm32f303x8.o(RESET)
</UL>
<P><STRONG><a name="[1e]"></a>DMA1_Channel7_IRQHandler</STRONG> (Thumb, 0 bytes, Stack size 0 bytes, startup_stm32f303x8.o(.text))
<BR>[Address Reference Count : 1]<UL><LI> startup_stm32f303x8.o(RESET)
</UL>
<P><STRONG><a name="[13]"></a>EXTI0_IRQHandler</STRONG> (Thumb, 0 bytes, Stack size 0 bytes, startup_stm32f303x8.o(.text))
<BR>[Address Reference Count : 1]<UL><LI> startup_stm32f303x8.o(RESET)
</UL>
<P><STRONG><a name="[31]"></a>EXTI15_10_IRQHandler</STRONG> (Thumb, 0 bytes, Stack size 0 bytes, startup_stm32f303x8.o(.text))
<BR>[Address Reference Count : 1]<UL><LI> startup_stm32f303x8.o(RESET)
</UL>
<P><STRONG><a name="[14]"></a>EXTI1_IRQHandler</STRONG> (Thumb, 0 bytes, Stack size 0 bytes, startup_stm32f303x8.o(.text))
<BR>[Address Reference Count : 1]<UL><LI> startup_stm32f303x8.o(RESET)
</UL>
<P><STRONG><a name="[15]"></a>EXTI2_TSC_IRQHandler</STRONG> (Thumb, 0 bytes, Stack size 0 bytes, startup_stm32f303x8.o(.text))
<BR>[Address Reference Count : 1]<UL><LI> startup_stm32f303x8.o(RESET)
</UL>
<P><STRONG><a name="[16]"></a>EXTI3_IRQHandler</STRONG> (Thumb, 0 bytes, Stack size 0 bytes, startup_stm32f303x8.o(.text))
<BR>[Address Reference Count : 1]<UL><LI> startup_stm32f303x8.o(RESET)
</UL>
<P><STRONG><a name="[17]"></a>EXTI4_IRQHandler</STRONG> (Thumb, 0 bytes, Stack size 0 bytes, startup_stm32f303x8.o(.text))
<BR>[Address Reference Count : 1]<UL><LI> startup_stm32f303x8.o(RESET)
</UL>
<P><STRONG><a name="[24]"></a>EXTI9_5_IRQHandler</STRONG> (Thumb, 0 bytes, Stack size 0 bytes, startup_stm32f303x8.o(.text))
<BR>[Address Reference Count : 1]<UL><LI> startup_stm32f303x8.o(RESET)
</UL>
<P><STRONG><a name="[11]"></a>FLASH_IRQHandler</STRONG> (Thumb, 0 bytes, Stack size 0 bytes, startup_stm32f303x8.o(.text))
<BR>[Address Reference Count : 1]<UL><LI> startup_stm32f303x8.o(RESET)
</UL>
<P><STRONG><a name="[37]"></a>FPU_IRQHandler</STRONG> (Thumb, 0 bytes, Stack size 0 bytes, startup_stm32f303x8.o(.text))
<BR>[Address Reference Count : 1]<UL><LI> startup_stm32f303x8.o(RESET)
</UL>
<P><STRONG><a name="[2c]"></a>I2C1_ER_IRQHandler</STRONG> (Thumb, 0 bytes, Stack size 0 bytes, startup_stm32f303x8.o(.text))
<BR>[Address Reference Count : 1]<UL><LI> startup_stm32f303x8.o(RESET)
</UL>
<P><STRONG><a name="[2b]"></a>I2C1_EV_IRQHandler</STRONG> (Thumb, 0 bytes, Stack size 0 bytes, startup_stm32f303x8.o(.text))
<BR>[Address Reference Count : 1]<UL><LI> startup_stm32f303x8.o(RESET)
</UL>
<P><STRONG><a name="[e]"></a>PVD_IRQHandler</STRONG> (Thumb, 0 bytes, Stack size 0 bytes, startup_stm32f303x8.o(.text))
<BR>[Address Reference Count : 1]<UL><LI> startup_stm32f303x8.o(RESET)
</UL>
<P><STRONG><a name="[12]"></a>RCC_IRQHandler</STRONG> (Thumb, 0 bytes, Stack size 0 bytes, startup_stm32f303x8.o(.text))
<BR>[Address Reference Count : 1]<UL><LI> startup_stm32f303x8.o(RESET)
</UL>
<P><STRONG><a name="[32]"></a>RTC_Alarm_IRQHandler</STRONG> (Thumb, 0 bytes, Stack size 0 bytes, startup_stm32f303x8.o(.text))
<BR>[Address Reference Count : 1]<UL><LI> startup_stm32f303x8.o(RESET)
</UL>
<P><STRONG><a name="[10]"></a>RTC_WKUP_IRQHandler</STRONG> (Thumb, 0 bytes, Stack size 0 bytes, startup_stm32f303x8.o(.text))
<BR>[Address Reference Count : 1]<UL><LI> startup_stm32f303x8.o(RESET)
</UL>
<P><STRONG><a name="[2d]"></a>SPI1_IRQHandler</STRONG> (Thumb, 0 bytes, Stack size 0 bytes, startup_stm32f303x8.o(.text))
<BR>[Address Reference Count : 1]<UL><LI> startup_stm32f303x8.o(RESET)
</UL>
<P><STRONG><a name="[f]"></a>TAMP_STAMP_IRQHandler</STRONG> (Thumb, 0 bytes, Stack size 0 bytes, startup_stm32f303x8.o(.text))
<BR>[Address Reference Count : 1]<UL><LI> startup_stm32f303x8.o(RESET)
</UL>
<P><STRONG><a name="[25]"></a>TIM1_BRK_TIM15_IRQHandler</STRONG> (Thumb, 0 bytes, Stack size 0 bytes, startup_stm32f303x8.o(.text))
<BR>[Address Reference Count : 1]<UL><LI> startup_stm32f303x8.o(RESET)
</UL>
<P><STRONG><a name="[28]"></a>TIM1_CC_IRQHandler</STRONG> (Thumb, 0 bytes, Stack size 0 bytes, startup_stm32f303x8.o(.text))
<BR>[Address Reference Count : 1]<UL><LI> startup_stm32f303x8.o(RESET)
</UL>
<P><STRONG><a name="[27]"></a>TIM1_TRG_COM_TIM17_IRQHandler</STRONG> (Thumb, 0 bytes, Stack size 0 bytes, startup_stm32f303x8.o(.text))
<BR>[Address Reference Count : 1]<UL><LI> startup_stm32f303x8.o(RESET)
</UL>
<P><STRONG><a name="[26]"></a>TIM1_UP_TIM16_IRQHandler</STRONG> (Thumb, 0 bytes, Stack size 0 bytes, startup_stm32f303x8.o(.text))
<BR>[Address Reference Count : 1]<UL><LI> startup_stm32f303x8.o(RESET)
</UL>
<P><STRONG><a name="[2a]"></a>TIM3_IRQHandler</STRONG> (Thumb, 0 bytes, Stack size 0 bytes, startup_stm32f303x8.o(.text))
<BR>[Address Reference Count : 1]<UL><LI> startup_stm32f303x8.o(RESET)
</UL>
<P><STRONG><a name="[33]"></a>TIM6_DAC1_IRQHandler</STRONG> (Thumb, 0 bytes, Stack size 0 bytes, startup_stm32f303x8.o(.text))
<BR>[Address Reference Count : 1]<UL><LI> startup_stm32f303x8.o(RESET)
</UL>
<P><STRONG><a name="[34]"></a>TIM7_DAC2_IRQHandler</STRONG> (Thumb, 0 bytes, Stack size 0 bytes, startup_stm32f303x8.o(.text))
<BR>[Address Reference Count : 1]<UL><LI> startup_stm32f303x8.o(RESET)
</UL>
<P><STRONG><a name="[2e]"></a>USART1_IRQHandler</STRONG> (Thumb, 0 bytes, Stack size 0 bytes, startup_stm32f303x8.o(.text))
<BR>[Address Reference Count : 1]<UL><LI> startup_stm32f303x8.o(RESET)
</UL>
<P><STRONG><a name="[2f]"></a>USART2_IRQHandler</STRONG> (Thumb, 0 bytes, Stack size 0 bytes, startup_stm32f303x8.o(.text))
<BR>[Address Reference Count : 1]<UL><LI> startup_stm32f303x8.o(RESET)
</UL>
<P><STRONG><a name="[30]"></a>USART3_IRQHandler</STRONG> (Thumb, 0 bytes, Stack size 0 bytes, startup_stm32f303x8.o(.text))
<BR>[Address Reference Count : 1]<UL><LI> startup_stm32f303x8.o(RESET)
</UL>
<P><STRONG><a name="[d]"></a>WWDG_IRQHandler</STRONG> (Thumb, 0 bytes, Stack size 0 bytes, startup_stm32f303x8.o(.text))
<BR>[Address Reference Count : 1]<UL><LI> startup_stm32f303x8.o(RESET)
</UL>
<P><STRONG><a name="[77]"></a>rand</STRONG> (Thumb, 20 bytes, Stack size 0 bytes, rand.o(.text))
<BR><BR>[Called By]<UL><LI><a href="#[38]">&gt;&gt;</a>&nbsp;&nbsp;&nbsp;main
</UL>

<P><STRONG><a name="[b4]"></a>srand</STRONG> (Thumb, 6 bytes, Stack size 0 bytes, rand.o(.text), UNUSED)

<P><STRONG><a name="[ad]"></a>__aeabi_memcpy</STRONG> (Thumb, 36 bytes, Stack size 0 bytes, memcpya.o(.text))
<BR><BR>[Called By]<UL><LI><a href="#[7e]">&gt;&gt;</a>&nbsp;&nbsp;&nbsp;internal_alloc
</UL>

<P><STRONG><a name="[82]"></a>__aeabi_memcpy4</STRONG> (Thumb, 0 bytes, Stack size 0 bytes, memcpya.o(.text))
<BR><BR>[Called By]<UL><LI><a href="#[85]">&gt;&gt;</a>&nbsp;&nbsp;&nbsp;_platform_ai_buffer_array_copy
<LI><a href="#[7f]">&gt;&gt;</a>&nbsp;&nbsp;&nbsp;_ai_platform_get_io_buffers_info
<LI><a href="#[6d]">&gt;&gt;</a>&nbsp;&nbsp;&nbsp;ai_platform_network_init
</UL>

<P><STRONG><a name="[b5]"></a>__aeabi_memcpy8</STRONG> (Thumb, 0 bytes, Stack size 0 bytes, memcpya.o(.text), UNUSED)

<P><STRONG><a name="[43]"></a>__aeabi_memset</STRONG> (Thumb, 14 bytes, Stack size 0 bytes, memseta.o(.text), UNUSED)
<BR><BR>[Called By]<UL><LI><a href="#[44]">&gt;&gt;</a>&nbsp;&nbsp;&nbsp;_memset$wrapper
<LI><a href="#[42]">&gt;&gt;</a>&nbsp;&nbsp;&nbsp;__aeabi_memclr
</UL>

<P><STRONG><a name="[b6]"></a>__aeabi_memset4</STRONG> (Thumb, 0 bytes, Stack size 0 bytes, memseta.o(.text), UNUSED)

<P><STRONG><a name="[b7]"></a>__aeabi_memset8</STRONG> (Thumb, 0 bytes, Stack size 0 bytes, memseta.o(.text), UNUSED)

<P><STRONG><a name="[42]"></a>__aeabi_memclr</STRONG> (Thumb, 4 bytes, Stack size 0 bytes, memseta.o(.text), UNUSED)
<BR><BR>[Calls]<UL><LI><a href="#[43]">&gt;&gt;</a>&nbsp;&nbsp;&nbsp;__aeabi_memset
</UL>

<P><STRONG><a name="[80]"></a>__aeabi_memclr4</STRONG> (Thumb, 0 bytes, Stack size 0 bytes, memseta.o(.text))
<BR><BR>[Called By]<UL><LI><a href="#[7f]">&gt;&gt;</a>&nbsp;&nbsp;&nbsp;_ai_platform_get_io_buffers_info
</UL>

<P><STRONG><a name="[b8]"></a>__aeabi_memclr8</STRONG> (Thumb, 0 bytes, Stack size 0 bytes, memseta.o(.text), UNUSED)

<P><STRONG><a name="[44]"></a>_memset$wrapper</STRONG> (Thumb, 18 bytes, Stack size 8 bytes, memseta.o(.text), UNUSED)
<BR><BR>[Calls]<UL><LI><a href="#[43]">&gt;&gt;</a>&nbsp;&nbsp;&nbsp;__aeabi_memset
</UL>

<P><STRONG><a name="[94]"></a>memcmp</STRONG> (Thumb, 26 bytes, Stack size 12 bytes, memcmp.o(.text))
<BR><BR>[Stack]<UL><LI>Max Depth = 12<LI>Call Chain = memcmp
</UL>
<BR>[Called By]<UL><LI><a href="#[93]">&gt;&gt;</a>&nbsp;&nbsp;&nbsp;ai_check_custom_types
</UL>

<P><STRONG><a name="[45]"></a>__0scanf</STRONG> (Thumb, 26 bytes, Stack size 56 bytes, __0scanf.o(.text))
<BR><BR>[Stack]<UL><LI>Max Depth = 248<LI>Call Chain = __0scanf &rArr; __vfscanf_char_file &rArr; __vfscanf_char &rArr; __vfscanf &rArr; _scanf_real
</UL>
<BR>[Calls]<UL><LI><a href="#[46]">&gt;&gt;</a>&nbsp;&nbsp;&nbsp;__vfscanf_char_file
</UL>
<BR>[Called By]<UL><LI><a href="#[38]">&gt;&gt;</a>&nbsp;&nbsp;&nbsp;main
</UL>

<P><STRONG><a name="[47]"></a>_scanf_int</STRONG> (Thumb, 332 bytes, Stack size 56 bytes, _scanf_int.o(.text))
<BR><BR>[Stack]<UL><LI>Max Depth = 56<LI>Call Chain = _scanf_int
</UL>
<BR>[Calls]<UL><LI><a href="#[48]">&gt;&gt;</a>&nbsp;&nbsp;&nbsp;_chval
</UL>
<BR>[Called By]<UL><LI><a href="#[5d]">&gt;&gt;</a>&nbsp;&nbsp;&nbsp;__vfscanf
</UL>

<P><STRONG><a name="[5f]"></a>_scanf_real</STRONG> (Thumb, 0 bytes, Stack size 104 bytes, scanf_fp.o(.text))
<BR><BR>[Stack]<UL><LI>Max Depth = 104<LI>Call Chain = _scanf_real
</UL>
<BR>[Called By]<UL><LI><a href="#[5d]">&gt;&gt;</a>&nbsp;&nbsp;&nbsp;__vfscanf
</UL>

<P><STRONG><a name="[4d]"></a>_scanf_really_real</STRONG> (Thumb, 556 bytes, Stack size 104 bytes, scanf_fp.o(.text), UNUSED)
<BR><BR>[Calls]<UL><LI><a href="#[4f]">&gt;&gt;</a>&nbsp;&nbsp;&nbsp;__aeabi_d2f
<LI><a href="#[4e]">&gt;&gt;</a>&nbsp;&nbsp;&nbsp;_is_digit
<LI><a href="#[49]">&gt;&gt;</a>&nbsp;&nbsp;&nbsp;_fp_value
</UL>

<P><STRONG><a name="[b9]"></a>__aeabi_uidiv</STRONG> (Thumb, 0 bytes, Stack size 12 bytes, uidiv.o(.text), UNUSED)

<P><STRONG><a name="[92]"></a>__aeabi_uidivmod</STRONG> (Thumb, 44 bytes, Stack size 12 bytes, uidiv.o(.text), UNUSED)
<BR><BR>[Called By]<UL><LI><a href="#[7c]">&gt;&gt;</a>&nbsp;&nbsp;&nbsp;_printf_core
</UL>

<P><STRONG><a name="[50]"></a>__aeabi_uldivmod</STRONG> (Thumb, 98 bytes, Stack size 40 bytes, uldiv.o(.text), UNUSED)
<BR><BR>[Calls]<UL><LI><a href="#[51]">&gt;&gt;</a>&nbsp;&nbsp;&nbsp;__aeabi_llsr
<LI><a href="#[52]">&gt;&gt;</a>&nbsp;&nbsp;&nbsp;__aeabi_llsl
</UL>
<BR>[Called By]<UL><LI><a href="#[7c]">&gt;&gt;</a>&nbsp;&nbsp;&nbsp;_printf_core
<LI><a href="#[83]">&gt;&gt;</a>&nbsp;&nbsp;&nbsp;_fp_digits
</UL>

<P><STRONG><a name="[52]"></a>__aeabi_llsl</STRONG> (Thumb, 30 bytes, Stack size 0 bytes, llshl.o(.text))
<BR><BR>[Called By]<UL><LI><a href="#[54]">&gt;&gt;</a>&nbsp;&nbsp;&nbsp;__aeabi_dadd
<LI><a href="#[5a]">&gt;&gt;</a>&nbsp;&nbsp;&nbsp;__aeabi_d2ulz
<LI><a href="#[56]">&gt;&gt;</a>&nbsp;&nbsp;&nbsp;_double_epilogue
<LI><a href="#[50]">&gt;&gt;</a>&nbsp;&nbsp;&nbsp;__aeabi_uldivmod
</UL>

<P><STRONG><a name="[ba]"></a>_ll_shift_l</STRONG> (Thumb, 0 bytes, Stack size 0 bytes, llshl.o(.text), UNUSED)

<P><STRONG><a name="[48]"></a>_chval</STRONG> (Thumb, 28 bytes, Stack size 0 bytes, _chval.o(.text))
<BR><BR>[Called By]<UL><LI><a href="#[47]">&gt;&gt;</a>&nbsp;&nbsp;&nbsp;_scanf_int
</UL>

<P><STRONG><a name="[46]"></a>__vfscanf_char_file</STRONG> (Thumb, 12 bytes, Stack size 0 bytes, scanf_char_file.o(.text))
<BR><BR>[Stack]<UL><LI>Max Depth = 192<LI>Call Chain = __vfscanf_char_file &rArr; __vfscanf_char &rArr; __vfscanf &rArr; _scanf_real
</UL>
<BR>[Calls]<UL><LI><a href="#[53]">&gt;&gt;</a>&nbsp;&nbsp;&nbsp;__vfscanf_char
</UL>
<BR>[Called By]<UL><LI><a href="#[45]">&gt;&gt;</a>&nbsp;&nbsp;&nbsp;__0scanf
</UL>

<P><STRONG><a name="[bb]"></a>__I$use$fp</STRONG> (Thumb, 0 bytes, Stack size 48 bytes, iusefp.o(.text), UNUSED)

<P><STRONG><a name="[54]"></a>__aeabi_dadd</STRONG> (Thumb, 322 bytes, Stack size 48 bytes, dadd.o(.text))
<BR><BR>[Stack]<UL><LI>Max Depth = 88<LI>Call Chain = __aeabi_dadd &rArr; _double_epilogue &rArr; _double_round
</UL>
<BR>[Calls]<UL><LI><a href="#[55]">&gt;&gt;</a>&nbsp;&nbsp;&nbsp;__aeabi_lasr
<LI><a href="#[57]">&gt;&gt;</a>&nbsp;&nbsp;&nbsp;_double_round
<LI><a href="#[56]">&gt;&gt;</a>&nbsp;&nbsp;&nbsp;_double_epilogue
<LI><a href="#[52]">&gt;&gt;</a>&nbsp;&nbsp;&nbsp;__aeabi_llsl
</UL>
<BR>[Called By]<UL><LI><a href="#[83]">&gt;&gt;</a>&nbsp;&nbsp;&nbsp;_fp_digits
<LI><a href="#[59]">&gt;&gt;</a>&nbsp;&nbsp;&nbsp;__aeabi_drsub
<LI><a href="#[58]">&gt;&gt;</a>&nbsp;&nbsp;&nbsp;__aeabi_dsub
</UL>

<P><STRONG><a name="[58]"></a>__aeabi_dsub</STRONG> (Thumb, 6 bytes, Stack size 0 bytes, dadd.o(.text))
<BR><BR>[Stack]<UL><LI>Max Depth = 88<LI>Call Chain = __aeabi_dsub &rArr; __aeabi_dadd &rArr; _double_epilogue &rArr; _double_round
</UL>
<BR>[Calls]<UL><LI><a href="#[54]">&gt;&gt;</a>&nbsp;&nbsp;&nbsp;__aeabi_dadd
</UL>
<BR>[Called By]<UL><LI><a href="#[38]">&gt;&gt;</a>&nbsp;&nbsp;&nbsp;main
</UL>

<P><STRONG><a name="[59]"></a>__aeabi_drsub</STRONG> (Thumb, 6 bytes, Stack size 0 bytes, dadd.o(.text), UNUSED)
<BR><BR>[Calls]<UL><LI><a href="#[54]">&gt;&gt;</a>&nbsp;&nbsp;&nbsp;__aeabi_dadd
</UL>

<P><STRONG><a name="[4b]"></a>__aeabi_dmul</STRONG> (Thumb, 228 bytes, Stack size 48 bytes, dmul.o(.text), UNUSED)
<BR><BR>[Calls]<UL><LI><a href="#[56]">&gt;&gt;</a>&nbsp;&nbsp;&nbsp;_double_epilogue
</UL>
<BR>[Called By]<UL><LI><a href="#[49]">&gt;&gt;</a>&nbsp;&nbsp;&nbsp;_fp_value
<LI><a href="#[83]">&gt;&gt;</a>&nbsp;&nbsp;&nbsp;_fp_digits
</UL>

<P><STRONG><a name="[4c]"></a>__aeabi_ddiv</STRONG> (Thumb, 222 bytes, Stack size 32 bytes, ddiv.o(.text))
<BR><BR>[Stack]<UL><LI>Max Depth = 40<LI>Call Chain = __aeabi_ddiv &rArr; _double_round
</UL>
<BR>[Calls]<UL><LI><a href="#[57]">&gt;&gt;</a>&nbsp;&nbsp;&nbsp;_double_round
</UL>
<BR>[Called By]<UL><LI><a href="#[49]">&gt;&gt;</a>&nbsp;&nbsp;&nbsp;_fp_value
<LI><a href="#[83]">&gt;&gt;</a>&nbsp;&nbsp;&nbsp;_fp_digits
<LI><a href="#[38]">&gt;&gt;</a>&nbsp;&nbsp;&nbsp;main
</UL>

<P><STRONG><a name="[4a]"></a>__aeabi_ul2d</STRONG> (Thumb, 24 bytes, Stack size 16 bytes, dfltul.o(.text), UNUSED)
<BR><BR>[Calls]<UL><LI><a href="#[56]">&gt;&gt;</a>&nbsp;&nbsp;&nbsp;_double_epilogue
</UL>
<BR>[Called By]<UL><LI><a href="#[49]">&gt;&gt;</a>&nbsp;&nbsp;&nbsp;_fp_value
</UL>

<P><STRONG><a name="[5a]"></a>__aeabi_d2ulz</STRONG> (Thumb, 48 bytes, Stack size 0 bytes, dfixul.o(.text), UNUSED)
<BR><BR>[Calls]<UL><LI><a href="#[51]">&gt;&gt;</a>&nbsp;&nbsp;&nbsp;__aeabi_llsr
<LI><a href="#[52]">&gt;&gt;</a>&nbsp;&nbsp;&nbsp;__aeabi_llsl
</UL>
<BR>[Called By]<UL><LI><a href="#[83]">&gt;&gt;</a>&nbsp;&nbsp;&nbsp;_fp_digits
</UL>

<P><STRONG><a name="[84]"></a>__aeabi_cdrcmple</STRONG> (Thumb, 48 bytes, Stack size 0 bytes, cdrcmple.o(.text), UNUSED)
<BR><BR>[Called By]<UL><LI><a href="#[83]">&gt;&gt;</a>&nbsp;&nbsp;&nbsp;_fp_digits
</UL>

<P><STRONG><a name="[4f]"></a>__aeabi_d2f</STRONG> (Thumb, 56 bytes, Stack size 8 bytes, d2f.o(.text), UNUSED)
<BR><BR>[Calls]<UL><LI><a href="#[5b]">&gt;&gt;</a>&nbsp;&nbsp;&nbsp;_float_round
</UL>
<BR>[Called By]<UL><LI><a href="#[4d]">&gt;&gt;</a>&nbsp;&nbsp;&nbsp;_scanf_really_real
</UL>

<P><STRONG><a name="[41]"></a>__scatterload</STRONG> (Thumb, 28 bytes, Stack size 0 bytes, init.o(.text))
<BR><BR>[Calls]<UL><LI><a href="#[5c]">&gt;&gt;</a>&nbsp;&nbsp;&nbsp;__main_after_scatterload
</UL>
<BR>[Called By]<UL><LI><a href="#[40]">&gt;&gt;</a>&nbsp;&nbsp;&nbsp;_main_scatterload
</UL>

<P><STRONG><a name="[bc]"></a>__scatterload_rt2</STRONG> (Thumb, 0 bytes, Stack size 0 bytes, init.o(.text), UNUSED)

<P><STRONG><a name="[bd]"></a>_fgetc$bs</STRONG> (Thumb, 28 bytes, Stack size 8 bytes, fgetc_b.o(.text), UNUSED)

<P><STRONG><a name="[3c]"></a>__backspace</STRONG> (Thumb, 10 bytes, Stack size 0 bytes, fgetc_b.o(.text))
<BR>[Address Reference Count : 1]<UL><LI> scanf_char_file.o(.text)
</UL>
<P><STRONG><a name="[51]"></a>__aeabi_llsr</STRONG> (Thumb, 32 bytes, Stack size 0 bytes, llushr.o(.text))
<BR><BR>[Called By]<UL><LI><a href="#[5a]">&gt;&gt;</a>&nbsp;&nbsp;&nbsp;__aeabi_d2ulz
<LI><a href="#[56]">&gt;&gt;</a>&nbsp;&nbsp;&nbsp;_double_epilogue
<LI><a href="#[50]">&gt;&gt;</a>&nbsp;&nbsp;&nbsp;__aeabi_uldivmod
</UL>

<P><STRONG><a name="[be]"></a>_ll_ushift_r</STRONG> (Thumb, 0 bytes, Stack size 0 bytes, llushr.o(.text), UNUSED)

<P><STRONG><a name="[55]"></a>__aeabi_lasr</STRONG> (Thumb, 36 bytes, Stack size 0 bytes, llsshr.o(.text))
<BR><BR>[Called By]<UL><LI><a href="#[54]">&gt;&gt;</a>&nbsp;&nbsp;&nbsp;__aeabi_dadd
</UL>

<P><STRONG><a name="[bf]"></a>_ll_sshift_r</STRONG> (Thumb, 0 bytes, Stack size 0 bytes, llsshr.o(.text), UNUSED)

<P><STRONG><a name="[53]"></a>__vfscanf_char</STRONG> (Thumb, 20 bytes, Stack size 0 bytes, scanf_char.o(.text))
<BR><BR>[Stack]<UL><LI>Max Depth = 192<LI>Call Chain = __vfscanf_char &rArr; __vfscanf &rArr; _scanf_real
</UL>
<BR>[Calls]<UL><LI><a href="#[5d]">&gt;&gt;</a>&nbsp;&nbsp;&nbsp;__vfscanf
</UL>
<BR>[Called By]<UL><LI><a href="#[46]">&gt;&gt;</a>&nbsp;&nbsp;&nbsp;__vfscanf_char_file
</UL>

<P><STRONG><a name="[5b]"></a>_float_round</STRONG> (Thumb, 18 bytes, Stack size 0 bytes, fepilogue.o(.text), UNUSED)
<BR><BR>[Called By]<UL><LI><a href="#[4f]">&gt;&gt;</a>&nbsp;&nbsp;&nbsp;__aeabi_d2f
</UL>

<P><STRONG><a name="[c0]"></a>_float_epilogue</STRONG> (Thumb, 92 bytes, Stack size 4 bytes, fepilogue.o(.text), UNUSED)

<P><STRONG><a name="[57]"></a>_double_round</STRONG> (Thumb, 30 bytes, Stack size 8 bytes, depilogue.o(.text))
<BR><BR>[Stack]<UL><LI>Max Depth = 8<LI>Call Chain = _double_round
</UL>
<BR>[Called By]<UL><LI><a href="#[4c]">&gt;&gt;</a>&nbsp;&nbsp;&nbsp;__aeabi_ddiv
<LI><a href="#[54]">&gt;&gt;</a>&nbsp;&nbsp;&nbsp;__aeabi_dadd
<LI><a href="#[56]">&gt;&gt;</a>&nbsp;&nbsp;&nbsp;_double_epilogue
</UL>

<P><STRONG><a name="[56]"></a>_double_epilogue</STRONG> (Thumb, 156 bytes, Stack size 32 bytes, depilogue.o(.text))
<BR><BR>[Stack]<UL><LI>Max Depth = 40<LI>Call Chain = _double_epilogue &rArr; _double_round
</UL>
<BR>[Calls]<UL><LI><a href="#[51]">&gt;&gt;</a>&nbsp;&nbsp;&nbsp;__aeabi_llsr
<LI><a href="#[57]">&gt;&gt;</a>&nbsp;&nbsp;&nbsp;_double_round
<LI><a href="#[52]">&gt;&gt;</a>&nbsp;&nbsp;&nbsp;__aeabi_llsl
</UL>
<BR>[Called By]<UL><LI><a href="#[4a]">&gt;&gt;</a>&nbsp;&nbsp;&nbsp;__aeabi_ul2d
<LI><a href="#[4b]">&gt;&gt;</a>&nbsp;&nbsp;&nbsp;__aeabi_dmul
<LI><a href="#[54]">&gt;&gt;</a>&nbsp;&nbsp;&nbsp;__aeabi_dadd
<LI><a href="#[60]">&gt;&gt;</a>&nbsp;&nbsp;&nbsp;__aeabi_ui2d
</UL>

<P><STRONG><a name="[c1]"></a>__semihosting_library_function</STRONG> (Thumb, 0 bytes, Stack size 0 bytes, semi.o(.text), UNUSED)

<P><STRONG><a name="[3e]"></a>isspace</STRONG> (Thumb, 10 bytes, Stack size 0 bytes, isspace_c.o(.text))
<BR><BR>[Calls]<UL><LI><a href="#[5e]">&gt;&gt;</a>&nbsp;&nbsp;&nbsp;__ctype_lookup
</UL>
<BR>[Address Reference Count : 1]<UL><LI> scanf_char.o(.text)
</UL>
<P><STRONG><a name="[5d]"></a>__vfscanf</STRONG> (Thumb, 808 bytes, Stack size 88 bytes, _scanf.o(.text))
<BR><BR>[Stack]<UL><LI>Max Depth = 192<LI>Call Chain = __vfscanf &rArr; _scanf_real
</UL>
<BR>[Calls]<UL><LI><a href="#[5f]">&gt;&gt;</a>&nbsp;&nbsp;&nbsp;_scanf_real
<LI><a href="#[47]">&gt;&gt;</a>&nbsp;&nbsp;&nbsp;_scanf_int
</UL>
<BR>[Called By]<UL><LI><a href="#[53]">&gt;&gt;</a>&nbsp;&nbsp;&nbsp;__vfscanf_char
</UL>

<P><STRONG><a name="[c2]"></a>__I$use$semihosting$fgetc</STRONG> (Thumb, 0 bytes, Stack size 0 bytes, iusesemig.o(.text), UNUSED)

<P><STRONG><a name="[5e]"></a>__ctype_lookup</STRONG> (Thumb, 34 bytes, Stack size 0 bytes, ctype_c.o(.text))
<BR><BR>[Called By]<UL><LI><a href="#[3e]">&gt;&gt;</a>&nbsp;&nbsp;&nbsp;isspace
</UL>

<P><STRONG><a name="[60]"></a>__aeabi_ui2d</STRONG> (Thumb, 26 bytes, Stack size 16 bytes, dfltui.o(.text))
<BR><BR>[Stack]<UL><LI>Max Depth = 56<LI>Call Chain = __aeabi_ui2d &rArr; _double_epilogue &rArr; _double_round
</UL>
<BR>[Calls]<UL><LI><a href="#[56]">&gt;&gt;</a>&nbsp;&nbsp;&nbsp;_double_epilogue
</UL>
<BR>[Called By]<UL><LI><a href="#[38]">&gt;&gt;</a>&nbsp;&nbsp;&nbsp;main
</UL>

<P><STRONG><a name="[c3]"></a>__decompress</STRONG> (Thumb, 0 bytes, Stack size unknown bytes, __dczerorl2.o(.text), UNUSED)

<P><STRONG><a name="[c4]"></a>__decompress1</STRONG> (Thumb, 86 bytes, Stack size unknown bytes, __dczerorl2.o(.text), UNUSED)

<P><STRONG><a name="[7]"></a>BusFault_Handler</STRONG> (Thumb, 2 bytes, Stack size 0 bytes, lto-llvm-108fa6.o(.text.BusFault_Handler))
<BR><BR>[Calls]<UL><LI><a href="#[7]">&gt;&gt;</a>&nbsp;&nbsp;&nbsp;BusFault_Handler
</UL>
<BR>[Called By]<UL><LI><a href="#[7]">&gt;&gt;</a>&nbsp;&nbsp;&nbsp;BusFault_Handler
</UL>
<BR>[Address Reference Count : 1]<UL><LI> startup_stm32f303x8.o(RESET)
</UL>
<P><STRONG><a name="[a]"></a>DebugMon_Handler</STRONG> (Thumb, 2 bytes, Stack size 0 bytes, lto-llvm-108fa6.o(.text.DebugMon_Handler))
<BR>[Address Reference Count : 1]<UL><LI> startup_stm32f303x8.o(RESET)
</UL>
<P><STRONG><a name="[5]"></a>HardFault_Handler</STRONG> (Thumb, 2 bytes, Stack size 0 bytes, lto-llvm-108fa6.o(.text.HardFault_Handler))
<BR><BR>[Calls]<UL><LI><a href="#[5]">&gt;&gt;</a>&nbsp;&nbsp;&nbsp;HardFault_Handler
</UL>
<BR>[Called By]<UL><LI><a href="#[5]">&gt;&gt;</a>&nbsp;&nbsp;&nbsp;HardFault_Handler
</UL>
<BR>[Address Reference Count : 1]<UL><LI> startup_stm32f303x8.o(RESET)
</UL>
<P><STRONG><a name="[6]"></a>MemManage_Handler</STRONG> (Thumb, 2 bytes, Stack size 0 bytes, lto-llvm-108fa6.o(.text.MemManage_Handler))
<BR><BR>[Calls]<UL><LI><a href="#[6]">&gt;&gt;</a>&nbsp;&nbsp;&nbsp;MemManage_Handler
</UL>
<BR>[Called By]<UL><LI><a href="#[6]">&gt;&gt;</a>&nbsp;&nbsp;&nbsp;MemManage_Handler
</UL>
<BR>[Address Reference Count : 1]<UL><LI> startup_stm32f303x8.o(RESET)
</UL>
<P><STRONG><a name="[4]"></a>NMI_Handler</STRONG> (Thumb, 2 bytes, Stack size 0 bytes, lto-llvm-108fa6.o(.text.NMI_Handler))
<BR><BR>[Calls]<UL><LI><a href="#[4]">&gt;&gt;</a>&nbsp;&nbsp;&nbsp;NMI_Handler
</UL>
<BR>[Called By]<UL><LI><a href="#[4]">&gt;&gt;</a>&nbsp;&nbsp;&nbsp;NMI_Handler
</UL>
<BR>[Address Reference Count : 1]<UL><LI> startup_stm32f303x8.o(RESET)
</UL>
<P><STRONG><a name="[b]"></a>PendSV_Handler</STRONG> (Thumb, 2 bytes, Stack size 0 bytes, lto-llvm-108fa6.o(.text.PendSV_Handler))
<BR>[Address Reference Count : 1]<UL><LI> startup_stm32f303x8.o(RESET)
</UL>
<P><STRONG><a name="[9]"></a>SVC_Handler</STRONG> (Thumb, 2 bytes, Stack size 0 bytes, lto-llvm-108fa6.o(.text.SVC_Handler))
<BR>[Address Reference Count : 1]<UL><LI> startup_stm32f303x8.o(RESET)
</UL>
<P><STRONG><a name="[c]"></a>SysTick_Handler</STRONG> (Thumb, 16 bytes, Stack size 0 bytes, lto-llvm-108fa6.o(.text.SysTick_Handler))
<BR>[Address Reference Count : 1]<UL><LI> startup_stm32f303x8.o(RESET)
</UL>
<P><STRONG><a name="[39]"></a>SystemInit</STRONG> (Thumb, 18 bytes, Stack size 0 bytes, lto-llvm-108fa6.o(.text.SystemInit))
<BR>[Address Reference Count : 1]<UL><LI> startup_stm32f303x8.o(.text)
</UL>
<P><STRONG><a name="[29]"></a>TIM2_IRQHandler</STRONG> (Thumb, 2 bytes, Stack size 0 bytes, lto-llvm-108fa6.o(.text.TIM2_IRQHandler))
<BR>[Address Reference Count : 1]<UL><LI> startup_stm32f303x8.o(RESET)
</UL>
<P><STRONG><a name="[8]"></a>UsageFault_Handler</STRONG> (Thumb, 2 bytes, Stack size 0 bytes, lto-llvm-108fa6.o(.text.UsageFault_Handler))
<BR><BR>[Calls]<UL><LI><a href="#[8]">&gt;&gt;</a>&nbsp;&nbsp;&nbsp;UsageFault_Handler
</UL>
<BR>[Called By]<UL><LI><a href="#[8]">&gt;&gt;</a>&nbsp;&nbsp;&nbsp;UsageFault_Handler
</UL>
<BR>[Address Reference Count : 1]<UL><LI> startup_stm32f303x8.o(RESET)
</UL>
<P><STRONG><a name="[3b]"></a>fgetc</STRONG> (Thumb, 202 bytes, Stack size 32 bytes, lto-llvm-108fa6.o(.text.fgetc))
<BR><BR>[Stack]<UL><LI>Max Depth = 48<LI>Call Chain = fgetc &rArr; UART_WaitOnFlagUntilTimeout
</UL>
<BR>[Calls]<UL><LI><a href="#[62]">&gt;&gt;</a>&nbsp;&nbsp;&nbsp;UART_WaitOnFlagUntilTimeout
</UL>
<BR>[Address Reference Count : 1]<UL><LI> scanf_char_file.o(.text)
</UL>
<P><STRONG><a name="[3f]"></a>fputc</STRONG> (Thumb, 152 bytes, Stack size 24 bytes, lto-llvm-108fa6.o(.text.fputc))
<BR><BR>[Stack]<UL><LI>Max Depth = 40<LI>Call Chain = fputc &rArr; UART_WaitOnFlagUntilTimeout
</UL>
<BR>[Calls]<UL><LI><a href="#[62]">&gt;&gt;</a>&nbsp;&nbsp;&nbsp;UART_WaitOnFlagUntilTimeout
</UL>
<BR>[Address Reference Count : 1]<UL><LI> printfa.o(i.__0printf)
</UL>
<P><STRONG><a name="[38]"></a>main</STRONG> (Thumb, 2674 bytes, Stack size 88 bytes, lto-llvm-108fa6.o(.text.main))
<BR><BR>[Stack]<UL><LI>Max Depth = 336<LI>Call Chain = main &rArr; __0scanf &rArr; __vfscanf_char_file &rArr; __vfscanf_char &rArr; __vfscanf &rArr; _scanf_real
</UL>
<BR>[Calls]<UL><LI><a href="#[6a]">&gt;&gt;</a>&nbsp;&nbsp;&nbsp;ai_platform_bind_network_params
<LI><a href="#[6b]">&gt;&gt;</a>&nbsp;&nbsp;&nbsp;ai_buffer_array_item_set_address
<LI><a href="#[70]">&gt;&gt;</a>&nbsp;&nbsp;&nbsp;ai_platform_get_activations_map
<LI><a href="#[6d]">&gt;&gt;</a>&nbsp;&nbsp;&nbsp;ai_platform_network_init
<LI><a href="#[71]">&gt;&gt;</a>&nbsp;&nbsp;&nbsp;ai_platform_network_post_init
<LI><a href="#[6f]">&gt;&gt;</a>&nbsp;&nbsp;&nbsp;ai_platform_network_set_error
<LI><a href="#[73]">&gt;&gt;</a>&nbsp;&nbsp;&nbsp;ai_platform_outputs_get
<LI><a href="#[72]">&gt;&gt;</a>&nbsp;&nbsp;&nbsp;ai_platform_inputs_get
<LI><a href="#[69]">&gt;&gt;</a>&nbsp;&nbsp;&nbsp;ai_platform_network_create
<LI><a href="#[6e]">&gt;&gt;</a>&nbsp;&nbsp;&nbsp;ai_platform_get_weights_map
<LI><a href="#[65]">&gt;&gt;</a>&nbsp;&nbsp;&nbsp;ai_platform_network_get_error
<LI><a href="#[45]">&gt;&gt;</a>&nbsp;&nbsp;&nbsp;__0scanf
<LI><a href="#[4c]">&gt;&gt;</a>&nbsp;&nbsp;&nbsp;__aeabi_ddiv
<LI><a href="#[74]">&gt;&gt;</a>&nbsp;&nbsp;&nbsp;__2printf
<LI><a href="#[77]">&gt;&gt;</a>&nbsp;&nbsp;&nbsp;rand
<LI><a href="#[60]">&gt;&gt;</a>&nbsp;&nbsp;&nbsp;__aeabi_ui2d
<LI><a href="#[63]">&gt;&gt;</a>&nbsp;&nbsp;&nbsp;aiRun
<LI><a href="#[75]">&gt;&gt;</a>&nbsp;&nbsp;&nbsp;HAL_Delay
<LI><a href="#[6c]">&gt;&gt;</a>&nbsp;&nbsp;&nbsp;Error_Handler
<LI><a href="#[61]">&gt;&gt;</a>&nbsp;&nbsp;&nbsp;OUTLINED_FUNCTION_0
<LI><a href="#[68]">&gt;&gt;</a>&nbsp;&nbsp;&nbsp;HAL_RCC_GetPCLK1Freq
<LI><a href="#[67]">&gt;&gt;</a>&nbsp;&nbsp;&nbsp;HAL_RCC_GetSysClockFreq
<LI><a href="#[66]">&gt;&gt;</a>&nbsp;&nbsp;&nbsp;HAL_InitTick
<LI><a href="#[76]">&gt;&gt;</a>&nbsp;&nbsp;&nbsp;getCurrentMicros
<LI><a href="#[58]">&gt;&gt;</a>&nbsp;&nbsp;&nbsp;__aeabi_dsub
</UL>
<BR>[Address Reference Count : 1]<UL><LI> entry9a.o(.ARM.Collect$$$$0000000B)
</UL>
<P><STRONG><a name="[7b]"></a>__0printf</STRONG> (Thumb, 22 bytes, Stack size 24 bytes, printfa.o(i.__0printf), UNUSED)
<BR><BR>[Calls]<UL><LI><a href="#[7c]">&gt;&gt;</a>&nbsp;&nbsp;&nbsp;_printf_core
</UL>

<P><STRONG><a name="[c5]"></a>__1printf</STRONG> (Thumb, 0 bytes, Stack size 24 bytes, printfa.o(i.__0printf), UNUSED)

<P><STRONG><a name="[74]"></a>__2printf</STRONG> (Thumb, 0 bytes, Stack size 24 bytes, printfa.o(i.__0printf))
<BR><BR>[Stack]<UL><LI>Max Depth = 24<LI>Call Chain = __2printf
</UL>
<BR>[Called By]<UL><LI><a href="#[38]">&gt;&gt;</a>&nbsp;&nbsp;&nbsp;main
</UL>

<P><STRONG><a name="[c6]"></a>__c89printf</STRONG> (Thumb, 0 bytes, Stack size 24 bytes, printfa.o(i.__0printf), UNUSED)

<P><STRONG><a name="[c7]"></a>printf</STRONG> (Thumb, 0 bytes, Stack size 24 bytes, printfa.o(i.__0printf), UNUSED)

<P><STRONG><a name="[a8]"></a>free</STRONG> (Thumb, 88 bytes, Stack size 12 bytes, mallocr.o(i.__free$realloc))
<BR><BR>[Stack]<UL><LI>Max Depth = 12<LI>Call Chain = free
</UL>
<BR>[Called By]<UL><LI><a href="#[a2]">&gt;&gt;</a>&nbsp;&nbsp;&nbsp;forward_lite_conv2d_if32of32wf32
</UL>

<P><STRONG><a name="[7d]"></a>malloc</STRONG> (Thumb, 64 bytes, Stack size 32 bytes, mallocr.o(i.__malloc$realloc))
<BR><BR>[Stack]<UL><LI>Max Depth = 56<LI>Call Chain = malloc &rArr; internal_alloc
</UL>
<BR>[Calls]<UL><LI><a href="#[7e]">&gt;&gt;</a>&nbsp;&nbsp;&nbsp;internal_alloc
</UL>
<BR>[Called By]<UL><LI><a href="#[a2]">&gt;&gt;</a>&nbsp;&nbsp;&nbsp;forward_lite_conv2d_if32of32wf32
</UL>

<P><STRONG><a name="[c8]"></a>__scatterload_copy</STRONG> (Thumb, 14 bytes, Stack size unknown bytes, handlers.o(i.__scatterload_copy), UNUSED)

<P><STRONG><a name="[c9]"></a>__scatterload_null</STRONG> (Thumb, 2 bytes, Stack size unknown bytes, handlers.o(i.__scatterload_null), UNUSED)

<P><STRONG><a name="[ca]"></a>__scatterload_zeroinit</STRONG> (Thumb, 14 bytes, Stack size unknown bytes, handlers.o(i.__scatterload_zeroinit), UNUSED)

<P><STRONG><a name="[79]"></a>_ai_platform_acquire_crc</STRONG> (Thumb, 4 bytes, Stack size 0 bytes, ai_platform_interface.o(i._ai_platform_acquire_crc))
<BR><BR>[Called By]<UL><LI><a href="#[78]">&gt;&gt;</a>&nbsp;&nbsp;&nbsp;CRC_Lock
<LI><a href="#[69]">&gt;&gt;</a>&nbsp;&nbsp;&nbsp;ai_platform_network_create
</UL>

<P><STRONG><a name="[7a]"></a>_ai_platform_release_crc</STRONG> (Thumb, 2 bytes, Stack size 0 bytes, ai_platform_interface.o(i._ai_platform_release_crc))
<BR><BR>[Called By]<UL><LI><a href="#[78]">&gt;&gt;</a>&nbsp;&nbsp;&nbsp;CRC_Lock
<LI><a href="#[69]">&gt;&gt;</a>&nbsp;&nbsp;&nbsp;ai_platform_network_create
</UL>

<P><STRONG><a name="[4e]"></a>_is_digit</STRONG> (Thumb, 14 bytes, Stack size 0 bytes, scanf_fp.o(i._is_digit), UNUSED)
<BR><BR>[Called By]<UL><LI><a href="#[4d]">&gt;&gt;</a>&nbsp;&nbsp;&nbsp;_scanf_really_real
</UL>

<P><STRONG><a name="[a3]"></a>ai_array_get_byte_size</STRONG> (Thumb, 54 bytes, Stack size 0 bytes, ai_datatypes_format.o(i.ai_array_get_byte_size))
<BR><BR>[Called By]<UL><LI><a href="#[1]">&gt;&gt;</a>&nbsp;&nbsp;&nbsp;forward_dense
</UL>

<P><STRONG><a name="[8a]"></a>ai_array_get_data_byte_size</STRONG> (Thumb, 30 bytes, Stack size 0 bytes, ai_datatypes_format.o(i.ai_array_get_data_byte_size))
<BR><BR>[Called By]<UL><LI><a href="#[88]">&gt;&gt;</a>&nbsp;&nbsp;&nbsp;_platform_network_io_bind
</UL>

<P><STRONG><a name="[81]"></a>ai_array_to_buffer_fmt</STRONG> (Thumb, 242 bytes, Stack size 16 bytes, ai_datatypes_format.o(i.ai_array_to_buffer_fmt))
<BR><BR>[Stack]<UL><LI>Max Depth = 16<LI>Call Chain = ai_array_to_buffer_fmt
</UL>
<BR>[Called By]<UL><LI><a href="#[88]">&gt;&gt;</a>&nbsp;&nbsp;&nbsp;_platform_network_io_bind
<LI><a href="#[7f]">&gt;&gt;</a>&nbsp;&nbsp;&nbsp;_ai_platform_get_io_buffers_info
</UL>

<P><STRONG><a name="[6b]"></a>ai_buffer_array_item_set_address</STRONG> (Thumb, 36 bytes, Stack size 16 bytes, ai_platform.o(i.ai_buffer_array_item_set_address))
<BR><BR>[Stack]<UL><LI>Max Depth = 16<LI>Call Chain = ai_buffer_array_item_set_address
</UL>
<BR>[Calls]<UL><LI><a href="#[87]">&gt;&gt;</a>&nbsp;&nbsp;&nbsp;ai_buffer_array_sane
</UL>
<BR>[Called By]<UL><LI><a href="#[38]">&gt;&gt;</a>&nbsp;&nbsp;&nbsp;main
</UL>

<P><STRONG><a name="[87]"></a>ai_buffer_array_sane</STRONG> (Thumb, 18 bytes, Stack size 0 bytes, ai_platform.o(i.ai_buffer_array_sane))
<BR><BR>[Called By]<UL><LI><a href="#[86]">&gt;&gt;</a>&nbsp;&nbsp;&nbsp;_platform_get_table_map_from_buffer_array
<LI><a href="#[6b]">&gt;&gt;</a>&nbsp;&nbsp;&nbsp;ai_buffer_array_item_set_address
</UL>

<P><STRONG><a name="[89]"></a>ai_buffer_get_size</STRONG> (Thumb, 96 bytes, Stack size 8 bytes, ai_platform.o(i.ai_buffer_get_size))
<BR><BR>[Stack]<UL><LI>Max Depth = 8<LI>Call Chain = ai_buffer_get_size
</UL>
<BR>[Called By]<UL><LI><a href="#[88]">&gt;&gt;</a>&nbsp;&nbsp;&nbsp;_platform_network_io_bind
<LI><a href="#[6d]">&gt;&gt;</a>&nbsp;&nbsp;&nbsp;ai_platform_network_init
</UL>

<P><STRONG><a name="[93]"></a>ai_check_custom_types</STRONG> (Thumb, 38 bytes, Stack size 8 bytes, layers.o(i.ai_check_custom_types))
<BR><BR>[Stack]<UL><LI>Max Depth = 20<LI>Call Chain = ai_check_custom_types &rArr; memcmp
</UL>
<BR>[Calls]<UL><LI><a href="#[94]">&gt;&gt;</a>&nbsp;&nbsp;&nbsp;memcmp
</UL>
<BR>[Called By]<UL><LI><a href="#[69]">&gt;&gt;</a>&nbsp;&nbsp;&nbsp;ai_platform_network_create
</UL>

<P><STRONG><a name="[a7]"></a>ai_conv2d_kernel_simple_opt_f32</STRONG> (Thumb, 386 bytes, Stack size 68 bytes, forward_lite_conv2d_if32of32wf32.o(i.ai_conv2d_kernel_simple_opt_f32))
<BR><BR>[Stack]<UL><LI>Max Depth = 68<LI>Call Chain = ai_conv2d_kernel_simple_opt_f32
</UL>
<BR>[Called By]<UL><LI><a href="#[a2]">&gt;&gt;</a>&nbsp;&nbsp;&nbsp;forward_lite_conv2d_if32of32wf32
</UL>

<P><STRONG><a name="[a1]"></a>ai_dict_decompress_f32</STRONG> (Thumb, 122 bytes, Stack size 20 bytes, layers_conv2d_generic_float.o(i.ai_dict_decompress_f32))
<BR><BR>[Stack]<UL><LI>Max Depth = 20<LI>Call Chain = ai_dict_decompress_f32
</UL>
<BR>[Called By]<UL><LI><a href="#[0]">&gt;&gt;</a>&nbsp;&nbsp;&nbsp;forward_conv2d_if32of32wf32
</UL>

<P><STRONG><a name="[95]"></a>ai_layers_forward_all</STRONG> (Thumb, 80 bytes, Stack size 24 bytes, layers.o(i.ai_layers_forward_all))
<BR><BR>[Stack]<UL><LI>Max Depth = 32<LI>Call Chain = ai_layers_forward_all &rArr; _ai_forward_layer
</UL>
<BR>[Calls]<UL><LI><a href="#[96]">&gt;&gt;</a>&nbsp;&nbsp;&nbsp;_ai_forward_layer
</UL>
<BR>[Called By]<UL><LI><a href="#[64]">&gt;&gt;</a>&nbsp;&nbsp;&nbsp;ai_platform_network_process
</UL>

<P><STRONG><a name="[9e]"></a>ai_layers_init_all</STRONG> (Thumb, 30 bytes, Stack size 0 bytes, layers.o(i.ai_layers_init_all))
<BR><BR>[Called By]<UL><LI><a href="#[6d]">&gt;&gt;</a>&nbsp;&nbsp;&nbsp;ai_platform_network_init
</UL>

<P><STRONG><a name="[9f]"></a>ai_layers_post_init_all</STRONG> (Thumb, 54 bytes, Stack size 24 bytes, layers.o(i.ai_layers_post_init_all))
<BR><BR>[Stack]<UL><LI>Max Depth = 24<LI>Call Chain = ai_layers_post_init_all
</UL>
<BR>[Called By]<UL><LI><a href="#[71]">&gt;&gt;</a>&nbsp;&nbsp;&nbsp;ai_platform_network_post_init
</UL>

<P><STRONG><a name="[6a]"></a>ai_platform_bind_network_params</STRONG> (Thumb, 38 bytes, Stack size 8 bytes, ai_platform_interface.o(i.ai_platform_bind_network_params))
<BR><BR>[Stack]<UL><LI>Max Depth = 8<LI>Call Chain = ai_platform_bind_network_params
</UL>
<BR>[Called By]<UL><LI><a href="#[38]">&gt;&gt;</a>&nbsp;&nbsp;&nbsp;main
</UL>

<P><STRONG><a name="[97]"></a>ai_platform_context_acquire</STRONG> (Thumb, 24 bytes, Stack size 8 bytes, ai_platform_interface.o(i.ai_platform_context_acquire))
<BR><BR>[Stack]<UL><LI>Max Depth = 16<LI>Call Chain = ai_platform_context_acquire &rArr; CRC_Lock
</UL>
<BR>[Calls]<UL><LI><a href="#[78]">&gt;&gt;</a>&nbsp;&nbsp;&nbsp;CRC_Lock
</UL>
<BR>[Called By]<UL><LI><a href="#[64]">&gt;&gt;</a>&nbsp;&nbsp;&nbsp;ai_platform_network_process
<LI><a href="#[6d]">&gt;&gt;</a>&nbsp;&nbsp;&nbsp;ai_platform_network_init
<LI><a href="#[71]">&gt;&gt;</a>&nbsp;&nbsp;&nbsp;ai_platform_network_post_init
<LI><a href="#[73]">&gt;&gt;</a>&nbsp;&nbsp;&nbsp;ai_platform_outputs_get
<LI><a href="#[72]">&gt;&gt;</a>&nbsp;&nbsp;&nbsp;ai_platform_inputs_get
<LI><a href="#[65]">&gt;&gt;</a>&nbsp;&nbsp;&nbsp;ai_platform_network_get_error
</UL>

<P><STRONG><a name="[70]"></a>ai_platform_get_activations_map</STRONG> (Thumb, 38 bytes, Stack size 8 bytes, ai_platform_interface.o(i.ai_platform_get_activations_map))
<BR><BR>[Stack]<UL><LI>Max Depth = 24<LI>Call Chain = ai_platform_get_activations_map &rArr; _platform_get_table_map_from_buffer_array
</UL>
<BR>[Calls]<UL><LI><a href="#[86]">&gt;&gt;</a>&nbsp;&nbsp;&nbsp;_platform_get_table_map_from_buffer_array
<LI><a href="#[98]">&gt;&gt;</a>&nbsp;&nbsp;&nbsp;_platform_get_table_map_from_buffer
</UL>
<BR>[Called By]<UL><LI><a href="#[38]">&gt;&gt;</a>&nbsp;&nbsp;&nbsp;main
</UL>

<P><STRONG><a name="[6e]"></a>ai_platform_get_weights_map</STRONG> (Thumb, 36 bytes, Stack size 8 bytes, ai_platform_interface.o(i.ai_platform_get_weights_map))
<BR><BR>[Stack]<UL><LI>Max Depth = 24<LI>Call Chain = ai_platform_get_weights_map &rArr; _platform_get_table_map_from_buffer_array
</UL>
<BR>[Calls]<UL><LI><a href="#[86]">&gt;&gt;</a>&nbsp;&nbsp;&nbsp;_platform_get_table_map_from_buffer_array
<LI><a href="#[98]">&gt;&gt;</a>&nbsp;&nbsp;&nbsp;_platform_get_table_map_from_buffer
</UL>
<BR>[Called By]<UL><LI><a href="#[38]">&gt;&gt;</a>&nbsp;&nbsp;&nbsp;main
</UL>

<P><STRONG><a name="[72]"></a>ai_platform_inputs_get</STRONG> (Thumb, 66 bytes, Stack size 24 bytes, ai_platform_interface.o(i.ai_platform_inputs_get))
<BR><BR>[Stack]<UL><LI>Max Depth = 176<LI>Call Chain = ai_platform_inputs_get &rArr; _ai_platform_get_io_buffers_info &rArr; ai_array_to_buffer_fmt
</UL>
<BR>[Calls]<UL><LI><a href="#[7f]">&gt;&gt;</a>&nbsp;&nbsp;&nbsp;_ai_platform_get_io_buffers_info
<LI><a href="#[97]">&gt;&gt;</a>&nbsp;&nbsp;&nbsp;ai_platform_context_acquire
<LI><a href="#[6f]">&gt;&gt;</a>&nbsp;&nbsp;&nbsp;ai_platform_network_set_error
</UL>
<BR>[Called By]<UL><LI><a href="#[38]">&gt;&gt;</a>&nbsp;&nbsp;&nbsp;main
</UL>

<P><STRONG><a name="[99]"></a>ai_platform_interface_api_get_version</STRONG> (Thumb, 14 bytes, Stack size 8 bytes, ai_platform_interface.o(i.ai_platform_interface_api_get_version))
<BR><BR>[Stack]<UL><LI>Max Depth = 16<LI>Call Chain = ai_platform_interface_api_get_version &rArr; CRC_Lock
</UL>
<BR>[Calls]<UL><LI><a href="#[78]">&gt;&gt;</a>&nbsp;&nbsp;&nbsp;CRC_Lock
</UL>
<BR>[Called By]<UL><LI><a href="#[69]">&gt;&gt;</a>&nbsp;&nbsp;&nbsp;ai_platform_network_create
</UL>

<P><STRONG><a name="[69]"></a>ai_platform_network_create</STRONG> (Thumb, 240 bytes, Stack size 72 bytes, ai_platform_interface.o(i.ai_platform_network_create))
<BR><BR>[Stack]<UL><LI>Max Depth = 92<LI>Call Chain = ai_platform_network_create &rArr; ai_check_custom_types &rArr; memcmp
</UL>
<BR>[Calls]<UL><LI><a href="#[7a]">&gt;&gt;</a>&nbsp;&nbsp;&nbsp;_ai_platform_release_crc
<LI><a href="#[79]">&gt;&gt;</a>&nbsp;&nbsp;&nbsp;_ai_platform_acquire_crc
<LI><a href="#[9a]">&gt;&gt;</a>&nbsp;&nbsp;&nbsp;core_init
<LI><a href="#[9b]">&gt;&gt;</a>&nbsp;&nbsp;&nbsp;ai_version_get
<LI><a href="#[93]">&gt;&gt;</a>&nbsp;&nbsp;&nbsp;ai_check_custom_types
<LI><a href="#[78]">&gt;&gt;</a>&nbsp;&nbsp;&nbsp;CRC_Lock
<LI><a href="#[99]">&gt;&gt;</a>&nbsp;&nbsp;&nbsp;ai_platform_interface_api_get_version
</UL>
<BR>[Called By]<UL><LI><a href="#[38]">&gt;&gt;</a>&nbsp;&nbsp;&nbsp;main
</UL>

<P><STRONG><a name="[65]"></a>ai_platform_network_get_error</STRONG> (Thumb, 24 bytes, Stack size 8 bytes, ai_platform_interface.o(i.ai_platform_network_get_error))
<BR><BR>[Stack]<UL><LI>Max Depth = 24<LI>Call Chain = ai_platform_network_get_error &rArr; ai_platform_context_acquire &rArr; CRC_Lock
</UL>
<BR>[Calls]<UL><LI><a href="#[9c]">&gt;&gt;</a>&nbsp;&nbsp;&nbsp;core_get_error
<LI><a href="#[97]">&gt;&gt;</a>&nbsp;&nbsp;&nbsp;ai_platform_context_acquire
</UL>
<BR>[Called By]<UL><LI><a href="#[38]">&gt;&gt;</a>&nbsp;&nbsp;&nbsp;main
<LI><a href="#[63]">&gt;&gt;</a>&nbsp;&nbsp;&nbsp;aiRun
</UL>

<P><STRONG><a name="[6d]"></a>ai_platform_network_init</STRONG> (Thumb, 254 bytes, Stack size 104 bytes, ai_platform_interface.o(i.ai_platform_network_init))
<BR><BR>[Stack]<UL><LI>Max Depth = 120<LI>Call Chain = ai_platform_network_init &rArr; _platform_ai_buffer_array_copy
</UL>
<BR>[Calls]<UL><LI><a href="#[9e]">&gt;&gt;</a>&nbsp;&nbsp;&nbsp;ai_layers_init_all
<LI><a href="#[9d]">&gt;&gt;</a>&nbsp;&nbsp;&nbsp;_platform_network_buffers_signature_valid
<LI><a href="#[85]">&gt;&gt;</a>&nbsp;&nbsp;&nbsp;_platform_ai_buffer_array_copy
<LI><a href="#[89]">&gt;&gt;</a>&nbsp;&nbsp;&nbsp;ai_buffer_get_size
<LI><a href="#[97]">&gt;&gt;</a>&nbsp;&nbsp;&nbsp;ai_platform_context_acquire
<LI><a href="#[6f]">&gt;&gt;</a>&nbsp;&nbsp;&nbsp;ai_platform_network_set_error
<LI><a href="#[82]">&gt;&gt;</a>&nbsp;&nbsp;&nbsp;__aeabi_memcpy4
</UL>
<BR>[Called By]<UL><LI><a href="#[38]">&gt;&gt;</a>&nbsp;&nbsp;&nbsp;main
</UL>

<P><STRONG><a name="[71]"></a>ai_platform_network_post_init</STRONG> (Thumb, 70 bytes, Stack size 16 bytes, ai_platform_interface.o(i.ai_platform_network_post_init))
<BR><BR>[Stack]<UL><LI>Max Depth = 40<LI>Call Chain = ai_platform_network_post_init &rArr; ai_layers_post_init_all
</UL>
<BR>[Calls]<UL><LI><a href="#[9f]">&gt;&gt;</a>&nbsp;&nbsp;&nbsp;ai_layers_post_init_all
<LI><a href="#[97]">&gt;&gt;</a>&nbsp;&nbsp;&nbsp;ai_platform_context_acquire
<LI><a href="#[6f]">&gt;&gt;</a>&nbsp;&nbsp;&nbsp;ai_platform_network_set_error
</UL>
<BR>[Called By]<UL><LI><a href="#[38]">&gt;&gt;</a>&nbsp;&nbsp;&nbsp;main
</UL>

<P><STRONG><a name="[64]"></a>ai_platform_network_process</STRONG> (Thumb, 84 bytes, Stack size 16 bytes, ai_platform_interface.o(i.ai_platform_network_process))
<BR><BR>[Stack]<UL><LI>Max Depth = 80<LI>Call Chain = ai_platform_network_process &rArr; _platform_network_io_bind &rArr; ai_array_to_buffer_fmt
</UL>
<BR>[Calls]<UL><LI><a href="#[95]">&gt;&gt;</a>&nbsp;&nbsp;&nbsp;ai_layers_forward_all
<LI><a href="#[8f]">&gt;&gt;</a>&nbsp;&nbsp;&nbsp;_platform_network_state_update_output
<LI><a href="#[8d]">&gt;&gt;</a>&nbsp;&nbsp;&nbsp;_platform_network_state_update_input
<LI><a href="#[88]">&gt;&gt;</a>&nbsp;&nbsp;&nbsp;_platform_network_io_bind
<LI><a href="#[97]">&gt;&gt;</a>&nbsp;&nbsp;&nbsp;ai_platform_context_acquire
</UL>
<BR>[Called By]<UL><LI><a href="#[63]">&gt;&gt;</a>&nbsp;&nbsp;&nbsp;aiRun
</UL>

<P><STRONG><a name="[6f]"></a>ai_platform_network_set_error</STRONG> (Thumb, 12 bytes, Stack size 0 bytes, ai_platform_interface.o(i.ai_platform_network_set_error))
<BR><BR>[Calls]<UL><LI><a href="#[a0]">&gt;&gt;</a>&nbsp;&nbsp;&nbsp;core_set_error
</UL>
<BR>[Called By]<UL><LI><a href="#[88]">&gt;&gt;</a>&nbsp;&nbsp;&nbsp;_platform_network_io_bind
<LI><a href="#[6d]">&gt;&gt;</a>&nbsp;&nbsp;&nbsp;ai_platform_network_init
<LI><a href="#[71]">&gt;&gt;</a>&nbsp;&nbsp;&nbsp;ai_platform_network_post_init
<LI><a href="#[73]">&gt;&gt;</a>&nbsp;&nbsp;&nbsp;ai_platform_outputs_get
<LI><a href="#[72]">&gt;&gt;</a>&nbsp;&nbsp;&nbsp;ai_platform_inputs_get
<LI><a href="#[38]">&gt;&gt;</a>&nbsp;&nbsp;&nbsp;main
</UL>

<P><STRONG><a name="[73]"></a>ai_platform_outputs_get</STRONG> (Thumb, 72 bytes, Stack size 24 bytes, ai_platform_interface.o(i.ai_platform_outputs_get))
<BR><BR>[Stack]<UL><LI>Max Depth = 176<LI>Call Chain = ai_platform_outputs_get &rArr; _ai_platform_get_io_buffers_info &rArr; ai_array_to_buffer_fmt
</UL>
<BR>[Calls]<UL><LI><a href="#[7f]">&gt;&gt;</a>&nbsp;&nbsp;&nbsp;_ai_platform_get_io_buffers_info
<LI><a href="#[97]">&gt;&gt;</a>&nbsp;&nbsp;&nbsp;ai_platform_context_acquire
<LI><a href="#[6f]">&gt;&gt;</a>&nbsp;&nbsp;&nbsp;ai_platform_network_set_error
</UL>
<BR>[Called By]<UL><LI><a href="#[38]">&gt;&gt;</a>&nbsp;&nbsp;&nbsp;main
</UL>

<P><STRONG><a name="[9b]"></a>ai_version_get</STRONG> (Thumb, 12 bytes, Stack size 0 bytes, ai_datatypes_internal.o(i.ai_version_get))
<BR><BR>[Called By]<UL><LI><a href="#[69]">&gt;&gt;</a>&nbsp;&nbsp;&nbsp;ai_platform_network_create
</UL>

<P><STRONG><a name="[9c]"></a>core_get_error</STRONG> (Thumb, 12 bytes, Stack size 0 bytes, core_common.o(i.core_get_error))
<BR><BR>[Called By]<UL><LI><a href="#[65]">&gt;&gt;</a>&nbsp;&nbsp;&nbsp;ai_platform_network_get_error
</UL>

<P><STRONG><a name="[9a]"></a>core_init</STRONG> (Thumb, 4 bytes, Stack size 0 bytes, core_common.o(i.core_init))
<BR><BR>[Called By]<UL><LI><a href="#[69]">&gt;&gt;</a>&nbsp;&nbsp;&nbsp;ai_platform_network_create
</UL>

<P><STRONG><a name="[a0]"></a>core_set_error</STRONG> (Thumb, 26 bytes, Stack size 0 bytes, core_common.o(i.core_set_error))
<BR><BR>[Called By]<UL><LI><a href="#[6f]">&gt;&gt;</a>&nbsp;&nbsp;&nbsp;ai_platform_network_set_error
</UL>

<P><STRONG><a name="[0]"></a>forward_conv2d_if32of32wf32</STRONG> (Thumb, 458 bytes, Stack size 152 bytes, layers_conv2d_generic_float.o(i.forward_conv2d_if32of32wf32))
<BR><BR>[Stack]<UL><LI>Max Depth = 372<LI>Call Chain = forward_conv2d_if32of32wf32 &rArr; forward_lite_conv2d_if32of32wf32 &rArr; ai_conv2d_kernel_simple_opt_f32
</UL>
<BR>[Calls]<UL><LI><a href="#[a2]">&gt;&gt;</a>&nbsp;&nbsp;&nbsp;forward_lite_conv2d_if32of32wf32
<LI><a href="#[a1]">&gt;&gt;</a>&nbsp;&nbsp;&nbsp;ai_dict_decompress_f32
</UL>
<BR>[Address Reference Count : 3]<UL><LI> lto-llvm-108fa6.o(.data.conv2d_1_layer)
<LI> lto-llvm-108fa6.o(.data.conv2d_4_layer)
<LI> lto-llvm-108fa6.o(.data.conv2d_7_layer)
</UL>
<P><STRONG><a name="[1]"></a>forward_dense</STRONG> (Thumb, 488 bytes, Stack size 72 bytes, layers_conv2d_generic_float.o(i.forward_dense))
<BR><BR>[Stack]<UL><LI>Max Depth = 120<LI>Call Chain = forward_dense &rArr; forward_lite_dense_if32of32wf32
</UL>
<BR>[Calls]<UL><LI><a href="#[a6]">&gt;&gt;</a>&nbsp;&nbsp;&nbsp;forward_lite_dense_if32of32wf32
<LI><a href="#[a3]">&gt;&gt;</a>&nbsp;&nbsp;&nbsp;ai_array_get_byte_size
<LI><a href="#[a5]">&gt;&gt;</a>&nbsp;&nbsp;&nbsp;_ai_dict8_dot_array_f32
<LI><a href="#[a4]">&gt;&gt;</a>&nbsp;&nbsp;&nbsp;_ai_dict4_dot_array_f32
<LI><a href="#[8e]">&gt;&gt;</a>&nbsp;&nbsp;&nbsp;st_int8_copy
</UL>
<BR>[Address Reference Count : 2]<UL><LI> lto-llvm-108fa6.o(.data.gemm_9_layer)
<LI> lto-llvm-108fa6.o(.data.gemm_10_layer)
</UL>
<P><STRONG><a name="[a2]"></a>forward_lite_conv2d_if32of32wf32</STRONG> (Thumb, 362 bytes, Stack size 152 bytes, forward_lite_conv2d_if32of32wf32.o(i.forward_lite_conv2d_if32of32wf32))
<BR><BR>[Stack]<UL><LI>Max Depth = 220<LI>Call Chain = forward_lite_conv2d_if32of32wf32 &rArr; ai_conv2d_kernel_simple_opt_f32
</UL>
<BR>[Calls]<UL><LI><a href="#[a7]">&gt;&gt;</a>&nbsp;&nbsp;&nbsp;ai_conv2d_kernel_simple_opt_f32
<LI><a href="#[7d]">&gt;&gt;</a>&nbsp;&nbsp;&nbsp;malloc
<LI><a href="#[a8]">&gt;&gt;</a>&nbsp;&nbsp;&nbsp;free
</UL>
<BR>[Called By]<UL><LI><a href="#[0]">&gt;&gt;</a>&nbsp;&nbsp;&nbsp;forward_conv2d_if32of32wf32
</UL>

<P><STRONG><a name="[a6]"></a>forward_lite_dense_if32of32wf32</STRONG> (Thumb, 120 bytes, Stack size 48 bytes, lite_dense_if32.o(i.forward_lite_dense_if32of32wf32))
<BR><BR>[Stack]<UL><LI>Max Depth = 48<LI>Call Chain = forward_lite_dense_if32of32wf32
</UL>
<BR>[Calls]<UL><LI><a href="#[a9]">&gt;&gt;</a>&nbsp;&nbsp;&nbsp;__ai_math_dot_array
</UL>
<BR>[Called By]<UL><LI><a href="#[1]">&gt;&gt;</a>&nbsp;&nbsp;&nbsp;forward_dense
</UL>

<P><STRONG><a name="[2]"></a>forward_relu</STRONG> (Thumb, 202 bytes, Stack size 16 bytes, layers_nl_generic_float.o(i.forward_relu))
<BR><BR>[Stack]<UL><LI>Max Depth = 16<LI>Call Chain = forward_relu
</UL>
<BR>[Calls]<UL><LI><a href="#[aa]">&gt;&gt;</a>&nbsp;&nbsp;&nbsp;ai_shape_get_size
<LI><a href="#[ac]">&gt;&gt;</a>&nbsp;&nbsp;&nbsp;_forward_lite_nl_relu_thresholded_if32of32
<LI><a href="#[ab]">&gt;&gt;</a>&nbsp;&nbsp;&nbsp;_forward_lite_nl_relu_generic_if32of32
</UL>
<BR>[Address Reference Count : 4]<UL><LI> lto-llvm-108fa6.o(.data.nl_1_nl_layer)
<LI> lto-llvm-108fa6.o(.data.nl_4_nl_layer)
<LI> lto-llvm-108fa6.o(.data.nl_7_nl_layer)
<LI> lto-llvm-108fa6.o(.data.nl_9_nl_layer)
</UL>
<P><STRONG><a name="[8b]"></a>get_tensor_byte_size</STRONG> (Thumb, 34 bytes, Stack size 0 bytes, ai_datatypes_internal.o(i.get_tensor_byte_size))
<BR><BR>[Called By]<UL><LI><a href="#[8c]">&gt;&gt;</a>&nbsp;&nbsp;&nbsp;_platform_network_state_setup
<LI><a href="#[88]">&gt;&gt;</a>&nbsp;&nbsp;&nbsp;_platform_network_io_bind
</UL>

<P><STRONG><a name="[8e]"></a>st_int8_copy</STRONG> (Thumb, 144 bytes, Stack size 20 bytes, st_int8_fill.o(i.st_int8_copy))
<BR><BR>[Stack]<UL><LI>Max Depth = 20<LI>Call Chain = st_int8_copy
</UL>
<BR>[Called By]<UL><LI><a href="#[8f]">&gt;&gt;</a>&nbsp;&nbsp;&nbsp;_platform_network_state_update_output
<LI><a href="#[8d]">&gt;&gt;</a>&nbsp;&nbsp;&nbsp;_platform_network_state_update_input
<LI><a href="#[1]">&gt;&gt;</a>&nbsp;&nbsp;&nbsp;forward_dense
</UL>
<P>
<H3>
Local Symbols
</H3>
<P><STRONG><a name="[78]"></a>CRC_Lock</STRONG> (Thumb, 74 bytes, Stack size 8 bytes, ai_platform_interface.o(i.CRC_Lock))
<BR><BR>[Stack]<UL><LI>Max Depth = 8<LI>Call Chain = CRC_Lock
</UL>
<BR>[Calls]<UL><LI><a href="#[7a]">&gt;&gt;</a>&nbsp;&nbsp;&nbsp;_ai_platform_release_crc
<LI><a href="#[79]">&gt;&gt;</a>&nbsp;&nbsp;&nbsp;_ai_platform_acquire_crc
</UL>
<BR>[Called By]<UL><LI><a href="#[97]">&gt;&gt;</a>&nbsp;&nbsp;&nbsp;ai_platform_context_acquire
<LI><a href="#[99]">&gt;&gt;</a>&nbsp;&nbsp;&nbsp;ai_platform_interface_api_get_version
<LI><a href="#[69]">&gt;&gt;</a>&nbsp;&nbsp;&nbsp;ai_platform_network_create
</UL>

<P><STRONG><a name="[7f]"></a>_ai_platform_get_io_buffers_info</STRONG> (Thumb, 218 bytes, Stack size 136 bytes, ai_platform_interface.o(i._ai_platform_get_io_buffers_info))
<BR><BR>[Stack]<UL><LI>Max Depth = 152<LI>Call Chain = _ai_platform_get_io_buffers_info &rArr; ai_array_to_buffer_fmt
</UL>
<BR>[Calls]<UL><LI><a href="#[81]">&gt;&gt;</a>&nbsp;&nbsp;&nbsp;ai_array_to_buffer_fmt
<LI><a href="#[80]">&gt;&gt;</a>&nbsp;&nbsp;&nbsp;__aeabi_memclr4
<LI><a href="#[82]">&gt;&gt;</a>&nbsp;&nbsp;&nbsp;__aeabi_memcpy4
</UL>
<BR>[Called By]<UL><LI><a href="#[73]">&gt;&gt;</a>&nbsp;&nbsp;&nbsp;ai_platform_outputs_get
<LI><a href="#[72]">&gt;&gt;</a>&nbsp;&nbsp;&nbsp;ai_platform_inputs_get
</UL>

<P><STRONG><a name="[85]"></a>_platform_ai_buffer_array_copy</STRONG> (Thumb, 76 bytes, Stack size 16 bytes, ai_platform_interface.o(i._platform_ai_buffer_array_copy))
<BR><BR>[Stack]<UL><LI>Max Depth = 16<LI>Call Chain = _platform_ai_buffer_array_copy
</UL>
<BR>[Calls]<UL><LI><a href="#[82]">&gt;&gt;</a>&nbsp;&nbsp;&nbsp;__aeabi_memcpy4
</UL>
<BR>[Called By]<UL><LI><a href="#[6d]">&gt;&gt;</a>&nbsp;&nbsp;&nbsp;ai_platform_network_init
</UL>

<P><STRONG><a name="[98]"></a>_platform_get_table_map_from_buffer</STRONG> (Thumb, 74 bytes, Stack size 12 bytes, ai_platform_interface.o(i._platform_get_table_map_from_buffer))
<BR><BR>[Stack]<UL><LI>Max Depth = 12<LI>Call Chain = _platform_get_table_map_from_buffer
</UL>
<BR>[Called By]<UL><LI><a href="#[70]">&gt;&gt;</a>&nbsp;&nbsp;&nbsp;ai_platform_get_activations_map
<LI><a href="#[6e]">&gt;&gt;</a>&nbsp;&nbsp;&nbsp;ai_platform_get_weights_map
</UL>

<P><STRONG><a name="[86]"></a>_platform_get_table_map_from_buffer_array</STRONG> (Thumb, 68 bytes, Stack size 16 bytes, ai_platform_interface.o(i._platform_get_table_map_from_buffer_array))
<BR><BR>[Stack]<UL><LI>Max Depth = 16<LI>Call Chain = _platform_get_table_map_from_buffer_array
</UL>
<BR>[Calls]<UL><LI><a href="#[87]">&gt;&gt;</a>&nbsp;&nbsp;&nbsp;ai_buffer_array_sane
</UL>
<BR>[Called By]<UL><LI><a href="#[70]">&gt;&gt;</a>&nbsp;&nbsp;&nbsp;ai_platform_get_activations_map
<LI><a href="#[6e]">&gt;&gt;</a>&nbsp;&nbsp;&nbsp;ai_platform_get_weights_map
</UL>

<P><STRONG><a name="[9d]"></a>_platform_network_buffers_signature_valid</STRONG> (Thumb, 14 bytes, Stack size 0 bytes, ai_platform_interface.o(i._platform_network_buffers_signature_valid))
<BR><BR>[Called By]<UL><LI><a href="#[6d]">&gt;&gt;</a>&nbsp;&nbsp;&nbsp;ai_platform_network_init
</UL>

<P><STRONG><a name="[88]"></a>_platform_network_io_bind</STRONG> (Thumb, 528 bytes, Stack size 48 bytes, ai_platform_interface.o(i._platform_network_io_bind))
<BR><BR>[Stack]<UL><LI>Max Depth = 64<LI>Call Chain = _platform_network_io_bind &rArr; ai_array_to_buffer_fmt
</UL>
<BR>[Calls]<UL><LI><a href="#[8b]">&gt;&gt;</a>&nbsp;&nbsp;&nbsp;get_tensor_byte_size
<LI><a href="#[81]">&gt;&gt;</a>&nbsp;&nbsp;&nbsp;ai_array_to_buffer_fmt
<LI><a href="#[8a]">&gt;&gt;</a>&nbsp;&nbsp;&nbsp;ai_array_get_data_byte_size
<LI><a href="#[8c]">&gt;&gt;</a>&nbsp;&nbsp;&nbsp;_platform_network_state_setup
<LI><a href="#[89]">&gt;&gt;</a>&nbsp;&nbsp;&nbsp;ai_buffer_get_size
<LI><a href="#[6f]">&gt;&gt;</a>&nbsp;&nbsp;&nbsp;ai_platform_network_set_error
</UL>
<BR>[Called By]<UL><LI><a href="#[64]">&gt;&gt;</a>&nbsp;&nbsp;&nbsp;ai_platform_network_process
</UL>

<P><STRONG><a name="[8c]"></a>_platform_network_state_setup</STRONG> (Thumb, 62 bytes, Stack size 16 bytes, ai_platform_interface.o(i._platform_network_state_setup))
<BR><BR>[Stack]<UL><LI>Max Depth = 16<LI>Call Chain = _platform_network_state_setup
</UL>
<BR>[Calls]<UL><LI><a href="#[8b]">&gt;&gt;</a>&nbsp;&nbsp;&nbsp;get_tensor_byte_size
</UL>
<BR>[Called By]<UL><LI><a href="#[88]">&gt;&gt;</a>&nbsp;&nbsp;&nbsp;_platform_network_io_bind
</UL>

<P><STRONG><a name="[8d]"></a>_platform_network_state_update_input</STRONG> (Thumb, 104 bytes, Stack size 16 bytes, ai_platform_interface.o(i._platform_network_state_update_input))
<BR><BR>[Stack]<UL><LI>Max Depth = 36<LI>Call Chain = _platform_network_state_update_input &rArr; st_int8_copy
</UL>
<BR>[Calls]<UL><LI><a href="#[8e]">&gt;&gt;</a>&nbsp;&nbsp;&nbsp;st_int8_copy
</UL>
<BR>[Called By]<UL><LI><a href="#[64]">&gt;&gt;</a>&nbsp;&nbsp;&nbsp;ai_platform_network_process
</UL>

<P><STRONG><a name="[8f]"></a>_platform_network_state_update_output</STRONG> (Thumb, 124 bytes, Stack size 24 bytes, ai_platform_interface.o(i._platform_network_state_update_output))
<BR><BR>[Stack]<UL><LI>Max Depth = 44<LI>Call Chain = _platform_network_state_update_output &rArr; st_int8_copy
</UL>
<BR>[Calls]<UL><LI><a href="#[8e]">&gt;&gt;</a>&nbsp;&nbsp;&nbsp;st_int8_copy
</UL>
<BR>[Called By]<UL><LI><a href="#[64]">&gt;&gt;</a>&nbsp;&nbsp;&nbsp;ai_platform_network_process
</UL>

<P><STRONG><a name="[a4]"></a>_ai_dict4_dot_array_f32</STRONG> (Thumb, 294 bytes, Stack size 20 bytes, layers_conv2d_generic_float.o(i._ai_dict4_dot_array_f32))
<BR><BR>[Stack]<UL><LI>Max Depth = 20<LI>Call Chain = _ai_dict4_dot_array_f32
</UL>
<BR>[Called By]<UL><LI><a href="#[1]">&gt;&gt;</a>&nbsp;&nbsp;&nbsp;forward_dense
</UL>

<P><STRONG><a name="[a5]"></a>_ai_dict8_dot_array_f32</STRONG> (Thumb, 228 bytes, Stack size 20 bytes, layers_conv2d_generic_float.o(i._ai_dict8_dot_array_f32))
<BR><BR>[Stack]<UL><LI>Max Depth = 20<LI>Call Chain = _ai_dict8_dot_array_f32
</UL>
<BR>[Called By]<UL><LI><a href="#[1]">&gt;&gt;</a>&nbsp;&nbsp;&nbsp;forward_dense
</UL>

<P><STRONG><a name="[ab]"></a>_forward_lite_nl_relu_generic_if32of32</STRONG> (Thumb, 168 bytes, Stack size 0 bytes, layers_nl_generic_float.o(i._forward_lite_nl_relu_generic_if32of32))
<BR><BR>[Called By]<UL><LI><a href="#[2]">&gt;&gt;</a>&nbsp;&nbsp;&nbsp;forward_relu
</UL>

<P><STRONG><a name="[ac]"></a>_forward_lite_nl_relu_thresholded_if32of32</STRONG> (Thumb, 50 bytes, Stack size 0 bytes, layers_nl_generic_float.o(i._forward_lite_nl_relu_thresholded_if32of32))
<BR><BR>[Called By]<UL><LI><a href="#[2]">&gt;&gt;</a>&nbsp;&nbsp;&nbsp;forward_relu
</UL>

<P><STRONG><a name="[aa]"></a>ai_shape_get_size</STRONG> (Thumb, 26 bytes, Stack size 0 bytes, layers_nl_generic_float.o(i.ai_shape_get_size))
<BR><BR>[Called By]<UL><LI><a href="#[2]">&gt;&gt;</a>&nbsp;&nbsp;&nbsp;forward_relu
</UL>

<P><STRONG><a name="[96]"></a>_ai_forward_layer</STRONG> (Thumb, 18 bytes, Stack size 8 bytes, layers.o(i._ai_forward_layer))
<BR><BR>[Stack]<UL><LI>Max Depth = 8<LI>Call Chain = _ai_forward_layer
</UL>
<BR>[Called By]<UL><LI><a href="#[95]">&gt;&gt;</a>&nbsp;&nbsp;&nbsp;ai_layers_forward_all
</UL>

<P><STRONG><a name="[a9]"></a>__ai_math_dot_array</STRONG> (Thumb, 244 bytes, Stack size 0 bytes, lite_dense_if32.o(i.__ai_math_dot_array))
<BR><BR>[Called By]<UL><LI><a href="#[a6]">&gt;&gt;</a>&nbsp;&nbsp;&nbsp;forward_lite_dense_if32of32wf32
</UL>

<P><STRONG><a name="[83]"></a>_fp_digits</STRONG> (Thumb, 366 bytes, Stack size 64 bytes, printfa.o(i._fp_digits), UNUSED)
<BR><BR>[Calls]<UL><LI><a href="#[4b]">&gt;&gt;</a>&nbsp;&nbsp;&nbsp;__aeabi_dmul
<LI><a href="#[4c]">&gt;&gt;</a>&nbsp;&nbsp;&nbsp;__aeabi_ddiv
<LI><a href="#[54]">&gt;&gt;</a>&nbsp;&nbsp;&nbsp;__aeabi_dadd
<LI><a href="#[5a]">&gt;&gt;</a>&nbsp;&nbsp;&nbsp;__aeabi_d2ulz
<LI><a href="#[84]">&gt;&gt;</a>&nbsp;&nbsp;&nbsp;__aeabi_cdrcmple
<LI><a href="#[50]">&gt;&gt;</a>&nbsp;&nbsp;&nbsp;__aeabi_uldivmod
</UL>
<BR>[Called By]<UL><LI><a href="#[7c]">&gt;&gt;</a>&nbsp;&nbsp;&nbsp;_printf_core
</UL>

<P><STRONG><a name="[7c]"></a>_printf_core</STRONG> (Thumb, 1744 bytes, Stack size 136 bytes, printfa.o(i._printf_core), UNUSED)
<BR><BR>[Calls]<UL><LI><a href="#[90]">&gt;&gt;</a>&nbsp;&nbsp;&nbsp;_printf_pre_padding
<LI><a href="#[91]">&gt;&gt;</a>&nbsp;&nbsp;&nbsp;_printf_post_padding
<LI><a href="#[83]">&gt;&gt;</a>&nbsp;&nbsp;&nbsp;_fp_digits
<LI><a href="#[50]">&gt;&gt;</a>&nbsp;&nbsp;&nbsp;__aeabi_uldivmod
<LI><a href="#[92]">&gt;&gt;</a>&nbsp;&nbsp;&nbsp;__aeabi_uidivmod
</UL>
<BR>[Called By]<UL><LI><a href="#[7b]">&gt;&gt;</a>&nbsp;&nbsp;&nbsp;__0printf
</UL>

<P><STRONG><a name="[91]"></a>_printf_post_padding</STRONG> (Thumb, 36 bytes, Stack size 24 bytes, printfa.o(i._printf_post_padding), UNUSED)
<BR><BR>[Called By]<UL><LI><a href="#[7c]">&gt;&gt;</a>&nbsp;&nbsp;&nbsp;_printf_core
</UL>

<P><STRONG><a name="[90]"></a>_printf_pre_padding</STRONG> (Thumb, 46 bytes, Stack size 24 bytes, printfa.o(i._printf_pre_padding), UNUSED)
<BR><BR>[Called By]<UL><LI><a href="#[7c]">&gt;&gt;</a>&nbsp;&nbsp;&nbsp;_printf_core
</UL>

<P><STRONG><a name="[7e]"></a>internal_alloc</STRONG> (Thumb, 76 bytes, Stack size 24 bytes, mallocr.o(i.internal_alloc))
<BR><BR>[Stack]<UL><LI>Max Depth = 24<LI>Call Chain = internal_alloc
</UL>
<BR>[Calls]<UL><LI><a href="#[ad]">&gt;&gt;</a>&nbsp;&nbsp;&nbsp;__aeabi_memcpy
</UL>
<BR>[Called By]<UL><LI><a href="#[7d]">&gt;&gt;</a>&nbsp;&nbsp;&nbsp;malloc
</UL>

<P><STRONG><a name="[49]"></a>_fp_value</STRONG> (Thumb, 296 bytes, Stack size 64 bytes, scanf_fp.o(.text), UNUSED)
<BR><BR>[Calls]<UL><LI><a href="#[4a]">&gt;&gt;</a>&nbsp;&nbsp;&nbsp;__aeabi_ul2d
<LI><a href="#[4b]">&gt;&gt;</a>&nbsp;&nbsp;&nbsp;__aeabi_dmul
<LI><a href="#[4c]">&gt;&gt;</a>&nbsp;&nbsp;&nbsp;__aeabi_ddiv
</UL>
<BR>[Called By]<UL><LI><a href="#[4d]">&gt;&gt;</a>&nbsp;&nbsp;&nbsp;_scanf_really_real
</UL>

<P><STRONG><a name="[3d]"></a>_scanf_char_input</STRONG> (Thumb, 12 bytes, Stack size 0 bytes, scanf_char.o(.text))
<BR>[Address Reference Count : 1]<UL><LI> scanf_char.o(.text)
</UL>
<P><STRONG><a name="[76]"></a>getCurrentMicros</STRONG> (Thumb, 64 bytes, Stack size 12 bytes, lto-llvm-108fa6.o(.text.getCurrentMicros))
<BR><BR>[Stack]<UL><LI>Max Depth = 12<LI>Call Chain = getCurrentMicros
</UL>
<BR>[Called By]<UL><LI><a href="#[38]">&gt;&gt;</a>&nbsp;&nbsp;&nbsp;main
</UL>

<P><STRONG><a name="[66]"></a>HAL_InitTick</STRONG> (Thumb, 106 bytes, Stack size 16 bytes, lto-llvm-108fa6.o(.text.HAL_InitTick))
<BR><BR>[Stack]<UL><LI>Max Depth = 16<LI>Call Chain = HAL_InitTick
</UL>
<BR>[Called By]<UL><LI><a href="#[38]">&gt;&gt;</a>&nbsp;&nbsp;&nbsp;main
</UL>

<P><STRONG><a name="[67]"></a>HAL_RCC_GetSysClockFreq</STRONG> (Thumb, 82 bytes, Stack size 8 bytes, lto-llvm-108fa6.o(.text.HAL_RCC_GetSysClockFreq))
<BR><BR>[Stack]<UL><LI>Max Depth = 8<LI>Call Chain = HAL_RCC_GetSysClockFreq
</UL>
<BR>[Called By]<UL><LI><a href="#[38]">&gt;&gt;</a>&nbsp;&nbsp;&nbsp;main
</UL>

<P><STRONG><a name="[68]"></a>HAL_RCC_GetPCLK1Freq</STRONG> (Thumb, 38 bytes, Stack size 0 bytes, lto-llvm-108fa6.o(.text.HAL_RCC_GetPCLK1Freq))
<BR><BR>[Called By]<UL><LI><a href="#[38]">&gt;&gt;</a>&nbsp;&nbsp;&nbsp;main
</UL>

<P><STRONG><a name="[61]"></a>OUTLINED_FUNCTION_0</STRONG> (Thumb, 16 bytes, Stack size 0 bytes, lto-llvm-108fa6.o(.text.OUTLINED_FUNCTION_0))
<BR><BR>[Stack]<UL><LI>Max Depth = 16<LI>Call Chain = OUTLINED_FUNCTION_0 &rArr; UART_WaitOnFlagUntilTimeout
</UL>
<BR>[Calls]<UL><LI><a href="#[62]">&gt;&gt;</a>&nbsp;&nbsp;&nbsp;UART_WaitOnFlagUntilTimeout
</UL>
<BR>[Called By]<UL><LI><a href="#[38]">&gt;&gt;</a>&nbsp;&nbsp;&nbsp;main
</UL>

<P><STRONG><a name="[6c]"></a>Error_Handler</STRONG> (Thumb, 8 bytes, Stack size 0 bytes, lto-llvm-108fa6.o(.text.Error_Handler))
<BR><BR>[Called By]<UL><LI><a href="#[38]">&gt;&gt;</a>&nbsp;&nbsp;&nbsp;main
</UL>

<P><STRONG><a name="[75]"></a>HAL_Delay</STRONG> (Thumb, 22 bytes, Stack size 0 bytes, lto-llvm-108fa6.o(.text.HAL_Delay))
<BR><BR>[Called By]<UL><LI><a href="#[38]">&gt;&gt;</a>&nbsp;&nbsp;&nbsp;main
</UL>

<P><STRONG><a name="[63]"></a>aiRun</STRONG> (Thumb, 44 bytes, Stack size 8 bytes, lto-llvm-108fa6.o(.text.aiRun))
<BR><BR>[Stack]<UL><LI>Max Depth = 88<LI>Call Chain = aiRun &rArr; ai_platform_network_process &rArr; _platform_network_io_bind &rArr; ai_array_to_buffer_fmt
</UL>
<BR>[Calls]<UL><LI><a href="#[64]">&gt;&gt;</a>&nbsp;&nbsp;&nbsp;ai_platform_network_process
<LI><a href="#[65]">&gt;&gt;</a>&nbsp;&nbsp;&nbsp;ai_platform_network_get_error
</UL>
<BR>[Called By]<UL><LI><a href="#[38]">&gt;&gt;</a>&nbsp;&nbsp;&nbsp;main
</UL>

<P><STRONG><a name="[62]"></a>UART_WaitOnFlagUntilTimeout</STRONG> (Thumb, 162 bytes, Stack size 16 bytes, lto-llvm-108fa6.o(.text.UART_WaitOnFlagUntilTimeout))
<BR><BR>[Stack]<UL><LI>Max Depth = 16<LI>Call Chain = UART_WaitOnFlagUntilTimeout
</UL>
<BR>[Called By]<UL><LI><a href="#[3b]">&gt;&gt;</a>&nbsp;&nbsp;&nbsp;fgetc
<LI><a href="#[3f]">&gt;&gt;</a>&nbsp;&nbsp;&nbsp;fputc
<LI><a href="#[61]">&gt;&gt;</a>&nbsp;&nbsp;&nbsp;OUTLINED_FUNCTION_0
</UL>
<P>
<H3>
Undefined Global Symbols
</H3><HR></body></html>
